<testsuites id="" name="" tests="208" failures="203" skipped="0" errors="0" time="681.16706">
<testsuite name="visual.spec.ts" timestamp="2025-12-27T22:32:02.477Z" hostname="chromium" tests="10" failures="10" skipped="0" time="262.785" errors="0">
<testcase name="Visual Regression Tests › login page visual appearance" classname="visual.spec.ts" time="5.784">
<failure message="visual.spec.ts:12:3 login page visual appearance" type="FAILURE">
<![CDATA[  [chromium] › visual.spec.ts:12:3 › Visual Regression Tests › login page visual appearance ────────

    Error: A snapshot doesn't exist at /home/casio699/projects/kits-Aio/Kitsaiobusinessterminal/tests/e2e/visual.spec.ts-snapshots/login-page-chromium-linux.png, writing actual.

      14 |     
      15 |     // Take screenshot of login page
    > 16 |     await expect(page).toHaveScreenshot('login-page.png');
         |     ^
      17 |   });
      18 |
      19 |   test('dashboard layout visual appearance', async ({ page }) => {
        at /home/casio699/projects/kits-Aio/Kitsaiobusinessterminal/tests/e2e/visual.spec.ts:16:5

    attachment #1: login-page (image/png) ──────────────────────────────────────────────────────────
    Expected: visual.spec.ts-snapshots/login-page-chromium-linux.png
    Received: ../../test-results/visual-Visual-Regression-Tests-login-page-visual-appearance-chromium/login-page-actual.png
    ────────────────────────────────────────────────────────────────────────────────────────────────

    attachment #2: screenshot (image/png) ──────────────────────────────────────────────────────────
    ../../test-results/visual-Visual-Regression-Tests-login-page-visual-appearance-chromium/test-failed-1.png
    ────────────────────────────────────────────────────────────────────────────────────────────────

    attachment #3: video (video/webm) ──────────────────────────────────────────────────────────────
    ../../test-results/visual-Visual-Regression-Tests-login-page-visual-appearance-chromium/video.webm
    ────────────────────────────────────────────────────────────────────────────────────────────────

    Error Context: ../../test-results/visual-Visual-Regression-Tests-login-page-visual-appearance-chromium/error-context.md
]]>
</failure>
<system-out>
<![CDATA[
[[ATTACHMENT|../tests/e2e/visual.spec.ts-snapshots/login-page-chromium-linux.png]]

[[ATTACHMENT|visual-Visual-Regression-Tests-login-page-visual-appearance-chromium/login-page-actual.png]]

[[ATTACHMENT|visual-Visual-Regression-Tests-login-page-visual-appearance-chromium/test-failed-1.png]]

[[ATTACHMENT|visual-Visual-Regression-Tests-login-page-visual-appearance-chromium/video.webm]]

[[ATTACHMENT|visual-Visual-Regression-Tests-login-page-visual-appearance-chromium/error-context.md]]
]]>
</system-out>
</testcase>
<testcase name="Visual Regression Tests › dashboard layout visual appearance" classname="visual.spec.ts" time="31.905">
<failure message="visual.spec.ts:23:3 dashboard layout visual appearance" type="FAILURE">
<![CDATA[  [chromium] › visual.spec.ts:23:3 › Visual Regression Tests › dashboard layout visual appearance ──

    Test timeout of 30000ms exceeded.

    Error: page.waitForURL: Test timeout of 30000ms exceeded.
    =========================== logs ===========================
    waiting for navigation to "/dashboard" until "load"
    ============================================================

      25 |     
      26 |     // Wait for dashboard to load
    > 27 |     await page.waitForURL('/dashboard');
         |                ^
      28 |     await page.waitForLoadState('networkidle');
      29 |     
      30 |     // Take screenshot of dashboard
        at /home/casio699/projects/kits-Aio/Kitsaiobusinessterminal/tests/e2e/visual.spec.ts:27:16

    attachment #1: screenshot (image/png) ──────────────────────────────────────────────────────────
    ../../test-results/visual-Visual-Regression-T-4b2bb-rd-layout-visual-appearance-chromium/test-failed-1.png
    ────────────────────────────────────────────────────────────────────────────────────────────────

    attachment #2: video (video/webm) ──────────────────────────────────────────────────────────────
    ../../test-results/visual-Visual-Regression-T-4b2bb-rd-layout-visual-appearance-chromium/video.webm
    ────────────────────────────────────────────────────────────────────────────────────────────────

    Error Context: ../../test-results/visual-Visual-Regression-T-4b2bb-rd-layout-visual-appearance-chromium/error-context.md
]]>
</failure>
<system-out>
<![CDATA[
[[ATTACHMENT|visual-Visual-Regression-T-4b2bb-rd-layout-visual-appearance-chromium/test-failed-1.png]]

[[ATTACHMENT|visual-Visual-Regression-T-4b2bb-rd-layout-visual-appearance-chromium/video.webm]]

[[ATTACHMENT|visual-Visual-Regression-T-4b2bb-rd-layout-visual-appearance-chromium/error-context.md]]
]]>
</system-out>
</testcase>
<testcase name="Visual Regression Tests › products page visual appearance" classname="visual.spec.ts" time="31.857">
<failure message="visual.spec.ts:39:3 products page visual appearance" type="FAILURE">
<![CDATA[  [chromium] › visual.spec.ts:39:3 › Visual Regression Tests › products page visual appearance ─────

    Test timeout of 30000ms exceeded.

    Error: page.waitForURL: Test timeout of 30000ms exceeded.
    =========================== logs ===========================
    waiting for navigation to "/dashboard" until "load"
    ============================================================

      38 |     await page.fill('input[type="password"]', 'password123');
      39 |     await page.click('button[type="submit"]');
    > 40 |     await page.waitForURL('/dashboard');
         |                ^
      41 |     
      42 |     await page.click('[data-testid="nav-products"]');
      43 |     await page.waitForURL('/products');
        at /home/casio699/projects/kits-Aio/Kitsaiobusinessterminal/tests/e2e/visual.spec.ts:40:16

    attachment #1: screenshot (image/png) ──────────────────────────────────────────────────────────
    ../../test-results/visual-Visual-Regression-T-fda59-ucts-page-visual-appearance-chromium/test-failed-1.png
    ────────────────────────────────────────────────────────────────────────────────────────────────

    attachment #2: video (video/webm) ──────────────────────────────────────────────────────────────
    ../../test-results/visual-Visual-Regression-T-fda59-ucts-page-visual-appearance-chromium/video.webm
    ────────────────────────────────────────────────────────────────────────────────────────────────

    Error Context: ../../test-results/visual-Visual-Regression-T-fda59-ucts-page-visual-appearance-chromium/error-context.md
]]>
</failure>
<system-out>
<![CDATA[
[[ATTACHMENT|visual-Visual-Regression-T-fda59-ucts-page-visual-appearance-chromium/test-failed-1.png]]

[[ATTACHMENT|visual-Visual-Regression-T-fda59-ucts-page-visual-appearance-chromium/video.webm]]

[[ATTACHMENT|visual-Visual-Regression-T-fda59-ucts-page-visual-appearance-chromium/error-context.md]]
]]>
</system-out>
</testcase>
<testcase name="Visual Regression Tests › tenant info component visual appearance" classname="visual.spec.ts" time="31.723">
<failure message="visual.spec.ts:55:3 tenant info component visual appearance" type="FAILURE">
<![CDATA[  [chromium] › visual.spec.ts:55:3 › Visual Regression Tests › tenant info component visual appearance 

    Test timeout of 30000ms exceeded.

    Error: page.waitForURL: Test timeout of 30000ms exceeded.
    =========================== logs ===========================
    waiting for navigation to "/dashboard" until "load"
    ============================================================

      54 |     await page.fill('input[type="password"]', 'password123');
      55 |     await page.click('button[type="submit"]');
    > 56 |     await page.waitForURL('/dashboard');
         |                ^
      57 |     
      58 |     // Wait for tenant info to load
      59 |     await page.waitForSelector('[data-testid="tenant-info"]');
        at /home/casio699/projects/kits-Aio/Kitsaiobusinessterminal/tests/e2e/visual.spec.ts:56:16

    attachment #1: screenshot (image/png) ──────────────────────────────────────────────────────────
    ../../test-results/visual-Visual-Regression-T-d1855-component-visual-appearance-chromium/test-failed-1.png
    ────────────────────────────────────────────────────────────────────────────────────────────────

    attachment #2: video (video/webm) ──────────────────────────────────────────────────────────────
    ../../test-results/visual-Visual-Regression-T-d1855-component-visual-appearance-chromium/video.webm
    ────────────────────────────────────────────────────────────────────────────────────────────────

    Error Context: ../../test-results/visual-Visual-Regression-T-d1855-component-visual-appearance-chromium/error-context.md
]]>
</failure>
<system-out>
<![CDATA[
[[ATTACHMENT|visual-Visual-Regression-T-d1855-component-visual-appearance-chromium/test-failed-1.png]]

[[ATTACHMENT|visual-Visual-Regression-T-d1855-component-visual-appearance-chromium/video.webm]]

[[ATTACHMENT|visual-Visual-Regression-T-d1855-component-visual-appearance-chromium/error-context.md]]
]]>
</system-out>
</testcase>
<testcase name="Visual Regression Tests › navigation sidebar visual appearance" classname="visual.spec.ts" time="31.813">
<failure message="visual.spec.ts:73:3 navigation sidebar visual appearance" type="FAILURE">
<![CDATA[  [chromium] › visual.spec.ts:73:3 › Visual Regression Tests › navigation sidebar visual appearance 

    Test timeout of 30000ms exceeded.

    Error: page.waitForURL: Test timeout of 30000ms exceeded.
    =========================== logs ===========================
    waiting for navigation to "/dashboard" until "load"
    ============================================================

      71 |     await page.fill('input[type="password"]', 'password123');
      72 |     await page.click('button[type="submit"]');
    > 73 |     await page.waitForURL('/dashboard');
         |                ^
      74 |     await page.waitForLoadState('networkidle');
      75 |     
      76 |     // Take screenshot of navigation sidebar
        at /home/casio699/projects/kits-Aio/Kitsaiobusinessterminal/tests/e2e/visual.spec.ts:73:16

    attachment #1: screenshot (image/png) ──────────────────────────────────────────────────────────
    ../../test-results/visual-Visual-Regression-T-58a0c-n-sidebar-visual-appearance-chromium/test-failed-1.png
    ────────────────────────────────────────────────────────────────────────────────────────────────

    attachment #2: video (video/webm) ──────────────────────────────────────────────────────────────
    ../../test-results/visual-Visual-Regression-T-58a0c-n-sidebar-visual-appearance-chromium/video.webm
    ────────────────────────────────────────────────────────────────────────────────────────────────

    Error Context: ../../test-results/visual-Visual-Regression-T-58a0c-n-sidebar-visual-appearance-chromium/error-context.md
]]>
</failure>
<system-out>
<![CDATA[
[[ATTACHMENT|visual-Visual-Regression-T-58a0c-n-sidebar-visual-appearance-chromium/test-failed-1.png]]

[[ATTACHMENT|visual-Visual-Regression-T-58a0c-n-sidebar-visual-appearance-chromium/video.webm]]

[[ATTACHMENT|visual-Visual-Regression-T-58a0c-n-sidebar-visual-appearance-chromium/error-context.md]]
]]>
</system-out>
</testcase>
<testcase name="Visual Regression Tests › forms visual appearance" classname="visual.spec.ts" time="31.757">
<failure message="visual.spec.ts:88:3 forms visual appearance" type="FAILURE">
<![CDATA[  [chromium] › visual.spec.ts:88:3 › Visual Regression Tests › forms visual appearance ─────────────

    Test timeout of 30000ms exceeded.

    Error: page.waitForURL: Test timeout of 30000ms exceeded.
    =========================== logs ===========================
    waiting for navigation to "/dashboard" until "load"
    ============================================================

      85 |     await page.fill('input[type="password"]', 'password123');
      86 |     await page.click('button[type="submit"]');
    > 87 |     await page.waitForURL('/dashboard');
         |                ^
      88 |     
      89 |     await page.click('[data-testid="nav-products"]');
      90 |     await page.waitForURL('/products');
        at /home/casio699/projects/kits-Aio/Kitsaiobusinessterminal/tests/e2e/visual.spec.ts:87:16

    attachment #1: screenshot (image/png) ──────────────────────────────────────────────────────────
    ../../test-results/visual-Visual-Regression-Tests-forms-visual-appearance-chromium/test-failed-1.png
    ────────────────────────────────────────────────────────────────────────────────────────────────

    attachment #2: video (video/webm) ──────────────────────────────────────────────────────────────
    ../../test-results/visual-Visual-Regression-Tests-forms-visual-appearance-chromium/video.webm
    ────────────────────────────────────────────────────────────────────────────────────────────────

    Error Context: ../../test-results/visual-Visual-Regression-Tests-forms-visual-appearance-chromium/error-context.md
]]>
</failure>
<system-out>
<![CDATA[
[[ATTACHMENT|visual-Visual-Regression-Tests-forms-visual-appearance-chromium/test-failed-1.png]]

[[ATTACHMENT|visual-Visual-Regression-Tests-forms-visual-appearance-chromium/video.webm]]

[[ATTACHMENT|visual-Visual-Regression-Tests-forms-visual-appearance-chromium/error-context.md]]
]]>
</system-out>
</testcase>
<testcase name="Visual Regression Tests › error states visual appearance" classname="visual.spec.ts" time="31.732">
<failure message="visual.spec.ts:108:3 error states visual appearance" type="FAILURE">
<![CDATA[  [chromium] › visual.spec.ts:108:3 › Visual Regression Tests › error states visual appearance ─────

    Test timeout of 30000ms exceeded.

    Error: page.waitForSelector: Test timeout of 30000ms exceeded.
    Call log:
      - waiting for locator('[data-testid="error-message"]') to be visible


      108 |     
      109 |     // Wait for error message to appear
    > 110 |     await page.waitForSelector('[data-testid="error-message"]');
          |                ^
      111 |     await page.waitForLoadState('networkidle');
      112 |     
      113 |     // Take screenshot of error state
        at /home/casio699/projects/kits-Aio/Kitsaiobusinessterminal/tests/e2e/visual.spec.ts:110:16

    attachment #1: screenshot (image/png) ──────────────────────────────────────────────────────────
    ../../test-results/visual-Visual-Regression-T-2b356-or-states-visual-appearance-chromium/test-failed-1.png
    ────────────────────────────────────────────────────────────────────────────────────────────────

    attachment #2: video (video/webm) ──────────────────────────────────────────────────────────────
    ../../test-results/visual-Visual-Regression-T-2b356-or-states-visual-appearance-chromium/video.webm
    ────────────────────────────────────────────────────────────────────────────────────────────────

    Error Context: ../../test-results/visual-Visual-Regression-T-2b356-or-states-visual-appearance-chromium/error-context.md
]]>
</failure>
<system-out>
<![CDATA[
[[ATTACHMENT|visual-Visual-Regression-T-2b356-or-states-visual-appearance-chromium/test-failed-1.png]]

[[ATTACHMENT|visual-Visual-Regression-T-2b356-or-states-visual-appearance-chromium/video.webm]]

[[ATTACHMENT|visual-Visual-Regression-T-2b356-or-states-visual-appearance-chromium/error-context.md]]
]]>
</system-out>
</testcase>
<testcase name="Visual Regression Tests › loading states visual appearance" classname="visual.spec.ts" time="31.677">
<failure message="visual.spec.ts:125:3 loading states visual appearance" type="FAILURE">
<![CDATA[  [chromium] › visual.spec.ts:125:3 › Visual Regression Tests › loading states visual appearance ───

    Test timeout of 30000ms exceeded.

    Error: page.waitForSelector: Test timeout of 30000ms exceeded.
    Call log:
      - waiting for locator('[data-testid="loading-indicator"]') to be visible


      134 |     
      135 |     // Wait for loading indicator
    > 136 |     await page.waitForSelector('[data-testid="loading-indicator"]');
          |                ^
      137 |     
      138 |     // Take screenshot of loading state
      139 |     await expect(page).toHaveScreenshot('loading-state.png');
        at /home/casio699/projects/kits-Aio/Kitsaiobusinessterminal/tests/e2e/visual.spec.ts:136:16

    attachment #1: screenshot (image/png) ──────────────────────────────────────────────────────────
    ../../test-results/visual-Visual-Regression-T-e011f-ng-states-visual-appearance-chromium/test-failed-1.png
    ────────────────────────────────────────────────────────────────────────────────────────────────

    attachment #2: video (video/webm) ──────────────────────────────────────────────────────────────
    ../../test-results/visual-Visual-Regression-T-e011f-ng-states-visual-appearance-chromium/video.webm
    ────────────────────────────────────────────────────────────────────────────────────────────────

    Error Context: ../../test-results/visual-Visual-Regression-T-e011f-ng-states-visual-appearance-chromium/error-context.md
]]>
</failure>
<system-out>
<![CDATA[
[[ATTACHMENT|visual-Visual-Regression-T-e011f-ng-states-visual-appearance-chromium/test-failed-1.png]]

[[ATTACHMENT|visual-Visual-Regression-T-e011f-ng-states-visual-appearance-chromium/video.webm]]

[[ATTACHMENT|visual-Visual-Regression-T-e011f-ng-states-visual-appearance-chromium/error-context.md]]
]]>
</system-out>
</testcase>
<testcase name="Visual Regression Tests › responsive design - mobile" classname="visual.spec.ts" time="3.688">
<failure message="visual.spec.ts:152:3 responsive design - mobile" type="FAILURE">
<![CDATA[  [chromium] › visual.spec.ts:152:3 › Visual Regression Tests › responsive design - mobile ─────────

    Error: A snapshot doesn't exist at /home/casio699/projects/kits-Aio/Kitsaiobusinessterminal/tests/e2e/visual.spec.ts-snapshots/mobile-login-chromium-linux.png, writing actual.

      148 |     
      149 |     // Take screenshot of mobile login
    > 150 |     await expect(page).toHaveScreenshot('mobile-login.png');
          |     ^
      151 |   });
      152 |
      153 |   test('responsive design - tablet', async ({ page }) => {
        at /home/casio699/projects/kits-Aio/Kitsaiobusinessterminal/tests/e2e/visual.spec.ts:150:5

    attachment #1: mobile-login (image/png) ────────────────────────────────────────────────────────
    Expected: visual.spec.ts-snapshots/mobile-login-chromium-linux.png
    Received: ../../test-results/visual-Visual-Regression-Tests-responsive-design---mobile-chromium/mobile-login-actual.png
    ────────────────────────────────────────────────────────────────────────────────────────────────

    attachment #2: screenshot (image/png) ──────────────────────────────────────────────────────────
    ../../test-results/visual-Visual-Regression-Tests-responsive-design---mobile-chromium/test-failed-1.png
    ────────────────────────────────────────────────────────────────────────────────────────────────

    attachment #3: video (video/webm) ──────────────────────────────────────────────────────────────
    ../../test-results/visual-Visual-Regression-Tests-responsive-design---mobile-chromium/video.webm
    ────────────────────────────────────────────────────────────────────────────────────────────────

    Error Context: ../../test-results/visual-Visual-Regression-Tests-responsive-design---mobile-chromium/error-context.md
]]>
</failure>
<system-out>
<![CDATA[
[[ATTACHMENT|../tests/e2e/visual.spec.ts-snapshots/mobile-login-chromium-linux.png]]

[[ATTACHMENT|visual-Visual-Regression-Tests-responsive-design---mobile-chromium/mobile-login-actual.png]]

[[ATTACHMENT|visual-Visual-Regression-Tests-responsive-design---mobile-chromium/test-failed-1.png]]

[[ATTACHMENT|visual-Visual-Regression-Tests-responsive-design---mobile-chromium/video.webm]]

[[ATTACHMENT|visual-Visual-Regression-Tests-responsive-design---mobile-chromium/error-context.md]]
]]>
</system-out>
</testcase>
<testcase name="Visual Regression Tests › responsive design - tablet" classname="visual.spec.ts" time="30.849">
<failure message="visual.spec.ts:166:3 responsive design - tablet" type="FAILURE">
<![CDATA[  [chromium] › visual.spec.ts:166:3 › Visual Regression Tests › responsive design - tablet ─────────

    Test timeout of 30000ms exceeded.

    Error: page.waitForURL: Test timeout of 30000ms exceeded.
    =========================== logs ===========================
    waiting for navigation to "/dashboard" until "load"
    ============================================================

      160 |     await page.fill('input[type="password"]', 'password123');
      161 |     await page.click('button[type="submit"]');
    > 162 |     await page.waitForURL('/dashboard');
          |                ^
      163 |     await page.waitForLoadState('networkidle');
      164 |     
      165 |     // Take screenshot of tablet dashboard
        at /home/casio699/projects/kits-Aio/Kitsaiobusinessterminal/tests/e2e/visual.spec.ts:162:16

    attachment #1: screenshot (image/png) ──────────────────────────────────────────────────────────
    ../../test-results/visual-Visual-Regression-Tests-responsive-design---tablet-chromium/test-failed-1.png
    ────────────────────────────────────────────────────────────────────────────────────────────────

    attachment #2: video (video/webm) ──────────────────────────────────────────────────────────────
    ../../test-results/visual-Visual-Regression-Tests-responsive-design---tablet-chromium/video.webm
    ────────────────────────────────────────────────────────────────────────────────────────────────

    Error Context: ../../test-results/visual-Visual-Regression-Tests-responsive-design---tablet-chromium/error-context.md
]]>
</failure>
<system-out>
<![CDATA[
[[ATTACHMENT|visual-Visual-Regression-Tests-responsive-design---tablet-chromium/test-failed-1.png]]

[[ATTACHMENT|visual-Visual-Regression-Tests-responsive-design---tablet-chromium/video.webm]]

[[ATTACHMENT|visual-Visual-Regression-Tests-responsive-design---tablet-chromium/error-context.md]]
]]>
</system-out>
</testcase>
</testsuite>
<testsuite name="accessibility.spec.ts" timestamp="2025-12-27T22:32:02.477Z" hostname="firefox" tests="10" failures="10" skipped="0" time="212.306" errors="0">
<testcase name="Accessibility Visual Tests › high contrast mode visual appearance" classname="accessibility.spec.ts" time="5.412">
<failure message="accessibility.spec.ts:12:3 high contrast mode visual appearance" type="FAILURE">
<![CDATA[  [firefox] › accessibility.spec.ts:12:3 › Accessibility Visual Tests › high contrast mode visual appearance 

    Error: A snapshot doesn't exist at /home/casio699/projects/kits-Aio/Kitsaiobusinessterminal/tests/e2e/accessibility.spec.ts-snapshots/high-contrast-login-firefox-linux.png, writing actual.

      15 |     
      16 |     // Take screenshot in high contrast mode
    > 17 |     await expect(page).toHaveScreenshot('high-contrast-login.png');
         |     ^
      18 |   });
      19 |
      20 |   test('reduced motion visual appearance', async ({ page }) => {
        at /home/casio699/projects/kits-Aio/Kitsaiobusinessterminal/tests/e2e/accessibility.spec.ts:17:5

    attachment #1: high-contrast-login (image/png) ─────────────────────────────────────────────────
    Expected: accessibility.spec.ts-snapshots/high-contrast-login-firefox-linux.png
    Received: ../../test-results/accessibility-Accessibilit-6e559-rast-mode-visual-appearance-firefox/high-contrast-login-actual.png
    ────────────────────────────────────────────────────────────────────────────────────────────────

    attachment #2: screenshot (image/png) ──────────────────────────────────────────────────────────
    ../../test-results/accessibility-Accessibilit-6e559-rast-mode-visual-appearance-firefox/test-failed-1.png
    ────────────────────────────────────────────────────────────────────────────────────────────────

    attachment #3: video (video/webm) ──────────────────────────────────────────────────────────────
    ../../test-results/accessibility-Accessibilit-6e559-rast-mode-visual-appearance-firefox/video.webm
    ────────────────────────────────────────────────────────────────────────────────────────────────

    Error Context: ../../test-results/accessibility-Accessibilit-6e559-rast-mode-visual-appearance-firefox/error-context.md
]]>
</failure>
<system-out>
<![CDATA[
[[ATTACHMENT|../tests/e2e/accessibility.spec.ts-snapshots/high-contrast-login-firefox-linux.png]]

[[ATTACHMENT|accessibility-Accessibilit-6e559-rast-mode-visual-appearance-firefox/high-contrast-login-actual.png]]

[[ATTACHMENT|accessibility-Accessibilit-6e559-rast-mode-visual-appearance-firefox/test-failed-1.png]]

[[ATTACHMENT|accessibility-Accessibilit-6e559-rast-mode-visual-appearance-firefox/video.webm]]

[[ATTACHMENT|accessibility-Accessibilit-6e559-rast-mode-visual-appearance-firefox/error-context.md]]
]]>
</system-out>
</testcase>
<testcase name="Accessibility Visual Tests › reduced motion visual appearance" classname="accessibility.spec.ts" time="31.078">
<failure message="accessibility.spec.ts:26:3 reduced motion visual appearance" type="FAILURE">
<![CDATA[  [firefox] › accessibility.spec.ts:26:3 › Accessibility Visual Tests › reduced motion visual appearance 

    Test timeout of 30000ms exceeded.

    Error: page.waitForURL: Test timeout of 30000ms exceeded.
    =========================== logs ===========================
    waiting for navigation to "/dashboard" until "load"
    ============================================================

      27 |     await page.fill('input[type="password"]', 'password123');
      28 |     await page.click('button[type="submit"]');
    > 29 |     await page.waitForURL('/dashboard');
         |                ^
      30 |     await page.waitForLoadState('networkidle');
      31 |     
      32 |     // Take screenshot with reduced motion
        at /home/casio699/projects/kits-Aio/Kitsaiobusinessterminal/tests/e2e/accessibility.spec.ts:29:16

    attachment #1: screenshot (image/png) ──────────────────────────────────────────────────────────
    ../../test-results/accessibility-Accessibilit-b626d-ed-motion-visual-appearance-firefox/test-failed-1.png
    ────────────────────────────────────────────────────────────────────────────────────────────────

    attachment #2: video (video/webm) ──────────────────────────────────────────────────────────────
    ../../test-results/accessibility-Accessibilit-b626d-ed-motion-visual-appearance-firefox/video.webm
    ────────────────────────────────────────────────────────────────────────────────────────────────

    Error Context: ../../test-results/accessibility-Accessibilit-b626d-ed-motion-visual-appearance-firefox/error-context.md
]]>
</failure>
<system-out>
<![CDATA[
[[ATTACHMENT|accessibility-Accessibilit-b626d-ed-motion-visual-appearance-firefox/test-failed-1.png]]

[[ATTACHMENT|accessibility-Accessibilit-b626d-ed-motion-visual-appearance-firefox/video.webm]]

[[ATTACHMENT|accessibility-Accessibilit-b626d-ed-motion-visual-appearance-firefox/error-context.md]]
]]>
</system-out>
</testcase>
<testcase name="Accessibility Visual Tests › keyboard navigation focus states" classname="accessibility.spec.ts" time="8.496">
<failure message="accessibility.spec.ts:45:3 keyboard navigation focus states" type="FAILURE">
<![CDATA[  [firefox] › accessibility.spec.ts:45:3 › Accessibility Visual Tests › keyboard navigation focus states 

    Error: A snapshot doesn't exist at /home/casio699/projects/kits-Aio/Kitsaiobusinessterminal/tests/e2e/accessibility.spec.ts-snapshots/focus-email-input-firefox-linux.png, writing actual.

      40 |     await page.keyboard.press('Tab');
      41 |     await page.waitForTimeout(100);
    > 42 |     await expect(page).toHaveScreenshot('focus-email-input.png');
         |     ^
      43 |     
      44 |     await page.keyboard.press('Tab');
      45 |     await page.waitForTimeout(100);
        at /home/casio699/projects/kits-Aio/Kitsaiobusinessterminal/tests/e2e/accessibility.spec.ts:42:5

    Error: A snapshot doesn't exist at /home/casio699/projects/kits-Aio/Kitsaiobusinessterminal/tests/e2e/accessibility.spec.ts-snapshots/focus-password-input-firefox-linux.png, writing actual.

      44 |     await page.keyboard.press('Tab');
      45 |     await page.waitForTimeout(100);
    > 46 |     await expect(page).toHaveScreenshot('focus-password-input.png');
         |     ^
      47 |     
      48 |     await page.keyboard.press('Tab');
      49 |     await page.waitForTimeout(100);
        at /home/casio699/projects/kits-Aio/Kitsaiobusinessterminal/tests/e2e/accessibility.spec.ts:46:5

    Error: A snapshot doesn't exist at /home/casio699/projects/kits-Aio/Kitsaiobusinessterminal/tests/e2e/accessibility.spec.ts-snapshots/focus-submit-button-firefox-linux.png, writing actual.

      48 |     await page.keyboard.press('Tab');
      49 |     await page.waitForTimeout(100);
    > 50 |     await expect(page).toHaveScreenshot('focus-submit-button.png');
         |     ^
      51 |   });
      52 |
      53 |   test('screen reader friendly structure', async ({ page }) => {
        at /home/casio699/projects/kits-Aio/Kitsaiobusinessterminal/tests/e2e/accessibility.spec.ts:50:5

    attachment #1: focus-email-input (image/png) ───────────────────────────────────────────────────
    Expected: accessibility.spec.ts-snapshots/focus-email-input-firefox-linux.png
    Received: ../../test-results/accessibility-Accessibilit-9a7b5-ard-navigation-focus-states-firefox/focus-email-input-actual.png
    ────────────────────────────────────────────────────────────────────────────────────────────────

    attachment #2: focus-password-input (image/png) ────────────────────────────────────────────────
    Expected: accessibility.spec.ts-snapshots/focus-password-input-firefox-linux.png
    Received: ../../test-results/accessibility-Accessibilit-9a7b5-ard-navigation-focus-states-firefox/focus-password-input-actual.png
    ────────────────────────────────────────────────────────────────────────────────────────────────

    attachment #3: focus-submit-button (image/png) ─────────────────────────────────────────────────
    Expected: accessibility.spec.ts-snapshots/focus-submit-button-firefox-linux.png
    Received: ../../test-results/accessibility-Accessibilit-9a7b5-ard-navigation-focus-states-firefox/focus-submit-button-actual.png
    ────────────────────────────────────────────────────────────────────────────────────────────────

    attachment #4: screenshot (image/png) ──────────────────────────────────────────────────────────
    ../../test-results/accessibility-Accessibilit-9a7b5-ard-navigation-focus-states-firefox/test-failed-1.png
    ────────────────────────────────────────────────────────────────────────────────────────────────

    attachment #5: video (video/webm) ──────────────────────────────────────────────────────────────
    ../../test-results/accessibility-Accessibilit-9a7b5-ard-navigation-focus-states-firefox/video.webm
    ────────────────────────────────────────────────────────────────────────────────────────────────

    Error Context: ../../test-results/accessibility-Accessibilit-9a7b5-ard-navigation-focus-states-firefox/error-context.md
]]>
</failure>
<system-out>
<![CDATA[
[[ATTACHMENT|../tests/e2e/accessibility.spec.ts-snapshots/focus-email-input-firefox-linux.png]]

[[ATTACHMENT|accessibility-Accessibilit-9a7b5-ard-navigation-focus-states-firefox/focus-email-input-actual.png]]

[[ATTACHMENT|../tests/e2e/accessibility.spec.ts-snapshots/focus-password-input-firefox-linux.png]]

[[ATTACHMENT|accessibility-Accessibilit-9a7b5-ard-navigation-focus-states-firefox/focus-password-input-actual.png]]

[[ATTACHMENT|../tests/e2e/accessibility.spec.ts-snapshots/focus-submit-button-firefox-linux.png]]

[[ATTACHMENT|accessibility-Accessibilit-9a7b5-ard-navigation-focus-states-firefox/focus-submit-button-actual.png]]

[[ATTACHMENT|accessibility-Accessibilit-9a7b5-ard-navigation-focus-states-firefox/test-failed-1.png]]

[[ATTACHMENT|accessibility-Accessibilit-9a7b5-ard-navigation-focus-states-firefox/video.webm]]

[[ATTACHMENT|accessibility-Accessibilit-9a7b5-ard-navigation-focus-states-firefox/error-context.md]]
]]>
</system-out>
</testcase>
<testcase name="Accessibility Visual Tests › screen reader friendly structure" classname="accessibility.spec.ts" time="30.996">
<failure message="accessibility.spec.ts:61:3 screen reader friendly structure" type="FAILURE">
<![CDATA[  [firefox] › accessibility.spec.ts:61:3 › Accessibility Visual Tests › screen reader friendly structure 

    Test timeout of 30000ms exceeded.

    Error: page.waitForURL: Test timeout of 30000ms exceeded.
    =========================== logs ===========================
    waiting for navigation to "/dashboard" until "load"
    ============================================================

      57 |     await page.fill('input[type="password"]', 'password123');
      58 |     await page.click('button[type="submit"]');
    > 59 |     await page.waitForURL('/dashboard');
         |                ^
      60 |     await page.waitForLoadState('networkidle');
      61 |     
      62 |     // Check semantic structure
        at /home/casio699/projects/kits-Aio/Kitsaiobusinessterminal/tests/e2e/accessibility.spec.ts:59:16

    attachment #1: screenshot (image/png) ──────────────────────────────────────────────────────────
    ../../test-results/accessibility-Accessibilit-2d679-n-reader-friendly-structure-firefox/test-failed-1.png
    ────────────────────────────────────────────────────────────────────────────────────────────────

    attachment #2: video (video/webm) ──────────────────────────────────────────────────────────────
    ../../test-results/accessibility-Accessibilit-2d679-n-reader-friendly-structure-firefox/video.webm
    ────────────────────────────────────────────────────────────────────────────────────────────────

    Error Context: ../../test-results/accessibility-Accessibilit-2d679-n-reader-friendly-structure-firefox/error-context.md
]]>
</failure>
<system-out>
<![CDATA[
[[ATTACHMENT|accessibility-Accessibilit-2d679-n-reader-friendly-structure-firefox/test-failed-1.png]]

[[ATTACHMENT|accessibility-Accessibilit-2d679-n-reader-friendly-structure-firefox/video.webm]]

[[ATTACHMENT|accessibility-Accessibilit-2d679-n-reader-friendly-structure-firefox/error-context.md]]
]]>
</system-out>
</testcase>
<testcase name="Accessibility Visual Tests › color contrast compliance" classname="accessibility.spec.ts" time="6.268">
<failure message="accessibility.spec.ts:79:3 color contrast compliance" type="FAILURE">
<![CDATA[  [firefox] › accessibility.spec.ts:79:3 › Accessibility Visual Tests › color contrast compliance ──

    Error: A snapshot doesn't exist at /home/casio699/projects/kits-Aio/Kitsaiobusinessterminal/tests/e2e/accessibility.spec.ts-snapshots/color-contrast-login-firefox-linux.png, writing actual.

      73 |     
      74 |     // Take screenshot for color contrast analysis
    > 75 |     await expect(page).toHaveScreenshot('color-contrast-login.png');
         |     ^
      76 |     
      77 |     // Check for proper contrast ratios (would need additional tools for automated testing)
      78 |     const textElements = page.locator('button, input, label, a, h1, h2, h3, p, span');
        at /home/casio699/projects/kits-Aio/Kitsaiobusinessterminal/tests/e2e/accessibility.spec.ts:75:5

    attachment #1: color-contrast-login (image/png) ────────────────────────────────────────────────
    Expected: accessibility.spec.ts-snapshots/color-contrast-login-firefox-linux.png
    Received: ../../test-results/accessibility-Accessibilit-76076-s-color-contrast-compliance-firefox/color-contrast-login-actual.png
    ────────────────────────────────────────────────────────────────────────────────────────────────

    attachment #2: screenshot (image/png) ──────────────────────────────────────────────────────────
    ../../test-results/accessibility-Accessibilit-76076-s-color-contrast-compliance-firefox/test-failed-1.png
    ────────────────────────────────────────────────────────────────────────────────────────────────

    attachment #3: video (video/webm) ──────────────────────────────────────────────────────────────
    ../../test-results/accessibility-Accessibilit-76076-s-color-contrast-compliance-firefox/video.webm
    ────────────────────────────────────────────────────────────────────────────────────────────────

    Error Context: ../../test-results/accessibility-Accessibilit-76076-s-color-contrast-compliance-firefox/error-context.md
]]>
</failure>
<system-out>
<![CDATA[
[[ATTACHMENT|../tests/e2e/accessibility.spec.ts-snapshots/color-contrast-login-firefox-linux.png]]

[[ATTACHMENT|accessibility-Accessibilit-76076-s-color-contrast-compliance-firefox/color-contrast-login-actual.png]]

[[ATTACHMENT|accessibility-Accessibilit-76076-s-color-contrast-compliance-firefox/test-failed-1.png]]

[[ATTACHMENT|accessibility-Accessibilit-76076-s-color-contrast-compliance-firefox/video.webm]]

[[ATTACHMENT|accessibility-Accessibilit-76076-s-color-contrast-compliance-firefox/error-context.md]]
]]>
</system-out>
</testcase>
<testcase name="Accessibility Visual Tests › accessible form labels" classname="accessibility.spec.ts" time="5.86">
<failure message="accessibility.spec.ts:93:3 accessible form labels" type="FAILURE">
<![CDATA[  [firefox] › accessibility.spec.ts:93:3 › Accessibility Visual Tests › accessible form labels ─────

    Error: expect(received).toBe(expected) // Object.is equality

    Expected: 1
    Received: 0

      93 |       const id = await input.getAttribute('id');
      94 |       const label = page.locator(`label[for="${id}"]`);
    > 95 |       expect(await label.count()).toBe(1);
         |                                   ^
      96 |     }
      97 |     
      98 |     // Take screenshot of accessible form
        at /home/casio699/projects/kits-Aio/Kitsaiobusinessterminal/tests/e2e/accessibility.spec.ts:95:35

    attachment #1: screenshot (image/png) ──────────────────────────────────────────────────────────
    ../../test-results/accessibility-Accessibilit-0ba92-ests-accessible-form-labels-firefox/test-failed-1.png
    ────────────────────────────────────────────────────────────────────────────────────────────────

    attachment #2: video (video/webm) ──────────────────────────────────────────────────────────────
    ../../test-results/accessibility-Accessibilit-0ba92-ests-accessible-form-labels-firefox/video.webm
    ────────────────────────────────────────────────────────────────────────────────────────────────

    Error Context: ../../test-results/accessibility-Accessibilit-0ba92-ests-accessible-form-labels-firefox/error-context.md
]]>
</failure>
<system-out>
<![CDATA[
[[ATTACHMENT|accessibility-Accessibilit-0ba92-ests-accessible-form-labels-firefox/test-failed-1.png]]

[[ATTACHMENT|accessibility-Accessibilit-0ba92-ests-accessible-form-labels-firefox/video.webm]]

[[ATTACHMENT|accessibility-Accessibilit-0ba92-ests-accessible-form-labels-firefox/error-context.md]]
]]>
</system-out>
</testcase>
<testcase name="Accessibility Visual Tests › ARIA landmarks and roles" classname="accessibility.spec.ts" time="31.004">
<failure message="accessibility.spec.ts:112:3 ARIA landmarks and roles" type="FAILURE">
<![CDATA[  [firefox] › accessibility.spec.ts:112:3 › Accessibility Visual Tests › ARIA landmarks and roles ──

    Test timeout of 30000ms exceeded.

    Error: page.waitForURL: Test timeout of 30000ms exceeded.
    =========================== logs ===========================
    waiting for navigation to "/dashboard" until "load"
    ============================================================

      106 |     await page.fill('input[type="password"]', 'password123');
      107 |     await page.click('button[type="submit"]');
    > 108 |     await page.waitForURL('/dashboard');
          |                ^
      109 |     await page.waitForLoadState('networkidle');
      110 |     
      111 |     // Check for ARIA landmarks
        at /home/casio699/projects/kits-Aio/Kitsaiobusinessterminal/tests/e2e/accessibility.spec.ts:108:16

    attachment #1: screenshot (image/png) ──────────────────────────────────────────────────────────
    ../../test-results/accessibility-Accessibilit-00060-ts-ARIA-landmarks-and-roles-firefox/test-failed-1.png
    ────────────────────────────────────────────────────────────────────────────────────────────────

    attachment #2: video (video/webm) ──────────────────────────────────────────────────────────────
    ../../test-results/accessibility-Accessibilit-00060-ts-ARIA-landmarks-and-roles-firefox/video.webm
    ────────────────────────────────────────────────────────────────────────────────────────────────

    Error Context: ../../test-results/accessibility-Accessibilit-00060-ts-ARIA-landmarks-and-roles-firefox/error-context.md
]]>
</failure>
<system-out>
<![CDATA[
[[ATTACHMENT|accessibility-Accessibilit-00060-ts-ARIA-landmarks-and-roles-firefox/test-failed-1.png]]

[[ATTACHMENT|accessibility-Accessibilit-00060-ts-ARIA-landmarks-and-roles-firefox/video.webm]]

[[ATTACHMENT|accessibility-Accessibilit-00060-ts-ARIA-landmarks-and-roles-firefox/error-context.md]]
]]>
</system-out>
</testcase>
<testcase name="Accessibility Visual Tests › accessible navigation" classname="accessibility.spec.ts" time="31.131">
<failure message="accessibility.spec.ts:132:3 accessible navigation" type="FAILURE">
<![CDATA[  [firefox] › accessibility.spec.ts:132:3 › Accessibility Visual Tests › accessible navigation ─────

    Test timeout of 30000ms exceeded.

    Error: page.waitForURL: Test timeout of 30000ms exceeded.
    =========================== logs ===========================
    waiting for navigation to "/dashboard" until "load"
    ============================================================

      126 |     await page.fill('input[type="password"]', 'password123');
      127 |     await page.click('button[type="submit"]');
    > 128 |     await page.waitForURL('/dashboard');
          |                ^
      129 |     await page.waitForLoadState('networkidle');
      130 |     
      131 |     // Check for skip links
        at /home/casio699/projects/kits-Aio/Kitsaiobusinessterminal/tests/e2e/accessibility.spec.ts:128:16

    attachment #1: screenshot (image/png) ──────────────────────────────────────────────────────────
    ../../test-results/accessibility-Accessibilit-d782d-Tests-accessible-navigation-firefox/test-failed-1.png
    ────────────────────────────────────────────────────────────────────────────────────────────────

    attachment #2: video (video/webm) ──────────────────────────────────────────────────────────────
    ../../test-results/accessibility-Accessibilit-d782d-Tests-accessible-navigation-firefox/video.webm
    ────────────────────────────────────────────────────────────────────────────────────────────────

    Error Context: ../../test-results/accessibility-Accessibilit-d782d-Tests-accessible-navigation-firefox/error-context.md
]]>
</failure>
<system-out>
<![CDATA[
[[ATTACHMENT|accessibility-Accessibilit-d782d-Tests-accessible-navigation-firefox/test-failed-1.png]]

[[ATTACHMENT|accessibility-Accessibilit-d782d-Tests-accessible-navigation-firefox/video.webm]]

[[ATTACHMENT|accessibility-Accessibilit-d782d-Tests-accessible-navigation-firefox/error-context.md]]
]]>
</system-out>
</testcase>
<testcase name="Accessibility Visual Tests › accessible data tables" classname="accessibility.spec.ts" time="30.937">
<failure message="accessibility.spec.ts:150:3 accessible data tables" type="FAILURE">
<![CDATA[  [firefox] › accessibility.spec.ts:150:3 › Accessibility Visual Tests › accessible data tables ────

    Test timeout of 30000ms exceeded.

    Error: page.waitForURL: Test timeout of 30000ms exceeded.
    =========================== logs ===========================
    waiting for navigation to "/dashboard" until "load"
    ============================================================

      143 |     await page.fill('input[type="password"]', 'password123');
      144 |     await page.click('button[type="submit"]');
    > 145 |     await page.waitForURL('/dashboard');
          |                ^
      146 |     
      147 |     await page.click('[data-testid="nav-products"]');
      148 |     await page.waitForURL('/products');
        at /home/casio699/projects/kits-Aio/Kitsaiobusinessterminal/tests/e2e/accessibility.spec.ts:145:16

    attachment #1: screenshot (image/png) ──────────────────────────────────────────────────────────
    ../../test-results/accessibility-Accessibilit-d6a05-ests-accessible-data-tables-firefox/test-failed-1.png
    ────────────────────────────────────────────────────────────────────────────────────────────────

    attachment #2: video (video/webm) ──────────────────────────────────────────────────────────────
    ../../test-results/accessibility-Accessibilit-d6a05-ests-accessible-data-tables-firefox/video.webm
    ────────────────────────────────────────────────────────────────────────────────────────────────

    Error Context: ../../test-results/accessibility-Accessibilit-d6a05-ests-accessible-data-tables-firefox/error-context.md
]]>
</failure>
<system-out>
<![CDATA[
[[ATTACHMENT|accessibility-Accessibilit-d6a05-ests-accessible-data-tables-firefox/test-failed-1.png]]

[[ATTACHMENT|accessibility-Accessibilit-d6a05-ests-accessible-data-tables-firefox/video.webm]]

[[ATTACHMENT|accessibility-Accessibilit-d6a05-ests-accessible-data-tables-firefox/error-context.md]]
]]>
</system-out>
</testcase>
<testcase name="Accessibility Visual Tests › accessible error messages" classname="accessibility.spec.ts" time="31.124">
<failure message="accessibility.spec.ts:178:3 accessible error messages" type="FAILURE">
<![CDATA[  [firefox] › accessibility.spec.ts:178:3 › Accessibility Visual Tests › accessible error messages ─

    Test timeout of 30000ms exceeded.

    Error: page.waitForSelector: Test timeout of 30000ms exceeded.
    Call log:
      - waiting for locator('[data-testid="error-message"]') to be visible


      174 |     
      175 |     // Wait for error message
    > 176 |     await page.waitForSelector('[data-testid="error-message"]');
          |                ^
      177 |     
      178 |     // Check error message is accessible
      179 |     const errorMessage = page.locator('[data-testid="error-message"]');
        at /home/casio699/projects/kits-Aio/Kitsaiobusinessterminal/tests/e2e/accessibility.spec.ts:176:16

    attachment #1: screenshot (image/png) ──────────────────────────────────────────────────────────
    ../../test-results/accessibility-Accessibilit-e890a-s-accessible-error-messages-firefox/test-failed-1.png
    ────────────────────────────────────────────────────────────────────────────────────────────────

    attachment #2: video (video/webm) ──────────────────────────────────────────────────────────────
    ../../test-results/accessibility-Accessibilit-e890a-s-accessible-error-messages-firefox/video.webm
    ────────────────────────────────────────────────────────────────────────────────────────────────

    Error Context: ../../test-results/accessibility-Accessibilit-e890a-s-accessible-error-messages-firefox/error-context.md
]]>
</failure>
<system-out>
<![CDATA[
[[ATTACHMENT|accessibility-Accessibilit-e890a-s-accessible-error-messages-firefox/test-failed-1.png]]

[[ATTACHMENT|accessibility-Accessibilit-e890a-s-accessible-error-messages-firefox/video.webm]]

[[ATTACHMENT|accessibility-Accessibilit-e890a-s-accessible-error-messages-firefox/error-context.md]]
]]>
</system-out>
</testcase>
</testsuite>
<testsuite name="auth.spec.ts" timestamp="2025-12-27T22:32:02.477Z" hostname="firefox" tests="13" failures="11" skipped="0" time="192.846" errors="0">
<testcase name="Authentication Flow › should show login page when not authenticated" classname="auth.spec.ts" time="10.133">
<failure message="auth.spec.ts:3:3 should show login page when not authenticated" type="FAILURE">
<![CDATA[  [firefox] › auth.spec.ts:3:3 › Authentication Flow › should show login page when not authenticated 

    Error: expect(locator).toContainText(expected) failed

    Locator: locator('h1')
    Expected pattern: /login|sign in/i
    Received string:  "Kits - Khoder's IT Solutions"
    Timeout: 5000ms

    Call log:
      - Expect "toContainText" with timeout 5000ms
      - waiting for locator('h1')
        6 × locator resolved to <h1 class="mt-2 text-2xl font-semibold text-slate-900 sm:text-3xl">Kits - Khoder's IT Solutions</h1>
          - unexpected value "Kits - Khoder's IT Solutions"


       6 |     
       7 |     // Should redirect to login or show login form
    >  8 |     await expect(page.locator('h1')).toContainText(/login|sign in/i);
         |                                      ^
       9 |   });
      10 |
      11 |   test('should handle login with valid credentials', async ({ page }) => {
        at /home/casio699/projects/kits-Aio/Kitsaiobusinessterminal/tests/e2e/auth.spec.ts:8:38

    attachment #1: screenshot (image/png) ──────────────────────────────────────────────────────────
    ../../test-results/auth-Authentication-Flow-s-92172-page-when-not-authenticated-firefox/test-failed-1.png
    ────────────────────────────────────────────────────────────────────────────────────────────────

    attachment #2: video (video/webm) ──────────────────────────────────────────────────────────────
    ../../test-results/auth-Authentication-Flow-s-92172-page-when-not-authenticated-firefox/video.webm
    ────────────────────────────────────────────────────────────────────────────────────────────────

    Error Context: ../../test-results/auth-Authentication-Flow-s-92172-page-when-not-authenticated-firefox/error-context.md
]]>
</failure>
<system-out>
<![CDATA[
[[ATTACHMENT|auth-Authentication-Flow-s-92172-page-when-not-authenticated-firefox/test-failed-1.png]]

[[ATTACHMENT|auth-Authentication-Flow-s-92172-page-when-not-authenticated-firefox/video.webm]]

[[ATTACHMENT|auth-Authentication-Flow-s-92172-page-when-not-authenticated-firefox/error-context.md]]
]]>
</system-out>
</testcase>
<testcase name="Authentication Flow › should handle login with valid credentials" classname="auth.spec.ts" time="11.739">
<failure message="auth.spec.ts:11:3 should handle login with valid credentials" type="FAILURE">
<![CDATA[  [firefox] › auth.spec.ts:11:3 › Authentication Flow › should handle login with valid credentials ─

    Error: expect(page).toHaveURL(expected) failed

    Expected: "http://localhost:3000/dashboard"
    Received: "http://localhost:3000/login"
    Timeout:  5000ms

    Call log:
      - Expect "toHaveURL" with timeout 5000ms
        9 × unexpected value "http://localhost:3000/login"


      20 |     
      21 |     // Should redirect to dashboard
    > 22 |     await expect(page).toHaveURL('/dashboard');
         |                        ^
      23 |     await expect(page.locator('h1')).toContainText(/dashboard|overview/i);
      24 |   });
      25 |
        at /home/casio699/projects/kits-Aio/Kitsaiobusinessterminal/tests/e2e/auth.spec.ts:22:24

    attachment #1: screenshot (image/png) ──────────────────────────────────────────────────────────
    ../../test-results/auth-Authentication-Flow-s-5a13b-ogin-with-valid-credentials-firefox/test-failed-1.png
    ────────────────────────────────────────────────────────────────────────────────────────────────

    attachment #2: video (video/webm) ──────────────────────────────────────────────────────────────
    ../../test-results/auth-Authentication-Flow-s-5a13b-ogin-with-valid-credentials-firefox/video.webm
    ────────────────────────────────────────────────────────────────────────────────────────────────

    Error Context: ../../test-results/auth-Authentication-Flow-s-5a13b-ogin-with-valid-credentials-firefox/error-context.md
]]>
</failure>
<system-out>
<![CDATA[
[[ATTACHMENT|auth-Authentication-Flow-s-5a13b-ogin-with-valid-credentials-firefox/test-failed-1.png]]

[[ATTACHMENT|auth-Authentication-Flow-s-5a13b-ogin-with-valid-credentials-firefox/video.webm]]

[[ATTACHMENT|auth-Authentication-Flow-s-5a13b-ogin-with-valid-credentials-firefox/error-context.md]]
]]>
</system-out>
</testcase>
<testcase name="Authentication Flow › should show error message with invalid credentials" classname="auth.spec.ts" time="11.142">
<failure message="auth.spec.ts:27:3 should show error message with invalid credentials" type="FAILURE">
<![CDATA[  [firefox] › auth.spec.ts:27:3 › Authentication Flow › should show error message with invalid credentials 

    Error: expect(locator).toBeVisible() failed

    Locator: locator('[data-testid="error-message"]')
    Expected: visible
    Timeout: 5000ms
    Error: element(s) not found

    Call log:
      - Expect "toBeVisible" with timeout 5000ms
      - waiting for locator('[data-testid="error-message"]')


      35 |     
      36 |     // Should show error message
    > 37 |     await expect(page.locator('[data-testid="error-message"]')).toBeVisible();
         |                                                                 ^
      38 |     await expect(page.locator('[data-testid="error-message"]')).toContainText(/invalid|error/i);
      39 |   });
      40 |
        at /home/casio699/projects/kits-Aio/Kitsaiobusinessterminal/tests/e2e/auth.spec.ts:37:65

    attachment #1: screenshot (image/png) ──────────────────────────────────────────────────────────
    ../../test-results/auth-Authentication-Flow-s-2327b-ge-with-invalid-credentials-firefox/test-failed-1.png
    ────────────────────────────────────────────────────────────────────────────────────────────────

    attachment #2: video (video/webm) ──────────────────────────────────────────────────────────────
    ../../test-results/auth-Authentication-Flow-s-2327b-ge-with-invalid-credentials-firefox/video.webm
    ────────────────────────────────────────────────────────────────────────────────────────────────

    Error Context: ../../test-results/auth-Authentication-Flow-s-2327b-ge-with-invalid-credentials-firefox/error-context.md
]]>
</failure>
<system-out>
<![CDATA[
[[ATTACHMENT|auth-Authentication-Flow-s-2327b-ge-with-invalid-credentials-firefox/test-failed-1.png]]

[[ATTACHMENT|auth-Authentication-Flow-s-2327b-ge-with-invalid-credentials-firefox/video.webm]]

[[ATTACHMENT|auth-Authentication-Flow-s-2327b-ge-with-invalid-credentials-firefox/error-context.md]]
]]>
</system-out>
</testcase>
<testcase name="Authentication Flow › should handle logout correctly" classname="auth.spec.ts" time="10.887">
<failure message="auth.spec.ts:43:3 should handle logout correctly" type="FAILURE">
<![CDATA[  [firefox] › auth.spec.ts:43:3 › Authentication Flow › should handle logout correctly ─────────────

    Error: expect(page).toHaveURL(expected) failed

    Expected: "http://localhost:3000/dashboard"
    Received: "http://localhost:3000/login"
    Timeout:  5000ms

    Call log:
      - Expect "toHaveURL" with timeout 5000ms
        9 × unexpected value "http://localhost:3000/login"


      47 |     
      48 |     // Wait for dashboard
    > 49 |     await expect(page).toHaveURL('/dashboard');
         |                        ^
      50 |     
      51 |     // Find and click logout button
      52 |     await page.click('[data-testid="logout-button"]');
        at /home/casio699/projects/kits-Aio/Kitsaiobusinessterminal/tests/e2e/auth.spec.ts:49:24

    attachment #1: screenshot (image/png) ──────────────────────────────────────────────────────────
    ../../test-results/auth-Authentication-Flow-should-handle-logout-correctly-firefox/test-failed-1.png
    ────────────────────────────────────────────────────────────────────────────────────────────────

    attachment #2: video (video/webm) ──────────────────────────────────────────────────────────────
    ../../test-results/auth-Authentication-Flow-should-handle-logout-correctly-firefox/video.webm
    ────────────────────────────────────────────────────────────────────────────────────────────────

    Error Context: ../../test-results/auth-Authentication-Flow-should-handle-logout-correctly-firefox/error-context.md
]]>
</failure>
<system-out>
<![CDATA[
[[ATTACHMENT|auth-Authentication-Flow-should-handle-logout-correctly-firefox/test-failed-1.png]]

[[ATTACHMENT|auth-Authentication-Flow-should-handle-logout-correctly-firefox/video.webm]]

[[ATTACHMENT|auth-Authentication-Flow-should-handle-logout-correctly-firefox/error-context.md]]
]]>
</system-out>
</testcase>
<testcase name="Multi-tenant Features › should display tenant information when authenticated" classname="auth.spec.ts" time="11.697">
<failure message="auth.spec.ts:63:3 should display tenant information when authenticated" type="FAILURE">
<![CDATA[  [firefox] › auth.spec.ts:63:3 › Multi-tenant Features › should display tenant information when authenticated 

    Error: expect(locator).toBeVisible() failed

    Locator: locator('[data-testid="tenant-info"]')
    Expected: visible
    Timeout: 5000ms
    Error: element(s) not found

    Call log:
      - Expect "toBeVisible" with timeout 5000ms
      - waiting for locator('[data-testid="tenant-info"]')


      66 |     
      67 |     // Should show tenant info
    > 68 |     await expect(page.locator('[data-testid="tenant-info"]')).toBeVisible();
         |                                                               ^
      69 |     await expect(page.locator('[data-testid="tenant-name"]')).toContainText('Test Business');
      70 |     await expect(page.locator('[data-testid="tenant-role"]')).toContainText('owner');
      71 |   });
        at /home/casio699/projects/kits-Aio/Kitsaiobusinessterminal/tests/e2e/auth.spec.ts:68:63

    attachment #1: screenshot (image/png) ──────────────────────────────────────────────────────────
    ../../test-results/auth-Multi-tenant-Features-a1766-ormation-when-authenticated-firefox/test-failed-1.png
    ────────────────────────────────────────────────────────────────────────────────────────────────

    attachment #2: video (video/webm) ──────────────────────────────────────────────────────────────
    ../../test-results/auth-Multi-tenant-Features-a1766-ormation-when-authenticated-firefox/video.webm
    ────────────────────────────────────────────────────────────────────────────────────────────────

    Error Context: ../../test-results/auth-Multi-tenant-Features-a1766-ormation-when-authenticated-firefox/error-context.md
]]>
</failure>
<system-out>
<![CDATA[
[[ATTACHMENT|auth-Multi-tenant-Features-a1766-ormation-when-authenticated-firefox/test-failed-1.png]]

[[ATTACHMENT|auth-Multi-tenant-Features-a1766-ormation-when-authenticated-firefox/video.webm]]

[[ATTACHMENT|auth-Multi-tenant-Features-a1766-ormation-when-authenticated-firefox/error-context.md]]
]]>
</system-out>
</testcase>
<testcase name="Multi-tenant Features › should handle tenant switching" classname="auth.spec.ts" time="31.172">
<failure message="auth.spec.ts:77:3 should handle tenant switching" type="FAILURE">
<![CDATA[  [firefox] › auth.spec.ts:77:3 › Multi-tenant Features › should handle tenant switching ───────────

    Test timeout of 30000ms exceeded.

    Error: page.click: Test timeout of 30000ms exceeded.
    Call log:
      - waiting for locator('[data-testid="tenant-switcher"]')


      79 |     
      80 |     // Click tenant switcher
    > 81 |     await page.click('[data-testid="tenant-switcher"]');
         |                ^
      82 |     
      83 |     // Select different tenant
      84 |     await page.click('[data-testid="tenant-option"]:has-text("Second Business")]');
        at /home/casio699/projects/kits-Aio/Kitsaiobusinessterminal/tests/e2e/auth.spec.ts:81:16

    attachment #1: screenshot (image/png) ──────────────────────────────────────────────────────────
    ../../test-results/auth-Multi-tenant-Features-should-handle-tenant-switching-firefox/test-failed-1.png
    ────────────────────────────────────────────────────────────────────────────────────────────────

    attachment #2: video (video/webm) ──────────────────────────────────────────────────────────────
    ../../test-results/auth-Multi-tenant-Features-should-handle-tenant-switching-firefox/video.webm
    ────────────────────────────────────────────────────────────────────────────────────────────────

    Error Context: ../../test-results/auth-Multi-tenant-Features-should-handle-tenant-switching-firefox/error-context.md
]]>
</failure>
<system-out>
<![CDATA[
[[ATTACHMENT|auth-Multi-tenant-Features-should-handle-tenant-switching-firefox/test-failed-1.png]]

[[ATTACHMENT|auth-Multi-tenant-Features-should-handle-tenant-switching-firefox/video.webm]]

[[ATTACHMENT|auth-Multi-tenant-Features-should-handle-tenant-switching-firefox/error-context.md]]
]]>
</system-out>
</testcase>
<testcase name="Navigation and Routing › should navigate between main sections" classname="auth.spec.ts" time="31.191">
<failure message="auth.spec.ts:97:3 should navigate between main sections" type="FAILURE">
<![CDATA[  [firefox] › auth.spec.ts:97:3 › Navigation and Routing › should navigate between main sections ───

    Test timeout of 30000ms exceeded.

    Error: page.click: Test timeout of 30000ms exceeded.
    Call log:
      - waiting for locator('[data-testid="nav-products"]')


       98 |     
       99 |     // Navigate to different sections
    > 100 |     await page.click('[data-testid="nav-products"]');
          |                ^
      101 |     await expect(page).toHaveURL('/products');
      102 |     await expect(page.locator('h1')).toContainText(/products/i);
      103 |     
        at /home/casio699/projects/kits-Aio/Kitsaiobusinessterminal/tests/e2e/auth.spec.ts:100:16

    attachment #1: screenshot (image/png) ──────────────────────────────────────────────────────────
    ../../test-results/auth-Navigation-and-Routin-8b1f6-igate-between-main-sections-firefox/test-failed-1.png
    ────────────────────────────────────────────────────────────────────────────────────────────────

    attachment #2: video (video/webm) ──────────────────────────────────────────────────────────────
    ../../test-results/auth-Navigation-and-Routin-8b1f6-igate-between-main-sections-firefox/video.webm
    ────────────────────────────────────────────────────────────────────────────────────────────────

    Error Context: ../../test-results/auth-Navigation-and-Routin-8b1f6-igate-between-main-sections-firefox/error-context.md
]]>
</failure>
<system-out>
<![CDATA[
[[ATTACHMENT|auth-Navigation-and-Routin-8b1f6-igate-between-main-sections-firefox/test-failed-1.png]]

[[ATTACHMENT|auth-Navigation-and-Routin-8b1f6-igate-between-main-sections-firefox/video.webm]]

[[ATTACHMENT|auth-Navigation-and-Routin-8b1f6-igate-between-main-sections-firefox/error-context.md]]
]]>
</system-out>
</testcase>
<testcase name="Navigation and Routing › should handle browser back/forward navigation" classname="auth.spec.ts" time="31.016">
<failure message="auth.spec.ts:120:3 should handle browser back/forward navigation" type="FAILURE">
<![CDATA[  [firefox] › auth.spec.ts:120:3 › Navigation and Routing › should handle browser back/forward navigation 

    Test timeout of 30000ms exceeded.

    Error: page.click: Test timeout of 30000ms exceeded.
    Call log:
      - waiting for locator('[data-testid="nav-products"]')


      122 |     await page.click('button[type="submit"]');
      123 |     
    > 124 |     await page.click('[data-testid="nav-products"]');
          |                ^
      125 |     await page.click('[data-testid="nav-sales"]');
      126 |     
      127 |     // Go back
        at /home/casio699/projects/kits-Aio/Kitsaiobusinessterminal/tests/e2e/auth.spec.ts:124:16

    attachment #1: screenshot (image/png) ──────────────────────────────────────────────────────────
    ../../test-results/auth-Navigation-and-Routin-70bdb-ser-back-forward-navigation-firefox/test-failed-1.png
    ────────────────────────────────────────────────────────────────────────────────────────────────

    attachment #2: video (video/webm) ──────────────────────────────────────────────────────────────
    ../../test-results/auth-Navigation-and-Routin-70bdb-ser-back-forward-navigation-firefox/video.webm
    ────────────────────────────────────────────────────────────────────────────────────────────────

    Error Context: ../../test-results/auth-Navigation-and-Routin-70bdb-ser-back-forward-navigation-firefox/error-context.md
]]>
</failure>
<system-out>
<![CDATA[
[[ATTACHMENT|auth-Navigation-and-Routin-70bdb-ser-back-forward-navigation-firefox/test-failed-1.png]]

[[ATTACHMENT|auth-Navigation-and-Routin-70bdb-ser-back-forward-navigation-firefox/video.webm]]

[[ATTACHMENT|auth-Navigation-and-Routin-70bdb-ser-back-forward-navigation-firefox/error-context.md]]
]]>
</system-out>
</testcase>
<testcase name="Responsive Design › should work on mobile devices" classname="auth.spec.ts" time="10.643">
<failure message="auth.spec.ts:141:3 should work on mobile devices" type="FAILURE">
<![CDATA[  [firefox] › auth.spec.ts:141:3 › Responsive Design › should work on mobile devices ───────────────

    Error: expect(locator).toBeVisible() failed

    Locator: locator('[data-testid="mobile-menu-button"]')
    Expected: visible
    Timeout: 5000ms
    Error: element(s) not found

    Call log:
      - Expect "toBeVisible" with timeout 5000ms
      - waiting for locator('[data-testid="mobile-menu-button"]')


      153 |     
      154 |     // Should show mobile menu button
    > 155 |     await expect(page.locator('[data-testid="mobile-menu-button"]')).toBeVisible();
          |                                                                      ^
      156 |     
      157 |     // Open mobile menu
      158 |     await page.click('[data-testid="mobile-menu-button"]');
        at /home/casio699/projects/kits-Aio/Kitsaiobusinessterminal/tests/e2e/auth.spec.ts:155:70

    attachment #1: screenshot (image/png) ──────────────────────────────────────────────────────────
    ../../test-results/auth-Responsive-Design-should-work-on-mobile-devices-firefox/test-failed-1.png
    ────────────────────────────────────────────────────────────────────────────────────────────────

    attachment #2: video (video/webm) ──────────────────────────────────────────────────────────────
    ../../test-results/auth-Responsive-Design-should-work-on-mobile-devices-firefox/video.webm
    ────────────────────────────────────────────────────────────────────────────────────────────────

    Error Context: ../../test-results/auth-Responsive-Design-should-work-on-mobile-devices-firefox/error-context.md
]]>
</failure>
<system-out>
<![CDATA[
[[ATTACHMENT|auth-Responsive-Design-should-work-on-mobile-devices-firefox/test-failed-1.png]]

[[ATTACHMENT|auth-Responsive-Design-should-work-on-mobile-devices-firefox/video.webm]]

[[ATTACHMENT|auth-Responsive-Design-should-work-on-mobile-devices-firefox/error-context.md]]
]]>
</system-out>
</testcase>
<testcase name="Responsive Design › should work on tablet devices" classname="auth.spec.ts" time="11.409">
<failure message="auth.spec.ts:168:3 should work on tablet devices" type="FAILURE">
<![CDATA[  [firefox] › auth.spec.ts:168:3 › Responsive Design › should work on tablet devices ───────────────

    Error: expect(locator).toBeVisible() failed

    Locator: locator('[data-testid="sidebar"]')
    Expected: visible
    Timeout: 5000ms
    Error: element(s) not found

    Call log:
      - Expect "toBeVisible" with timeout 5000ms
      - waiting for locator('[data-testid="sidebar"]')


      170 |     
      171 |     // Should show tablet-optimized layout
    > 172 |     await expect(page.locator('[data-testid="sidebar"]')).toBeVisible();
          |                                                           ^
      173 |     await expect(page.locator('[data-testid="main-content"]')).toBeVisible();
      174 |   });
      175 | });
        at /home/casio699/projects/kits-Aio/Kitsaiobusinessterminal/tests/e2e/auth.spec.ts:172:59

    attachment #1: screenshot (image/png) ──────────────────────────────────────────────────────────
    ../../test-results/auth-Responsive-Design-should-work-on-tablet-devices-firefox/test-failed-1.png
    ────────────────────────────────────────────────────────────────────────────────────────────────

    attachment #2: video (video/webm) ──────────────────────────────────────────────────────────────
    ../../test-results/auth-Responsive-Design-should-work-on-tablet-devices-firefox/video.webm
    ────────────────────────────────────────────────────────────────────────────────────────────────

    Error Context: ../../test-results/auth-Responsive-Design-should-work-on-tablet-devices-firefox/error-context.md
]]>
</failure>
<system-out>
<![CDATA[
[[ATTACHMENT|auth-Responsive-Design-should-work-on-tablet-devices-firefox/test-failed-1.png]]

[[ATTACHMENT|auth-Responsive-Design-should-work-on-tablet-devices-firefox/video.webm]]

[[ATTACHMENT|auth-Responsive-Design-should-work-on-tablet-devices-firefox/error-context.md]]
]]>
</system-out>
</testcase>
<testcase name="Accessibility › should have proper heading hierarchy" classname="auth.spec.ts" time="5.744">
</testcase>
<testcase name="Accessibility › should support keyboard navigation" classname="auth.spec.ts" time="6.234">
</testcase>
<testcase name="Accessibility › should have proper ARIA labels" classname="auth.spec.ts" time="9.839">
<failure message="auth.spec.ts:220:3 should have proper ARIA labels" type="FAILURE">
<![CDATA[  [firefox] › auth.spec.ts:220:3 › Accessibility › should have proper ARIA labels ──────────────────

    Error: expect(locator).toBeVisible() failed

    Locator: locator('label[for="email"]')
    Expected: visible
    Timeout: 5000ms
    Error: element(s) not found

    Call log:
      - Expect "toBeVisible" with timeout 5000ms
      - waiting for locator('label[for="email"]')


      213 |     
      214 |     // Check form labels
    > 215 |     await expect(page.locator('label[for="email"]')).toBeVisible();
          |                                                      ^
      216 |     await expect(page.locator('label[for="password"]')).toBeVisible();
      217 |     
      218 |     // Check button aria labels
        at /home/casio699/projects/kits-Aio/Kitsaiobusinessterminal/tests/e2e/auth.spec.ts:215:54

    attachment #1: screenshot (image/png) ──────────────────────────────────────────────────────────
    ../../test-results/auth-Accessibility-should-have-proper-ARIA-labels-firefox/test-failed-1.png
    ────────────────────────────────────────────────────────────────────────────────────────────────

    attachment #2: video (video/webm) ──────────────────────────────────────────────────────────────
    ../../test-results/auth-Accessibility-should-have-proper-ARIA-labels-firefox/video.webm
    ────────────────────────────────────────────────────────────────────────────────────────────────

    Error Context: ../../test-results/auth-Accessibility-should-have-proper-ARIA-labels-firefox/error-context.md
]]>
</failure>
<system-out>
<![CDATA[
[[ATTACHMENT|auth-Accessibility-should-have-proper-ARIA-labels-firefox/test-failed-1.png]]

[[ATTACHMENT|auth-Accessibility-should-have-proper-ARIA-labels-firefox/video.webm]]

[[ATTACHMENT|auth-Accessibility-should-have-proper-ARIA-labels-firefox/error-context.md]]
]]>
</system-out>
</testcase>
</testsuite>
<testsuite name="dashboard.spec.ts" timestamp="2025-12-27T22:32:02.477Z" hostname="firefox" tests="14" failures="14" skipped="0" time="350.128" errors="0">
<testcase name="Dashboard Functionality › should display dashboard overview" classname="dashboard.spec.ts" time="9.459">
<failure message="dashboard.spec.ts:13:3 should display dashboard overview" type="FAILURE">
<![CDATA[  [firefox] › dashboard.spec.ts:13:3 › Dashboard Functionality › should display dashboard overview ─

    Error: expect(page).toHaveURL(expected) failed

    Expected: "http://localhost:3000/dashboard"
    Received: "http://localhost:3000/login"
    Timeout:  5000ms

    Call log:
      - Expect "toHaveURL" with timeout 5000ms
        9 × unexpected value "http://localhost:3000/login"


       8 |     await page.fill('input[type="password"]', 'password123');
       9 |     await page.click('button[type="submit"]');
    > 10 |     await expect(page).toHaveURL('/dashboard');
         |                        ^
      11 |   });
      12 |
      13 |   test('should display dashboard overview', async ({ page }) => {
        at /home/casio699/projects/kits-Aio/Kitsaiobusinessterminal/tests/e2e/dashboard.spec.ts:10:24

    attachment #1: screenshot (image/png) ──────────────────────────────────────────────────────────
    ../../test-results/dashboard-Dashboard-Functi-be60c--display-dashboard-overview-firefox/test-failed-1.png
    ────────────────────────────────────────────────────────────────────────────────────────────────

    attachment #2: video (video/webm) ──────────────────────────────────────────────────────────────
    ../../test-results/dashboard-Dashboard-Functi-be60c--display-dashboard-overview-firefox/video.webm
    ────────────────────────────────────────────────────────────────────────────────────────────────

    Error Context: ../../test-results/dashboard-Dashboard-Functi-be60c--display-dashboard-overview-firefox/error-context.md
]]>
</failure>
<system-out>
<![CDATA[
[[ATTACHMENT|dashboard-Dashboard-Functi-be60c--display-dashboard-overview-firefox/test-failed-1.png]]

[[ATTACHMENT|dashboard-Dashboard-Functi-be60c--display-dashboard-overview-firefox/video.webm]]

[[ATTACHMENT|dashboard-Dashboard-Functi-be60c--display-dashboard-overview-firefox/error-context.md]]
]]>
</system-out>
</testcase>
<testcase name="Dashboard Functionality › should show recent activity" classname="dashboard.spec.ts" time="9.553">
<failure message="dashboard.spec.ts:29:3 should show recent activity" type="FAILURE">
<![CDATA[  [firefox] › dashboard.spec.ts:29:3 › Dashboard Functionality › should show recent activity ───────

    Error: expect(page).toHaveURL(expected) failed

    Expected: "http://localhost:3000/dashboard"
    Received: "http://localhost:3000/login"
    Timeout:  5000ms

    Call log:
      - Expect "toHaveURL" with timeout 5000ms
        9 × unexpected value "http://localhost:3000/login"


       8 |     await page.fill('input[type="password"]', 'password123');
       9 |     await page.click('button[type="submit"]');
    > 10 |     await expect(page).toHaveURL('/dashboard');
         |                        ^
      11 |   });
      12 |
      13 |   test('should display dashboard overview', async ({ page }) => {
        at /home/casio699/projects/kits-Aio/Kitsaiobusinessterminal/tests/e2e/dashboard.spec.ts:10:24

    attachment #1: screenshot (image/png) ──────────────────────────────────────────────────────────
    ../../test-results/dashboard-Dashboard-Functi-1fb42-should-show-recent-activity-firefox/test-failed-1.png
    ────────────────────────────────────────────────────────────────────────────────────────────────

    attachment #2: video (video/webm) ──────────────────────────────────────────────────────────────
    ../../test-results/dashboard-Dashboard-Functi-1fb42-should-show-recent-activity-firefox/video.webm
    ────────────────────────────────────────────────────────────────────────────────────────────────

    Error Context: ../../test-results/dashboard-Dashboard-Functi-1fb42-should-show-recent-activity-firefox/error-context.md
]]>
</failure>
<system-out>
<![CDATA[
[[ATTACHMENT|dashboard-Dashboard-Functi-1fb42-should-show-recent-activity-firefox/test-failed-1.png]]

[[ATTACHMENT|dashboard-Dashboard-Functi-1fb42-should-show-recent-activity-firefox/video.webm]]

[[ATTACHMENT|dashboard-Dashboard-Functi-1fb42-should-show-recent-activity-firefox/error-context.md]]
]]>
</system-out>
</testcase>
<testcase name="Dashboard Functionality › should handle date range filtering" classname="dashboard.spec.ts" time="10.384">
<failure message="dashboard.spec.ts:43:3 should handle date range filtering" type="FAILURE">
<![CDATA[  [firefox] › dashboard.spec.ts:43:3 › Dashboard Functionality › should handle date range filtering 

    Error: expect(page).toHaveURL(expected) failed

    Expected: "http://localhost:3000/dashboard"
    Received: "http://localhost:3000/login"
    Timeout:  5000ms

    Call log:
      - Expect "toHaveURL" with timeout 5000ms
        9 × unexpected value "http://localhost:3000/login"


       8 |     await page.fill('input[type="password"]', 'password123');
       9 |     await page.click('button[type="submit"]');
    > 10 |     await expect(page).toHaveURL('/dashboard');
         |                        ^
      11 |   });
      12 |
      13 |   test('should display dashboard overview', async ({ page }) => {
        at /home/casio699/projects/kits-Aio/Kitsaiobusinessterminal/tests/e2e/dashboard.spec.ts:10:24

    attachment #1: screenshot (image/png) ──────────────────────────────────────────────────────────
    ../../test-results/dashboard-Dashboard-Functi-c6a46-handle-date-range-filtering-firefox/test-failed-1.png
    ────────────────────────────────────────────────────────────────────────────────────────────────

    attachment #2: video (video/webm) ──────────────────────────────────────────────────────────────
    ../../test-results/dashboard-Dashboard-Functi-c6a46-handle-date-range-filtering-firefox/video.webm
    ────────────────────────────────────────────────────────────────────────────────────────────────

    Error Context: ../../test-results/dashboard-Dashboard-Functi-c6a46-handle-date-range-filtering-firefox/error-context.md
]]>
</failure>
<system-out>
<![CDATA[
[[ATTACHMENT|dashboard-Dashboard-Functi-c6a46-handle-date-range-filtering-firefox/test-failed-1.png]]

[[ATTACHMENT|dashboard-Dashboard-Functi-c6a46-handle-date-range-filtering-firefox/video.webm]]

[[ATTACHMENT|dashboard-Dashboard-Functi-c6a46-handle-date-range-filtering-firefox/error-context.md]]
]]>
</system-out>
</testcase>
<testcase name="Dashboard Functionality › should handle real-time updates" classname="dashboard.spec.ts" time="11.109">
<failure message="dashboard.spec.ts:62:3 should handle real-time updates" type="FAILURE">
<![CDATA[  [firefox] › dashboard.spec.ts:62:3 › Dashboard Functionality › should handle real-time updates ───

    Error: expect(page).toHaveURL(expected) failed

    Expected: "http://localhost:3000/dashboard"
    Received: "http://localhost:3000/login"
    Timeout:  5000ms

    Call log:
      - Expect "toHaveURL" with timeout 5000ms
        9 × unexpected value "http://localhost:3000/login"


       8 |     await page.fill('input[type="password"]', 'password123');
       9 |     await page.click('button[type="submit"]');
    > 10 |     await expect(page).toHaveURL('/dashboard');
         |                        ^
      11 |   });
      12 |
      13 |   test('should display dashboard overview', async ({ page }) => {
        at /home/casio699/projects/kits-Aio/Kitsaiobusinessterminal/tests/e2e/dashboard.spec.ts:10:24

    attachment #1: screenshot (image/png) ──────────────────────────────────────────────────────────
    ../../test-results/dashboard-Dashboard-Functi-fd3c8-ld-handle-real-time-updates-firefox/test-failed-1.png
    ────────────────────────────────────────────────────────────────────────────────────────────────

    attachment #2: video (video/webm) ──────────────────────────────────────────────────────────────
    ../../test-results/dashboard-Dashboard-Functi-fd3c8-ld-handle-real-time-updates-firefox/video.webm
    ────────────────────────────────────────────────────────────────────────────────────────────────

    Error Context: ../../test-results/dashboard-Dashboard-Functi-fd3c8-ld-handle-real-time-updates-firefox/error-context.md
]]>
</failure>
<system-out>
<![CDATA[
[[ATTACHMENT|dashboard-Dashboard-Functi-fd3c8-ld-handle-real-time-updates-firefox/test-failed-1.png]]

[[ATTACHMENT|dashboard-Dashboard-Functi-fd3c8-ld-handle-real-time-updates-firefox/video.webm]]

[[ATTACHMENT|dashboard-Dashboard-Functi-fd3c8-ld-handle-real-time-updates-firefox/error-context.md]]
]]>
</system-out>
</testcase>
<testcase name="Products Management › should display products list" classname="dashboard.spec.ts" time="30.832">
<failure message="dashboard.spec.ts:100:3 should display products list" type="FAILURE">
<![CDATA[  [firefox] › dashboard.spec.ts:100:3 › Products Management › should display products list ─────────

    Test timeout of 30000ms exceeded while running "beforeEach" hook.

      73 |
      74 | test.describe('Products Management', () => {
    > 75 |   test.beforeEach(async ({ page }) => {
         |        ^
      76 |     // Login and navigate to products
      77 |     await page.goto('/login');
      78 |     await page.fill('input[type="email"]', 'test@example.com');
        at /home/casio699/projects/kits-Aio/Kitsaiobusinessterminal/tests/e2e/dashboard.spec.ts:75:8

    Error: page.click: Test timeout of 30000ms exceeded.
    Call log:
      - waiting for locator('[data-testid="nav-products"]')


      79 |     await page.fill('input[type="password"]', 'password123');
      80 |     await page.click('button[type="submit"]');
    > 81 |     await page.click('[data-testid="nav-products"]');
         |                ^
      82 |     await expect(page).toHaveURL('/products');
      83 |   });
      84 |
        at /home/casio699/projects/kits-Aio/Kitsaiobusinessterminal/tests/e2e/dashboard.spec.ts:81:16

    attachment #1: screenshot (image/png) ──────────────────────────────────────────────────────────
    ../../test-results/dashboard-Products-Management-should-display-products-list-firefox/test-failed-1.png
    ────────────────────────────────────────────────────────────────────────────────────────────────

    attachment #2: video (video/webm) ──────────────────────────────────────────────────────────────
    ../../test-results/dashboard-Products-Management-should-display-products-list-firefox/video.webm
    ────────────────────────────────────────────────────────────────────────────────────────────────

    Error Context: ../../test-results/dashboard-Products-Management-should-display-products-list-firefox/error-context.md
]]>
</failure>
<system-out>
<![CDATA[
[[ATTACHMENT|dashboard-Products-Management-should-display-products-list-firefox/test-failed-1.png]]

[[ATTACHMENT|dashboard-Products-Management-should-display-products-list-firefox/video.webm]]

[[ATTACHMENT|dashboard-Products-Management-should-display-products-list-firefox/error-context.md]]
]]>
</system-out>
</testcase>
<testcase name="Products Management › should handle product search" classname="dashboard.spec.ts" time="31.08">
<failure message="dashboard.spec.ts:118:3 should handle product search" type="FAILURE">
<![CDATA[  [firefox] › dashboard.spec.ts:118:3 › Products Management › should handle product search ─────────

    Test timeout of 30000ms exceeded while running "beforeEach" hook.

      73 |
      74 | test.describe('Products Management', () => {
    > 75 |   test.beforeEach(async ({ page }) => {
         |        ^
      76 |     // Login and navigate to products
      77 |     await page.goto('/login');
      78 |     await page.fill('input[type="email"]', 'test@example.com');
        at /home/casio699/projects/kits-Aio/Kitsaiobusinessterminal/tests/e2e/dashboard.spec.ts:75:8

    Error: page.click: Test timeout of 30000ms exceeded.
    Call log:
      - waiting for locator('[data-testid="nav-products"]')


      79 |     await page.fill('input[type="password"]', 'password123');
      80 |     await page.click('button[type="submit"]');
    > 81 |     await page.click('[data-testid="nav-products"]');
         |                ^
      82 |     await expect(page).toHaveURL('/products');
      83 |   });
      84 |
        at /home/casio699/projects/kits-Aio/Kitsaiobusinessterminal/tests/e2e/dashboard.spec.ts:81:16

    attachment #1: screenshot (image/png) ──────────────────────────────────────────────────────────
    ../../test-results/dashboard-Products-Management-should-handle-product-search-firefox/test-failed-1.png
    ────────────────────────────────────────────────────────────────────────────────────────────────

    attachment #2: video (video/webm) ──────────────────────────────────────────────────────────────
    ../../test-results/dashboard-Products-Management-should-handle-product-search-firefox/video.webm
    ────────────────────────────────────────────────────────────────────────────────────────────────

    Error Context: ../../test-results/dashboard-Products-Management-should-handle-product-search-firefox/error-context.md
]]>
</failure>
<system-out>
<![CDATA[
[[ATTACHMENT|dashboard-Products-Management-should-handle-product-search-firefox/test-failed-1.png]]

[[ATTACHMENT|dashboard-Products-Management-should-handle-product-search-firefox/video.webm]]

[[ATTACHMENT|dashboard-Products-Management-should-handle-product-search-firefox/error-context.md]]
]]>
</system-out>
</testcase>
<testcase name="Products Management › should handle product creation" classname="dashboard.spec.ts" time="30.851">
<failure message="dashboard.spec.ts:140:3 should handle product creation" type="FAILURE">
<![CDATA[  [firefox] › dashboard.spec.ts:140:3 › Products Management › should handle product creation ───────

    Test timeout of 30000ms exceeded while running "beforeEach" hook.

      73 |
      74 | test.describe('Products Management', () => {
    > 75 |   test.beforeEach(async ({ page }) => {
         |        ^
      76 |     // Login and navigate to products
      77 |     await page.goto('/login');
      78 |     await page.fill('input[type="email"]', 'test@example.com');
        at /home/casio699/projects/kits-Aio/Kitsaiobusinessterminal/tests/e2e/dashboard.spec.ts:75:8

    Error: page.click: Test timeout of 30000ms exceeded.
    Call log:
      - waiting for locator('[data-testid="nav-products"]')


      79 |     await page.fill('input[type="password"]', 'password123');
      80 |     await page.click('button[type="submit"]');
    > 81 |     await page.click('[data-testid="nav-products"]');
         |                ^
      82 |     await expect(page).toHaveURL('/products');
      83 |   });
      84 |
        at /home/casio699/projects/kits-Aio/Kitsaiobusinessterminal/tests/e2e/dashboard.spec.ts:81:16

    attachment #1: screenshot (image/png) ──────────────────────────────────────────────────────────
    ../../test-results/dashboard-Products-Management-should-handle-product-creation-firefox/test-failed-1.png
    ────────────────────────────────────────────────────────────────────────────────────────────────

    attachment #2: video (video/webm) ──────────────────────────────────────────────────────────────
    ../../test-results/dashboard-Products-Management-should-handle-product-creation-firefox/video.webm
    ────────────────────────────────────────────────────────────────────────────────────────────────

    Error Context: ../../test-results/dashboard-Products-Management-should-handle-product-creation-firefox/error-context.md
]]>
</failure>
<system-out>
<![CDATA[
[[ATTACHMENT|dashboard-Products-Management-should-handle-product-creation-firefox/test-failed-1.png]]

[[ATTACHMENT|dashboard-Products-Management-should-handle-product-creation-firefox/video.webm]]

[[ATTACHMENT|dashboard-Products-Management-should-handle-product-creation-firefox/error-context.md]]
]]>
</system-out>
</testcase>
<testcase name="Products Management › should handle product editing" classname="dashboard.spec.ts" time="30.98">
<failure message="dashboard.spec.ts:165:3 should handle product editing" type="FAILURE">
<![CDATA[  [firefox] › dashboard.spec.ts:165:3 › Products Management › should handle product editing ────────

    Test timeout of 30000ms exceeded while running "beforeEach" hook.

      73 |
      74 | test.describe('Products Management', () => {
    > 75 |   test.beforeEach(async ({ page }) => {
         |        ^
      76 |     // Login and navigate to products
      77 |     await page.goto('/login');
      78 |     await page.fill('input[type="email"]', 'test@example.com');
        at /home/casio699/projects/kits-Aio/Kitsaiobusinessterminal/tests/e2e/dashboard.spec.ts:75:8

    Error: page.click: Test timeout of 30000ms exceeded.
    Call log:
      - waiting for locator('[data-testid="nav-products"]')


      79 |     await page.fill('input[type="password"]', 'password123');
      80 |     await page.click('button[type="submit"]');
    > 81 |     await page.click('[data-testid="nav-products"]');
         |                ^
      82 |     await expect(page).toHaveURL('/products');
      83 |   });
      84 |
        at /home/casio699/projects/kits-Aio/Kitsaiobusinessterminal/tests/e2e/dashboard.spec.ts:81:16

    attachment #1: screenshot (image/png) ──────────────────────────────────────────────────────────
    ../../test-results/dashboard-Products-Management-should-handle-product-editing-firefox/test-failed-1.png
    ────────────────────────────────────────────────────────────────────────────────────────────────

    attachment #2: video (video/webm) ──────────────────────────────────────────────────────────────
    ../../test-results/dashboard-Products-Management-should-handle-product-editing-firefox/video.webm
    ────────────────────────────────────────────────────────────────────────────────────────────────

    Error Context: ../../test-results/dashboard-Products-Management-should-handle-product-editing-firefox/error-context.md
]]>
</failure>
<system-out>
<![CDATA[
[[ATTACHMENT|dashboard-Products-Management-should-handle-product-editing-firefox/test-failed-1.png]]

[[ATTACHMENT|dashboard-Products-Management-should-handle-product-editing-firefox/video.webm]]

[[ATTACHMENT|dashboard-Products-Management-should-handle-product-editing-firefox/error-context.md]]
]]>
</system-out>
</testcase>
<testcase name="Products Management › should handle product deletion" classname="dashboard.spec.ts" time="31.147">
<failure message="dashboard.spec.ts:184:3 should handle product deletion" type="FAILURE">
<![CDATA[  [firefox] › dashboard.spec.ts:184:3 › Products Management › should handle product deletion ───────

    Test timeout of 30000ms exceeded while running "beforeEach" hook.

      73 |
      74 | test.describe('Products Management', () => {
    > 75 |   test.beforeEach(async ({ page }) => {
         |        ^
      76 |     // Login and navigate to products
      77 |     await page.goto('/login');
      78 |     await page.fill('input[type="email"]', 'test@example.com');
        at /home/casio699/projects/kits-Aio/Kitsaiobusinessterminal/tests/e2e/dashboard.spec.ts:75:8

    Error: page.click: Test timeout of 30000ms exceeded.
    Call log:
      - waiting for locator('[data-testid="nav-products"]')


      79 |     await page.fill('input[type="password"]', 'password123');
      80 |     await page.click('button[type="submit"]');
    > 81 |     await page.click('[data-testid="nav-products"]');
         |                ^
      82 |     await expect(page).toHaveURL('/products');
      83 |   });
      84 |
        at /home/casio699/projects/kits-Aio/Kitsaiobusinessterminal/tests/e2e/dashboard.spec.ts:81:16

    attachment #1: screenshot (image/png) ──────────────────────────────────────────────────────────
    ../../test-results/dashboard-Products-Management-should-handle-product-deletion-firefox/test-failed-1.png
    ────────────────────────────────────────────────────────────────────────────────────────────────

    attachment #2: video (video/webm) ──────────────────────────────────────────────────────────────
    ../../test-results/dashboard-Products-Management-should-handle-product-deletion-firefox/video.webm
    ────────────────────────────────────────────────────────────────────────────────────────────────

    Error Context: ../../test-results/dashboard-Products-Management-should-handle-product-deletion-firefox/error-context.md
]]>
</failure>
<system-out>
<![CDATA[
[[ATTACHMENT|dashboard-Products-Management-should-handle-product-deletion-firefox/test-failed-1.png]]

[[ATTACHMENT|dashboard-Products-Management-should-handle-product-deletion-firefox/video.webm]]

[[ATTACHMENT|dashboard-Products-Management-should-handle-product-deletion-firefox/error-context.md]]
]]>
</system-out>
</testcase>
<testcase name="Sales Management › should display sales list" classname="dashboard.spec.ts" time="30.866">
<failure message="dashboard.spec.ts:220:3 should display sales list" type="FAILURE">
<![CDATA[  [firefox] › dashboard.spec.ts:220:3 › Sales Management › should display sales list ───────────────

    Test timeout of 30000ms exceeded while running "beforeEach" hook.

      185 |
      186 | test.describe('Sales Management', () => {
    > 187 |   test.beforeEach(async ({ page }) => {
          |        ^
      188 |     // Login and navigate to sales
      189 |     await page.goto('/login');
      190 |     await page.fill('input[type="email"]', 'test@example.com');
        at /home/casio699/projects/kits-Aio/Kitsaiobusinessterminal/tests/e2e/dashboard.spec.ts:187:8

    Error: page.click: Test timeout of 30000ms exceeded.
    Call log:
      - waiting for locator('[data-testid="nav-sales"]')


      191 |     await page.fill('input[type="password"]', 'password123');
      192 |     await page.click('button[type="submit"]');
    > 193 |     await page.click('[data-testid="nav-sales"]');
          |                ^
      194 |     await expect(page).toHaveURL('/sales');
      195 |   });
      196 |
        at /home/casio699/projects/kits-Aio/Kitsaiobusinessterminal/tests/e2e/dashboard.spec.ts:193:16

    attachment #1: screenshot (image/png) ──────────────────────────────────────────────────────────
    ../../test-results/dashboard-Sales-Management-should-display-sales-list-firefox/test-failed-1.png
    ────────────────────────────────────────────────────────────────────────────────────────────────

    attachment #2: video (video/webm) ──────────────────────────────────────────────────────────────
    ../../test-results/dashboard-Sales-Management-should-display-sales-list-firefox/video.webm
    ────────────────────────────────────────────────────────────────────────────────────────────────

    Error Context: ../../test-results/dashboard-Sales-Management-should-display-sales-list-firefox/error-context.md
]]>
</failure>
<system-out>
<![CDATA[
[[ATTACHMENT|dashboard-Sales-Management-should-display-sales-list-firefox/test-failed-1.png]]

[[ATTACHMENT|dashboard-Sales-Management-should-display-sales-list-firefox/video.webm]]

[[ATTACHMENT|dashboard-Sales-Management-should-display-sales-list-firefox/error-context.md]]
]]>
</system-out>
</testcase>
<testcase name="Sales Management › should handle sale creation" classname="dashboard.spec.ts" time="30.963">
<failure message="dashboard.spec.ts:239:3 should handle sale creation" type="FAILURE">
<![CDATA[  [firefox] › dashboard.spec.ts:239:3 › Sales Management › should handle sale creation ─────────────

    Test timeout of 30000ms exceeded while running "beforeEach" hook.

      185 |
      186 | test.describe('Sales Management', () => {
    > 187 |   test.beforeEach(async ({ page }) => {
          |        ^
      188 |     // Login and navigate to sales
      189 |     await page.goto('/login');
      190 |     await page.fill('input[type="email"]', 'test@example.com');
        at /home/casio699/projects/kits-Aio/Kitsaiobusinessterminal/tests/e2e/dashboard.spec.ts:187:8

    Error: page.click: Test timeout of 30000ms exceeded.
    Call log:
      - waiting for locator('[data-testid="nav-sales"]')


      191 |     await page.fill('input[type="password"]', 'password123');
      192 |     await page.click('button[type="submit"]');
    > 193 |     await page.click('[data-testid="nav-sales"]');
          |                ^
      194 |     await expect(page).toHaveURL('/sales');
      195 |   });
      196 |
        at /home/casio699/projects/kits-Aio/Kitsaiobusinessterminal/tests/e2e/dashboard.spec.ts:193:16

    attachment #1: screenshot (image/png) ──────────────────────────────────────────────────────────
    ../../test-results/dashboard-Sales-Management-should-handle-sale-creation-firefox/test-failed-1.png
    ────────────────────────────────────────────────────────────────────────────────────────────────

    attachment #2: video (video/webm) ──────────────────────────────────────────────────────────────
    ../../test-results/dashboard-Sales-Management-should-handle-sale-creation-firefox/video.webm
    ────────────────────────────────────────────────────────────────────────────────────────────────

    Error Context: ../../test-results/dashboard-Sales-Management-should-handle-sale-creation-firefox/error-context.md
]]>
</failure>
<system-out>
<![CDATA[
[[ATTACHMENT|dashboard-Sales-Management-should-handle-sale-creation-firefox/test-failed-1.png]]

[[ATTACHMENT|dashboard-Sales-Management-should-handle-sale-creation-firefox/video.webm]]

[[ATTACHMENT|dashboard-Sales-Management-should-handle-sale-creation-firefox/error-context.md]]
]]>
</system-out>
</testcase>
<testcase name="Sales Management › should handle sale filtering" classname="dashboard.spec.ts" time="31.104">
<failure message="dashboard.spec.ts:263:3 should handle sale filtering" type="FAILURE">
<![CDATA[  [firefox] › dashboard.spec.ts:263:3 › Sales Management › should handle sale filtering ────────────

    Test timeout of 30000ms exceeded while running "beforeEach" hook.

      185 |
      186 | test.describe('Sales Management', () => {
    > 187 |   test.beforeEach(async ({ page }) => {
          |        ^
      188 |     // Login and navigate to sales
      189 |     await page.goto('/login');
      190 |     await page.fill('input[type="email"]', 'test@example.com');
        at /home/casio699/projects/kits-Aio/Kitsaiobusinessterminal/tests/e2e/dashboard.spec.ts:187:8

    Error: page.click: Test timeout of 30000ms exceeded.
    Call log:
      - waiting for locator('[data-testid="nav-sales"]')


      191 |     await page.fill('input[type="password"]', 'password123');
      192 |     await page.click('button[type="submit"]');
    > 193 |     await page.click('[data-testid="nav-sales"]');
          |                ^
      194 |     await expect(page).toHaveURL('/sales');
      195 |   });
      196 |
        at /home/casio699/projects/kits-Aio/Kitsaiobusinessterminal/tests/e2e/dashboard.spec.ts:193:16

    attachment #1: screenshot (image/png) ──────────────────────────────────────────────────────────
    ../../test-results/dashboard-Sales-Management-should-handle-sale-filtering-firefox/test-failed-1.png
    ────────────────────────────────────────────────────────────────────────────────────────────────

    attachment #2: video (video/webm) ──────────────────────────────────────────────────────────────
    ../../test-results/dashboard-Sales-Management-should-handle-sale-filtering-firefox/video.webm
    ────────────────────────────────────────────────────────────────────────────────────────────────

    Error Context: ../../test-results/dashboard-Sales-Management-should-handle-sale-filtering-firefox/error-context.md
]]>
</failure>
<system-out>
<![CDATA[
[[ATTACHMENT|dashboard-Sales-Management-should-handle-sale-filtering-firefox/test-failed-1.png]]

[[ATTACHMENT|dashboard-Sales-Management-should-handle-sale-filtering-firefox/video.webm]]

[[ATTACHMENT|dashboard-Sales-Management-should-handle-sale-filtering-firefox/error-context.md]]
]]>
</system-out>
</testcase>
<testcase name="Performance Tests › should load dashboard within performance budget" classname="dashboard.spec.ts" time="30.939">
<failure message="dashboard.spec.ts:288:3 should load dashboard within performance budget" type="FAILURE">
<![CDATA[  [firefox] › dashboard.spec.ts:288:3 › Performance Tests › should load dashboard within performance budget 

    Test timeout of 30000ms exceeded.

    Error: page.waitForURL: Test timeout of 30000ms exceeded.
    =========================== logs ===========================
    waiting for navigation to "/dashboard" until "load"
    ============================================================

      268 |     
      269 |     // Wait for dashboard to load
    > 270 |     await page.waitForURL('/dashboard');
          |                ^
      271 |     await page.waitForSelector('[data-testid="total-revenue"]');
      272 |     
      273 |     const loadTime = Date.now() - startTime;
        at /home/casio699/projects/kits-Aio/Kitsaiobusinessterminal/tests/e2e/dashboard.spec.ts:270:16

    attachment #1: screenshot (image/png) ──────────────────────────────────────────────────────────
    ../../test-results/dashboard-Performance-Test-73039-d-within-performance-budget-firefox/test-failed-1.png
    ────────────────────────────────────────────────────────────────────────────────────────────────

    attachment #2: video (video/webm) ──────────────────────────────────────────────────────────────
    ../../test-results/dashboard-Performance-Test-73039-d-within-performance-budget-firefox/video.webm
    ────────────────────────────────────────────────────────────────────────────────────────────────

    Error Context: ../../test-results/dashboard-Performance-Test-73039-d-within-performance-budget-firefox/error-context.md
]]>
</failure>
<system-out>
<![CDATA[
[[ATTACHMENT|dashboard-Performance-Test-73039-d-within-performance-budget-firefox/test-failed-1.png]]

[[ATTACHMENT|dashboard-Performance-Test-73039-d-within-performance-budget-firefox/video.webm]]

[[ATTACHMENT|dashboard-Performance-Test-73039-d-within-performance-budget-firefox/error-context.md]]
]]>
</system-out>
</testcase>
<testcase name="Performance Tests › should handle large data sets efficiently" classname="dashboard.spec.ts" time="30.861">
<failure message="dashboard.spec.ts:306:3 should handle large data sets efficiently" type="FAILURE">
<![CDATA[  [firefox] › dashboard.spec.ts:306:3 › Performance Tests › should handle large data sets efficiently 

    Test timeout of 30000ms exceeded.

    Error: page.click: Test timeout of 30000ms exceeded.
    Call log:
      - waiting for locator('[data-testid="nav-products"]')


      283 |     await page.fill('input[type="password"]', 'password123');
      284 |     await page.click('button[type="submit"]');
    > 285 |     await page.click('[data-testid="nav-products"]');
          |                ^
      286 |     
      287 |     // Monitor performance during data loading
      288 |     const startTime = Date.now();
        at /home/casio699/projects/kits-Aio/Kitsaiobusinessterminal/tests/e2e/dashboard.spec.ts:285:16

    attachment #1: screenshot (image/png) ──────────────────────────────────────────────────────────
    ../../test-results/dashboard-Performance-Test-ff1ba-large-data-sets-efficiently-firefox/test-failed-1.png
    ────────────────────────────────────────────────────────────────────────────────────────────────

    attachment #2: video (video/webm) ──────────────────────────────────────────────────────────────
    ../../test-results/dashboard-Performance-Test-ff1ba-large-data-sets-efficiently-firefox/video.webm
    ────────────────────────────────────────────────────────────────────────────────────────────────

    Error Context: ../../test-results/dashboard-Performance-Test-ff1ba-large-data-sets-efficiently-firefox/error-context.md
]]>
</failure>
<system-out>
<![CDATA[
[[ATTACHMENT|dashboard-Performance-Test-ff1ba-large-data-sets-efficiently-firefox/test-failed-1.png]]

[[ATTACHMENT|dashboard-Performance-Test-ff1ba-large-data-sets-efficiently-firefox/video.webm]]

[[ATTACHMENT|dashboard-Performance-Test-ff1ba-large-data-sets-efficiently-firefox/error-context.md]]
]]>
</system-out>
</testcase>
</testsuite>
<testsuite name="visual.spec.ts" timestamp="2025-12-27T22:32:02.477Z" hostname="firefox" tests="10" failures="10" skipped="0" time="258.679" errors="0">
<testcase name="Visual Regression Tests › login page visual appearance" classname="visual.spec.ts" time="6.244">
<failure message="visual.spec.ts:12:3 login page visual appearance" type="FAILURE">
<![CDATA[  [firefox] › visual.spec.ts:12:3 › Visual Regression Tests › login page visual appearance ─────────

    Error: A snapshot doesn't exist at /home/casio699/projects/kits-Aio/Kitsaiobusinessterminal/tests/e2e/visual.spec.ts-snapshots/login-page-firefox-linux.png, writing actual.

      14 |     
      15 |     // Take screenshot of login page
    > 16 |     await expect(page).toHaveScreenshot('login-page.png');
         |     ^
      17 |   });
      18 |
      19 |   test('dashboard layout visual appearance', async ({ page }) => {
        at /home/casio699/projects/kits-Aio/Kitsaiobusinessterminal/tests/e2e/visual.spec.ts:16:5

    attachment #1: login-page (image/png) ──────────────────────────────────────────────────────────
    Expected: visual.spec.ts-snapshots/login-page-firefox-linux.png
    Received: ../../test-results/visual-Visual-Regression-Tests-login-page-visual-appearance-firefox/login-page-actual.png
    ────────────────────────────────────────────────────────────────────────────────────────────────

    attachment #2: screenshot (image/png) ──────────────────────────────────────────────────────────
    ../../test-results/visual-Visual-Regression-Tests-login-page-visual-appearance-firefox/test-failed-1.png
    ────────────────────────────────────────────────────────────────────────────────────────────────

    attachment #3: video (video/webm) ──────────────────────────────────────────────────────────────
    ../../test-results/visual-Visual-Regression-Tests-login-page-visual-appearance-firefox/video.webm
    ────────────────────────────────────────────────────────────────────────────────────────────────

    Error Context: ../../test-results/visual-Visual-Regression-Tests-login-page-visual-appearance-firefox/error-context.md
]]>
</failure>
<system-out>
<![CDATA[
[[ATTACHMENT|../tests/e2e/visual.spec.ts-snapshots/login-page-firefox-linux.png]]

[[ATTACHMENT|visual-Visual-Regression-Tests-login-page-visual-appearance-firefox/login-page-actual.png]]

[[ATTACHMENT|visual-Visual-Regression-Tests-login-page-visual-appearance-firefox/test-failed-1.png]]

[[ATTACHMENT|visual-Visual-Regression-Tests-login-page-visual-appearance-firefox/video.webm]]

[[ATTACHMENT|visual-Visual-Regression-Tests-login-page-visual-appearance-firefox/error-context.md]]
]]>
</system-out>
</testcase>
<testcase name="Visual Regression Tests › dashboard layout visual appearance" classname="visual.spec.ts" time="31.093">
<failure message="visual.spec.ts:23:3 dashboard layout visual appearance" type="FAILURE">
<![CDATA[  [firefox] › visual.spec.ts:23:3 › Visual Regression Tests › dashboard layout visual appearance ───

    Test timeout of 30000ms exceeded.

    Error: page.waitForURL: Test timeout of 30000ms exceeded.
    =========================== logs ===========================
    waiting for navigation to "/dashboard" until "load"
    ============================================================

      25 |     
      26 |     // Wait for dashboard to load
    > 27 |     await page.waitForURL('/dashboard');
         |                ^
      28 |     await page.waitForLoadState('networkidle');
      29 |     
      30 |     // Take screenshot of dashboard
        at /home/casio699/projects/kits-Aio/Kitsaiobusinessterminal/tests/e2e/visual.spec.ts:27:16

    attachment #1: screenshot (image/png) ──────────────────────────────────────────────────────────
    ../../test-results/visual-Visual-Regression-T-4b2bb-rd-layout-visual-appearance-firefox/test-failed-1.png
    ────────────────────────────────────────────────────────────────────────────────────────────────

    attachment #2: video (video/webm) ──────────────────────────────────────────────────────────────
    ../../test-results/visual-Visual-Regression-T-4b2bb-rd-layout-visual-appearance-firefox/video.webm
    ────────────────────────────────────────────────────────────────────────────────────────────────

    Error Context: ../../test-results/visual-Visual-Regression-T-4b2bb-rd-layout-visual-appearance-firefox/error-context.md
]]>
</failure>
<system-out>
<![CDATA[
[[ATTACHMENT|visual-Visual-Regression-T-4b2bb-rd-layout-visual-appearance-firefox/test-failed-1.png]]

[[ATTACHMENT|visual-Visual-Regression-T-4b2bb-rd-layout-visual-appearance-firefox/video.webm]]

[[ATTACHMENT|visual-Visual-Regression-T-4b2bb-rd-layout-visual-appearance-firefox/error-context.md]]
]]>
</system-out>
</testcase>
<testcase name="Visual Regression Tests › products page visual appearance" classname="visual.spec.ts" time="31.096">
<failure message="visual.spec.ts:39:3 products page visual appearance" type="FAILURE">
<![CDATA[  [firefox] › visual.spec.ts:39:3 › Visual Regression Tests › products page visual appearance ──────

    Test timeout of 30000ms exceeded.

    Error: page.waitForURL: Test timeout of 30000ms exceeded.
    =========================== logs ===========================
    waiting for navigation to "/dashboard" until "load"
    ============================================================

      38 |     await page.fill('input[type="password"]', 'password123');
      39 |     await page.click('button[type="submit"]');
    > 40 |     await page.waitForURL('/dashboard');
         |                ^
      41 |     
      42 |     await page.click('[data-testid="nav-products"]');
      43 |     await page.waitForURL('/products');
        at /home/casio699/projects/kits-Aio/Kitsaiobusinessterminal/tests/e2e/visual.spec.ts:40:16

    attachment #1: screenshot (image/png) ──────────────────────────────────────────────────────────
    ../../test-results/visual-Visual-Regression-T-fda59-ucts-page-visual-appearance-firefox/test-failed-1.png
    ────────────────────────────────────────────────────────────────────────────────────────────────

    attachment #2: video (video/webm) ──────────────────────────────────────────────────────────────
    ../../test-results/visual-Visual-Regression-T-fda59-ucts-page-visual-appearance-firefox/video.webm
    ────────────────────────────────────────────────────────────────────────────────────────────────

    Error Context: ../../test-results/visual-Visual-Regression-T-fda59-ucts-page-visual-appearance-firefox/error-context.md
]]>
</failure>
<system-out>
<![CDATA[
[[ATTACHMENT|visual-Visual-Regression-T-fda59-ucts-page-visual-appearance-firefox/test-failed-1.png]]

[[ATTACHMENT|visual-Visual-Regression-T-fda59-ucts-page-visual-appearance-firefox/video.webm]]

[[ATTACHMENT|visual-Visual-Regression-T-fda59-ucts-page-visual-appearance-firefox/error-context.md]]
]]>
</system-out>
</testcase>
<testcase name="Visual Regression Tests › tenant info component visual appearance" classname="visual.spec.ts" time="30.878">
<failure message="visual.spec.ts:55:3 tenant info component visual appearance" type="FAILURE">
<![CDATA[  [firefox] › visual.spec.ts:55:3 › Visual Regression Tests › tenant info component visual appearance 

    Test timeout of 30000ms exceeded.

    Error: page.waitForURL: Test timeout of 30000ms exceeded.
    =========================== logs ===========================
    waiting for navigation to "/dashboard" until "load"
    ============================================================

      54 |     await page.fill('input[type="password"]', 'password123');
      55 |     await page.click('button[type="submit"]');
    > 56 |     await page.waitForURL('/dashboard');
         |                ^
      57 |     
      58 |     // Wait for tenant info to load
      59 |     await page.waitForSelector('[data-testid="tenant-info"]');
        at /home/casio699/projects/kits-Aio/Kitsaiobusinessterminal/tests/e2e/visual.spec.ts:56:16

    attachment #1: screenshot (image/png) ──────────────────────────────────────────────────────────
    ../../test-results/visual-Visual-Regression-T-d1855-component-visual-appearance-firefox/test-failed-1.png
    ────────────────────────────────────────────────────────────────────────────────────────────────

    attachment #2: video (video/webm) ──────────────────────────────────────────────────────────────
    ../../test-results/visual-Visual-Regression-T-d1855-component-visual-appearance-firefox/video.webm
    ────────────────────────────────────────────────────────────────────────────────────────────────

    Error Context: ../../test-results/visual-Visual-Regression-T-d1855-component-visual-appearance-firefox/error-context.md
]]>
</failure>
<system-out>
<![CDATA[
[[ATTACHMENT|visual-Visual-Regression-T-d1855-component-visual-appearance-firefox/test-failed-1.png]]

[[ATTACHMENT|visual-Visual-Regression-T-d1855-component-visual-appearance-firefox/video.webm]]

[[ATTACHMENT|visual-Visual-Regression-T-d1855-component-visual-appearance-firefox/error-context.md]]
]]>
</system-out>
</testcase>
<testcase name="Visual Regression Tests › navigation sidebar visual appearance" classname="visual.spec.ts" time="30.961">
<failure message="visual.spec.ts:73:3 navigation sidebar visual appearance" type="FAILURE">
<![CDATA[  [firefox] › visual.spec.ts:73:3 › Visual Regression Tests › navigation sidebar visual appearance ─

    Test timeout of 30000ms exceeded.

    Error: page.waitForURL: Test timeout of 30000ms exceeded.
    =========================== logs ===========================
    waiting for navigation to "/dashboard" until "load"
    ============================================================

      71 |     await page.fill('input[type="password"]', 'password123');
      72 |     await page.click('button[type="submit"]');
    > 73 |     await page.waitForURL('/dashboard');
         |                ^
      74 |     await page.waitForLoadState('networkidle');
      75 |     
      76 |     // Take screenshot of navigation sidebar
        at /home/casio699/projects/kits-Aio/Kitsaiobusinessterminal/tests/e2e/visual.spec.ts:73:16

    attachment #1: screenshot (image/png) ──────────────────────────────────────────────────────────
    ../../test-results/visual-Visual-Regression-T-58a0c-n-sidebar-visual-appearance-firefox/test-failed-1.png
    ────────────────────────────────────────────────────────────────────────────────────────────────

    attachment #2: video (video/webm) ──────────────────────────────────────────────────────────────
    ../../test-results/visual-Visual-Regression-T-58a0c-n-sidebar-visual-appearance-firefox/video.webm
    ────────────────────────────────────────────────────────────────────────────────────────────────

    Error Context: ../../test-results/visual-Visual-Regression-T-58a0c-n-sidebar-visual-appearance-firefox/error-context.md
]]>
</failure>
<system-out>
<![CDATA[
[[ATTACHMENT|visual-Visual-Regression-T-58a0c-n-sidebar-visual-appearance-firefox/test-failed-1.png]]

[[ATTACHMENT|visual-Visual-Regression-T-58a0c-n-sidebar-visual-appearance-firefox/video.webm]]

[[ATTACHMENT|visual-Visual-Regression-T-58a0c-n-sidebar-visual-appearance-firefox/error-context.md]]
]]>
</system-out>
</testcase>
<testcase name="Visual Regression Tests › forms visual appearance" classname="visual.spec.ts" time="30.966">
<failure message="visual.spec.ts:88:3 forms visual appearance" type="FAILURE">
<![CDATA[  [firefox] › visual.spec.ts:88:3 › Visual Regression Tests › forms visual appearance ──────────────

    Test timeout of 30000ms exceeded.

    Error: page.waitForURL: Test timeout of 30000ms exceeded.
    =========================== logs ===========================
    waiting for navigation to "/dashboard" until "load"
    ============================================================

      85 |     await page.fill('input[type="password"]', 'password123');
      86 |     await page.click('button[type="submit"]');
    > 87 |     await page.waitForURL('/dashboard');
         |                ^
      88 |     
      89 |     await page.click('[data-testid="nav-products"]');
      90 |     await page.waitForURL('/products');
        at /home/casio699/projects/kits-Aio/Kitsaiobusinessterminal/tests/e2e/visual.spec.ts:87:16

    attachment #1: screenshot (image/png) ──────────────────────────────────────────────────────────
    ../../test-results/visual-Visual-Regression-Tests-forms-visual-appearance-firefox/test-failed-1.png
    ────────────────────────────────────────────────────────────────────────────────────────────────

    attachment #2: video (video/webm) ──────────────────────────────────────────────────────────────
    ../../test-results/visual-Visual-Regression-Tests-forms-visual-appearance-firefox/video.webm
    ────────────────────────────────────────────────────────────────────────────────────────────────

    Error Context: ../../test-results/visual-Visual-Regression-Tests-forms-visual-appearance-firefox/error-context.md
]]>
</failure>
<system-out>
<![CDATA[
[[ATTACHMENT|visual-Visual-Regression-Tests-forms-visual-appearance-firefox/test-failed-1.png]]

[[ATTACHMENT|visual-Visual-Regression-Tests-forms-visual-appearance-firefox/video.webm]]

[[ATTACHMENT|visual-Visual-Regression-Tests-forms-visual-appearance-firefox/error-context.md]]
]]>
</system-out>
</testcase>
<testcase name="Visual Regression Tests › error states visual appearance" classname="visual.spec.ts" time="30.99">
<failure message="visual.spec.ts:108:3 error states visual appearance" type="FAILURE">
<![CDATA[  [firefox] › visual.spec.ts:108:3 › Visual Regression Tests › error states visual appearance ──────

    Test timeout of 30000ms exceeded.

    Error: page.waitForSelector: Test timeout of 30000ms exceeded.
    Call log:
      - waiting for locator('[data-testid="error-message"]') to be visible


      108 |     
      109 |     // Wait for error message to appear
    > 110 |     await page.waitForSelector('[data-testid="error-message"]');
          |                ^
      111 |     await page.waitForLoadState('networkidle');
      112 |     
      113 |     // Take screenshot of error state
        at /home/casio699/projects/kits-Aio/Kitsaiobusinessterminal/tests/e2e/visual.spec.ts:110:16

    attachment #1: screenshot (image/png) ──────────────────────────────────────────────────────────
    ../../test-results/visual-Visual-Regression-T-2b356-or-states-visual-appearance-firefox/test-failed-1.png
    ────────────────────────────────────────────────────────────────────────────────────────────────

    attachment #2: video (video/webm) ──────────────────────────────────────────────────────────────
    ../../test-results/visual-Visual-Regression-T-2b356-or-states-visual-appearance-firefox/video.webm
    ────────────────────────────────────────────────────────────────────────────────────────────────

    Error Context: ../../test-results/visual-Visual-Regression-T-2b356-or-states-visual-appearance-firefox/error-context.md
]]>
</failure>
<system-out>
<![CDATA[
[[ATTACHMENT|visual-Visual-Regression-T-2b356-or-states-visual-appearance-firefox/test-failed-1.png]]

[[ATTACHMENT|visual-Visual-Regression-T-2b356-or-states-visual-appearance-firefox/video.webm]]

[[ATTACHMENT|visual-Visual-Regression-T-2b356-or-states-visual-appearance-firefox/error-context.md]]
]]>
</system-out>
</testcase>
<testcase name="Visual Regression Tests › loading states visual appearance" classname="visual.spec.ts" time="30.346">
<failure message="visual.spec.ts:125:3 loading states visual appearance" type="FAILURE">
<![CDATA[  [firefox] › visual.spec.ts:125:3 › Visual Regression Tests › loading states visual appearance ────

    Test timeout of 30000ms exceeded.

    Error: page.waitForSelector: Test timeout of 30000ms exceeded.
    Call log:
      - waiting for locator('[data-testid="loading-indicator"]') to be visible


      134 |     
      135 |     // Wait for loading indicator
    > 136 |     await page.waitForSelector('[data-testid="loading-indicator"]');
          |                ^
      137 |     
      138 |     // Take screenshot of loading state
      139 |     await expect(page).toHaveScreenshot('loading-state.png');
        at /home/casio699/projects/kits-Aio/Kitsaiobusinessterminal/tests/e2e/visual.spec.ts:136:16

    attachment #1: screenshot (image/png) ──────────────────────────────────────────────────────────
    ../../test-results/visual-Visual-Regression-T-e011f-ng-states-visual-appearance-firefox/test-failed-1.png
    ────────────────────────────────────────────────────────────────────────────────────────────────

    attachment #2: video (video/webm) ──────────────────────────────────────────────────────────────
    ../../test-results/visual-Visual-Regression-T-e011f-ng-states-visual-appearance-firefox/video.webm
    ────────────────────────────────────────────────────────────────────────────────────────────────

    Error Context: ../../test-results/visual-Visual-Regression-T-e011f-ng-states-visual-appearance-firefox/error-context.md
]]>
</failure>
<system-out>
<![CDATA[
[[ATTACHMENT|visual-Visual-Regression-T-e011f-ng-states-visual-appearance-firefox/test-failed-1.png]]

[[ATTACHMENT|visual-Visual-Regression-T-e011f-ng-states-visual-appearance-firefox/video.webm]]

[[ATTACHMENT|visual-Visual-Regression-T-e011f-ng-states-visual-appearance-firefox/error-context.md]]
]]>
</system-out>
</testcase>
<testcase name="Visual Regression Tests › responsive design - mobile" classname="visual.spec.ts" time="6.002">
<failure message="visual.spec.ts:152:3 responsive design - mobile" type="FAILURE">
<![CDATA[  [firefox] › visual.spec.ts:152:3 › Visual Regression Tests › responsive design - mobile ──────────

    Error: A snapshot doesn't exist at /home/casio699/projects/kits-Aio/Kitsaiobusinessterminal/tests/e2e/visual.spec.ts-snapshots/mobile-login-firefox-linux.png, writing actual.

      148 |     
      149 |     // Take screenshot of mobile login
    > 150 |     await expect(page).toHaveScreenshot('mobile-login.png');
          |     ^
      151 |   });
      152 |
      153 |   test('responsive design - tablet', async ({ page }) => {
        at /home/casio699/projects/kits-Aio/Kitsaiobusinessterminal/tests/e2e/visual.spec.ts:150:5

    attachment #1: mobile-login (image/png) ────────────────────────────────────────────────────────
    Expected: visual.spec.ts-snapshots/mobile-login-firefox-linux.png
    Received: ../../test-results/visual-Visual-Regression-Tests-responsive-design---mobile-firefox/mobile-login-actual.png
    ────────────────────────────────────────────────────────────────────────────────────────────────

    attachment #2: screenshot (image/png) ──────────────────────────────────────────────────────────
    ../../test-results/visual-Visual-Regression-Tests-responsive-design---mobile-firefox/test-failed-1.png
    ────────────────────────────────────────────────────────────────────────────────────────────────

    attachment #3: video (video/webm) ──────────────────────────────────────────────────────────────
    ../../test-results/visual-Visual-Regression-Tests-responsive-design---mobile-firefox/video.webm
    ────────────────────────────────────────────────────────────────────────────────────────────────

    Error Context: ../../test-results/visual-Visual-Regression-Tests-responsive-design---mobile-firefox/error-context.md
]]>
</failure>
<system-out>
<![CDATA[
[[ATTACHMENT|../tests/e2e/visual.spec.ts-snapshots/mobile-login-firefox-linux.png]]

[[ATTACHMENT|visual-Visual-Regression-Tests-responsive-design---mobile-firefox/mobile-login-actual.png]]

[[ATTACHMENT|visual-Visual-Regression-Tests-responsive-design---mobile-firefox/test-failed-1.png]]

[[ATTACHMENT|visual-Visual-Regression-Tests-responsive-design---mobile-firefox/video.webm]]

[[ATTACHMENT|visual-Visual-Regression-Tests-responsive-design---mobile-firefox/error-context.md]]
]]>
</system-out>
</testcase>
<testcase name="Visual Regression Tests › responsive design - tablet" classname="visual.spec.ts" time="30.103">
<failure message="visual.spec.ts:166:3 responsive design - tablet" type="FAILURE">
<![CDATA[  [firefox] › visual.spec.ts:166:3 › Visual Regression Tests › responsive design - tablet ──────────

    Test timeout of 30000ms exceeded.

    Error: page.waitForURL: Test timeout of 30000ms exceeded.
    =========================== logs ===========================
    waiting for navigation to "/dashboard" until "load"
    ============================================================

      160 |     await page.fill('input[type="password"]', 'password123');
      161 |     await page.click('button[type="submit"]');
    > 162 |     await page.waitForURL('/dashboard');
          |                ^
      163 |     await page.waitForLoadState('networkidle');
      164 |     
      165 |     // Take screenshot of tablet dashboard
        at /home/casio699/projects/kits-Aio/Kitsaiobusinessterminal/tests/e2e/visual.spec.ts:162:16

    attachment #1: screenshot (image/png) ──────────────────────────────────────────────────────────
    ../../test-results/visual-Visual-Regression-Tests-responsive-design---tablet-firefox/test-failed-1.png
    ────────────────────────────────────────────────────────────────────────────────────────────────

    attachment #2: video (video/webm) ──────────────────────────────────────────────────────────────
    ../../test-results/visual-Visual-Regression-Tests-responsive-design---tablet-firefox/video.webm
    ────────────────────────────────────────────────────────────────────────────────────────────────

    Error Context: ../../test-results/visual-Visual-Regression-Tests-responsive-design---tablet-firefox/error-context.md
]]>
</failure>
<system-out>
<![CDATA[
[[ATTACHMENT|visual-Visual-Regression-Tests-responsive-design---tablet-firefox/test-failed-1.png]]

[[ATTACHMENT|visual-Visual-Regression-Tests-responsive-design---tablet-firefox/video.webm]]

[[ATTACHMENT|visual-Visual-Regression-Tests-responsive-design---tablet-firefox/error-context.md]]
]]>
</system-out>
</testcase>
</testsuite>
<testsuite name="accessibility.spec.ts" timestamp="2025-12-27T22:32:02.477Z" hostname="webkit" tests="10" failures="10" skipped="0" time="242.392" errors="0">
<testcase name="Accessibility Visual Tests › high contrast mode visual appearance" classname="accessibility.spec.ts" time="10.409">
<failure message="accessibility.spec.ts:12:3 high contrast mode visual appearance" type="FAILURE">
<![CDATA[  [webkit] › accessibility.spec.ts:12:3 › Accessibility Visual Tests › high contrast mode visual appearance 

    Error: expect(page).toHaveScreenshot(expected) failed

    Timeout: 5000ms
      Timeout 5000ms exceeded.

      Snapshot: high-contrast-login.png

    Call log:
      - Expect "toHaveScreenshot(high-contrast-login.png)" with timeout 5000ms
        - generating new stable screenshot expectation
      - taking page screenshot
        - disabled all CSS animations
      - waiting for fonts to load...
      - fonts loaded
      - waiting 100ms before taking screenshot
      - Timeout 5000ms exceeded.


      15 |     
      16 |     // Take screenshot in high contrast mode
    > 17 |     await expect(page).toHaveScreenshot('high-contrast-login.png');
         |                        ^
      18 |   });
      19 |
      20 |   test('reduced motion visual appearance', async ({ page }) => {
        at /home/casio699/projects/kits-Aio/Kitsaiobusinessterminal/tests/e2e/accessibility.spec.ts:17:24

    attachment #1: screenshot (image/png) ──────────────────────────────────────────────────────────
    ../../test-results/accessibility-Accessibilit-6e559-rast-mode-visual-appearance-webkit/test-failed-1.png
    ────────────────────────────────────────────────────────────────────────────────────────────────

    attachment #2: video (video/webm) ──────────────────────────────────────────────────────────────
    ../../test-results/accessibility-Accessibilit-6e559-rast-mode-visual-appearance-webkit/video.webm
    ────────────────────────────────────────────────────────────────────────────────────────────────

    Error Context: ../../test-results/accessibility-Accessibilit-6e559-rast-mode-visual-appearance-webkit/error-context.md
]]>
</failure>
<system-out>
<![CDATA[
[[ATTACHMENT|accessibility-Accessibilit-6e559-rast-mode-visual-appearance-webkit/test-failed-1.png]]

[[ATTACHMENT|accessibility-Accessibilit-6e559-rast-mode-visual-appearance-webkit/video.webm]]

[[ATTACHMENT|accessibility-Accessibilit-6e559-rast-mode-visual-appearance-webkit/error-context.md]]
]]>
</system-out>
</testcase>
<testcase name="Accessibility Visual Tests › reduced motion visual appearance" classname="accessibility.spec.ts" time="31.813">
<failure message="accessibility.spec.ts:26:3 reduced motion visual appearance" type="FAILURE">
<![CDATA[  [webkit] › accessibility.spec.ts:26:3 › Accessibility Visual Tests › reduced motion visual appearance 

    Test timeout of 30000ms exceeded.

    Error: page.waitForURL: Test timeout of 30000ms exceeded.
    =========================== logs ===========================
    waiting for navigation to "/dashboard" until "load"
    ============================================================

      27 |     await page.fill('input[type="password"]', 'password123');
      28 |     await page.click('button[type="submit"]');
    > 29 |     await page.waitForURL('/dashboard');
         |                ^
      30 |     await page.waitForLoadState('networkidle');
      31 |     
      32 |     // Take screenshot with reduced motion
        at /home/casio699/projects/kits-Aio/Kitsaiobusinessterminal/tests/e2e/accessibility.spec.ts:29:16

    attachment #1: screenshot (image/png) ──────────────────────────────────────────────────────────
    ../../test-results/accessibility-Accessibilit-b626d-ed-motion-visual-appearance-webkit/test-failed-1.png
    ────────────────────────────────────────────────────────────────────────────────────────────────

    attachment #2: video (video/webm) ──────────────────────────────────────────────────────────────
    ../../test-results/accessibility-Accessibilit-b626d-ed-motion-visual-appearance-webkit/video.webm
    ────────────────────────────────────────────────────────────────────────────────────────────────

    Error Context: ../../test-results/accessibility-Accessibilit-b626d-ed-motion-visual-appearance-webkit/error-context.md
]]>
</failure>
<system-out>
<![CDATA[
[[ATTACHMENT|accessibility-Accessibilit-b626d-ed-motion-visual-appearance-webkit/test-failed-1.png]]

[[ATTACHMENT|accessibility-Accessibilit-b626d-ed-motion-visual-appearance-webkit/video.webm]]

[[ATTACHMENT|accessibility-Accessibilit-b626d-ed-motion-visual-appearance-webkit/error-context.md]]
]]>
</system-out>
</testcase>
<testcase name="Accessibility Visual Tests › keyboard navigation focus states" classname="accessibility.spec.ts" time="10.833">
<failure message="accessibility.spec.ts:45:3 keyboard navigation focus states" type="FAILURE">
<![CDATA[  [webkit] › accessibility.spec.ts:45:3 › Accessibility Visual Tests › keyboard navigation focus states 

    Error: expect(page).toHaveScreenshot(expected) failed

    Timeout: 5000ms
      Failed to take two consecutive stable screenshots.

      Snapshot: focus-email-input.png

    Call log:
      - Expect "toHaveScreenshot(focus-email-input.png)" with timeout 5000ms
        - generating new stable screenshot expectation
      - taking page screenshot
        - disabled all CSS animations
      - waiting for fonts to load...
      - fonts loaded
      - waiting 100ms before taking screenshot
      - taking page screenshot
        - disabled all CSS animations
      - waiting for fonts to load...
      - fonts loaded
      - Timeout 5000ms exceeded.


      40 |     await page.keyboard.press('Tab');
      41 |     await page.waitForTimeout(100);
    > 42 |     await expect(page).toHaveScreenshot('focus-email-input.png');
         |                        ^
      43 |     
      44 |     await page.keyboard.press('Tab');
      45 |     await page.waitForTimeout(100);
        at /home/casio699/projects/kits-Aio/Kitsaiobusinessterminal/tests/e2e/accessibility.spec.ts:42:24

    attachment #1: focus-email-input (image/png) ───────────────────────────────────────────────────
    Received: ../../test-results/accessibility-Accessibilit-9a7b5-ard-navigation-focus-states-webkit/focus-email-input-actual.png
    Previous: ../../test-results/accessibility-Accessibilit-9a7b5-ard-navigation-focus-states-webkit/focus-email-input-previous.png
    Diff:     ../../test-results/accessibility-Accessibilit-9a7b5-ard-navigation-focus-states-webkit/focus-email-input-diff.png
    ────────────────────────────────────────────────────────────────────────────────────────────────

    attachment #2: screenshot (image/png) ──────────────────────────────────────────────────────────
    ../../test-results/accessibility-Accessibilit-9a7b5-ard-navigation-focus-states-webkit/test-failed-1.png
    ────────────────────────────────────────────────────────────────────────────────────────────────

    attachment #3: video (video/webm) ──────────────────────────────────────────────────────────────
    ../../test-results/accessibility-Accessibilit-9a7b5-ard-navigation-focus-states-webkit/video.webm
    ────────────────────────────────────────────────────────────────────────────────────────────────

    Error Context: ../../test-results/accessibility-Accessibilit-9a7b5-ard-navigation-focus-states-webkit/error-context.md
]]>
</failure>
<system-out>
<![CDATA[
[[ATTACHMENT|accessibility-Accessibilit-9a7b5-ard-navigation-focus-states-webkit/focus-email-input-previous.png]]

[[ATTACHMENT|accessibility-Accessibilit-9a7b5-ard-navigation-focus-states-webkit/focus-email-input-actual.png]]

[[ATTACHMENT|accessibility-Accessibilit-9a7b5-ard-navigation-focus-states-webkit/focus-email-input-diff.png]]

[[ATTACHMENT|accessibility-Accessibilit-9a7b5-ard-navigation-focus-states-webkit/test-failed-1.png]]

[[ATTACHMENT|accessibility-Accessibilit-9a7b5-ard-navigation-focus-states-webkit/video.webm]]

[[ATTACHMENT|accessibility-Accessibilit-9a7b5-ard-navigation-focus-states-webkit/error-context.md]]
]]>
</system-out>
</testcase>
<testcase name="Accessibility Visual Tests › screen reader friendly structure" classname="accessibility.spec.ts" time="32.493">
<failure message="accessibility.spec.ts:61:3 screen reader friendly structure" type="FAILURE">
<![CDATA[  [webkit] › accessibility.spec.ts:61:3 › Accessibility Visual Tests › screen reader friendly structure 

    Test timeout of 30000ms exceeded.

    Error: page.waitForURL: Test timeout of 30000ms exceeded.
    =========================== logs ===========================
    waiting for navigation to "/dashboard" until "load"
    ============================================================

      57 |     await page.fill('input[type="password"]', 'password123');
      58 |     await page.click('button[type="submit"]');
    > 59 |     await page.waitForURL('/dashboard');
         |                ^
      60 |     await page.waitForLoadState('networkidle');
      61 |     
      62 |     // Check semantic structure
        at /home/casio699/projects/kits-Aio/Kitsaiobusinessterminal/tests/e2e/accessibility.spec.ts:59:16

    attachment #1: screenshot (image/png) ──────────────────────────────────────────────────────────
    ../../test-results/accessibility-Accessibilit-2d679-n-reader-friendly-structure-webkit/test-failed-1.png
    ────────────────────────────────────────────────────────────────────────────────────────────────

    attachment #2: video (video/webm) ──────────────────────────────────────────────────────────────
    ../../test-results/accessibility-Accessibilit-2d679-n-reader-friendly-structure-webkit/video.webm
    ────────────────────────────────────────────────────────────────────────────────────────────────

    Error Context: ../../test-results/accessibility-Accessibilit-2d679-n-reader-friendly-structure-webkit/error-context.md
]]>
</failure>
<system-out>
<![CDATA[
[[ATTACHMENT|accessibility-Accessibilit-2d679-n-reader-friendly-structure-webkit/test-failed-1.png]]

[[ATTACHMENT|accessibility-Accessibilit-2d679-n-reader-friendly-structure-webkit/video.webm]]

[[ATTACHMENT|accessibility-Accessibilit-2d679-n-reader-friendly-structure-webkit/error-context.md]]
]]>
</system-out>
</testcase>
<testcase name="Accessibility Visual Tests › color contrast compliance" classname="accessibility.spec.ts" time="10.144">
<failure message="accessibility.spec.ts:79:3 color contrast compliance" type="FAILURE">
<![CDATA[  [webkit] › accessibility.spec.ts:79:3 › Accessibility Visual Tests › color contrast compliance ───

    Error: expect(page).toHaveScreenshot(expected) failed

    Timeout: 5000ms
      Failed to take two consecutive stable screenshots.

      Snapshot: color-contrast-login.png

    Call log:
      - Expect "toHaveScreenshot(color-contrast-login.png)" with timeout 5000ms
        - generating new stable screenshot expectation
      - taking page screenshot
        - disabled all CSS animations
      - waiting for fonts to load...
      - fonts loaded
      - waiting 100ms before taking screenshot
      - taking page screenshot
        - disabled all CSS animations
      - waiting for fonts to load...
      - fonts loaded
      - 28369 pixels (ratio 0.04 of all image pixels) are different.
      - waiting 250ms before taking screenshot
      - Timeout 5000ms exceeded.


      73 |     
      74 |     // Take screenshot for color contrast analysis
    > 75 |     await expect(page).toHaveScreenshot('color-contrast-login.png');
         |                        ^
      76 |     
      77 |     // Check for proper contrast ratios (would need additional tools for automated testing)
      78 |     const textElements = page.locator('button, input, label, a, h1, h2, h3, p, span');
        at /home/casio699/projects/kits-Aio/Kitsaiobusinessterminal/tests/e2e/accessibility.spec.ts:75:24

    attachment #1: color-contrast-login (image/png) ────────────────────────────────────────────────
    Received: ../../test-results/accessibility-Accessibilit-76076-s-color-contrast-compliance-webkit/color-contrast-login-actual.png
    Previous: ../../test-results/accessibility-Accessibilit-76076-s-color-contrast-compliance-webkit/color-contrast-login-previous.png
    Diff:     ../../test-results/accessibility-Accessibilit-76076-s-color-contrast-compliance-webkit/color-contrast-login-diff.png
    ────────────────────────────────────────────────────────────────────────────────────────────────

    attachment #2: screenshot (image/png) ──────────────────────────────────────────────────────────
    ../../test-results/accessibility-Accessibilit-76076-s-color-contrast-compliance-webkit/test-failed-1.png
    ────────────────────────────────────────────────────────────────────────────────────────────────

    attachment #3: video (video/webm) ──────────────────────────────────────────────────────────────
    ../../test-results/accessibility-Accessibilit-76076-s-color-contrast-compliance-webkit/video.webm
    ────────────────────────────────────────────────────────────────────────────────────────────────

    Error Context: ../../test-results/accessibility-Accessibilit-76076-s-color-contrast-compliance-webkit/error-context.md
]]>
</failure>
<system-out>
<![CDATA[
[[ATTACHMENT|accessibility-Accessibilit-76076-s-color-contrast-compliance-webkit/color-contrast-login-previous.png]]

[[ATTACHMENT|accessibility-Accessibilit-76076-s-color-contrast-compliance-webkit/color-contrast-login-actual.png]]

[[ATTACHMENT|accessibility-Accessibilit-76076-s-color-contrast-compliance-webkit/color-contrast-login-diff.png]]

[[ATTACHMENT|accessibility-Accessibilit-76076-s-color-contrast-compliance-webkit/test-failed-1.png]]

[[ATTACHMENT|accessibility-Accessibilit-76076-s-color-contrast-compliance-webkit/video.webm]]

[[ATTACHMENT|accessibility-Accessibilit-76076-s-color-contrast-compliance-webkit/error-context.md]]
]]>
</system-out>
</testcase>
<testcase name="Accessibility Visual Tests › accessible form labels" classname="accessibility.spec.ts" time="7.706">
<failure message="accessibility.spec.ts:93:3 accessible form labels" type="FAILURE">
<![CDATA[  [webkit] › accessibility.spec.ts:93:3 › Accessibility Visual Tests › accessible form labels ──────

    Error: expect(received).toBe(expected) // Object.is equality

    Expected: 1
    Received: 0

      93 |       const id = await input.getAttribute('id');
      94 |       const label = page.locator(`label[for="${id}"]`);
    > 95 |       expect(await label.count()).toBe(1);
         |                                   ^
      96 |     }
      97 |     
      98 |     // Take screenshot of accessible form
        at /home/casio699/projects/kits-Aio/Kitsaiobusinessterminal/tests/e2e/accessibility.spec.ts:95:35

    attachment #1: screenshot (image/png) ──────────────────────────────────────────────────────────
    ../../test-results/accessibility-Accessibilit-0ba92-ests-accessible-form-labels-webkit/test-failed-1.png
    ────────────────────────────────────────────────────────────────────────────────────────────────

    attachment #2: video (video/webm) ──────────────────────────────────────────────────────────────
    ../../test-results/accessibility-Accessibilit-0ba92-ests-accessible-form-labels-webkit/video.webm
    ────────────────────────────────────────────────────────────────────────────────────────────────

    Error Context: ../../test-results/accessibility-Accessibilit-0ba92-ests-accessible-form-labels-webkit/error-context.md
]]>
</failure>
<system-out>
<![CDATA[
[[ATTACHMENT|accessibility-Accessibilit-0ba92-ests-accessible-form-labels-webkit/test-failed-1.png]]

[[ATTACHMENT|accessibility-Accessibilit-0ba92-ests-accessible-form-labels-webkit/video.webm]]

[[ATTACHMENT|accessibility-Accessibilit-0ba92-ests-accessible-form-labels-webkit/error-context.md]]
]]>
</system-out>
</testcase>
<testcase name="Accessibility Visual Tests › ARIA landmarks and roles" classname="accessibility.spec.ts" time="34.087">
<failure message="accessibility.spec.ts:112:3 ARIA landmarks and roles" type="FAILURE">
<![CDATA[  [webkit] › accessibility.spec.ts:112:3 › Accessibility Visual Tests › ARIA landmarks and roles ───

    Test timeout of 30000ms exceeded.

    Error: page.waitForURL: Test timeout of 30000ms exceeded.
    =========================== logs ===========================
    waiting for navigation to "/dashboard" until "load"
    ============================================================

      106 |     await page.fill('input[type="password"]', 'password123');
      107 |     await page.click('button[type="submit"]');
    > 108 |     await page.waitForURL('/dashboard');
          |                ^
      109 |     await page.waitForLoadState('networkidle');
      110 |     
      111 |     // Check for ARIA landmarks
        at /home/casio699/projects/kits-Aio/Kitsaiobusinessterminal/tests/e2e/accessibility.spec.ts:108:16

    attachment #1: screenshot (image/png) ──────────────────────────────────────────────────────────
    ../../test-results/accessibility-Accessibilit-00060-ts-ARIA-landmarks-and-roles-webkit/test-failed-1.png
    ────────────────────────────────────────────────────────────────────────────────────────────────

    attachment #2: video (video/webm) ──────────────────────────────────────────────────────────────
    ../../test-results/accessibility-Accessibilit-00060-ts-ARIA-landmarks-and-roles-webkit/video.webm
    ────────────────────────────────────────────────────────────────────────────────────────────────

    Error Context: ../../test-results/accessibility-Accessibilit-00060-ts-ARIA-landmarks-and-roles-webkit/error-context.md
]]>
</failure>
<system-out>
<![CDATA[
[[ATTACHMENT|accessibility-Accessibilit-00060-ts-ARIA-landmarks-and-roles-webkit/test-failed-1.png]]

[[ATTACHMENT|accessibility-Accessibilit-00060-ts-ARIA-landmarks-and-roles-webkit/video.webm]]

[[ATTACHMENT|accessibility-Accessibilit-00060-ts-ARIA-landmarks-and-roles-webkit/error-context.md]]
]]>
</system-out>
</testcase>
<testcase name="Accessibility Visual Tests › accessible navigation" classname="accessibility.spec.ts" time="34.844">
<failure message="accessibility.spec.ts:132:3 accessible navigation" type="FAILURE">
<![CDATA[  [webkit] › accessibility.spec.ts:132:3 › Accessibility Visual Tests › accessible navigation ──────

    Test timeout of 30000ms exceeded.

    Error: page.click: Test timeout of 30000ms exceeded.
    Call log:
      - waiting for locator('button[type="submit"]')
        - locator resolved to <button type="submit" class="tilt-hover w-full rounded-xl bg-gradient-to-r from-indigo-600 to-sky-500 py-3 text-sm font-semibold text-white shadow-lg shadow-indigo-500/30 disabled:cursor-not-allowed disabled:opacity-60 sm:rounded-2xl">Sign In</button>
      - attempting click action
        - waiting for element to be visible, enabled and stable
      - element was detached from the DOM, retrying


      125 |     await page.fill('input[type="email"]', 'test@example.com');
      126 |     await page.fill('input[type="password"]', 'password123');
    > 127 |     await page.click('button[type="submit"]');
          |                ^
      128 |     await page.waitForURL('/dashboard');
      129 |     await page.waitForLoadState('networkidle');
      130 |     
        at /home/casio699/projects/kits-Aio/Kitsaiobusinessterminal/tests/e2e/accessibility.spec.ts:127:16

    attachment #1: screenshot (image/png) ──────────────────────────────────────────────────────────
    ../../test-results/accessibility-Accessibilit-d782d-Tests-accessible-navigation-webkit/test-failed-1.png
    ────────────────────────────────────────────────────────────────────────────────────────────────

    attachment #2: video (video/webm) ──────────────────────────────────────────────────────────────
    ../../test-results/accessibility-Accessibilit-d782d-Tests-accessible-navigation-webkit/video.webm
    ────────────────────────────────────────────────────────────────────────────────────────────────

    Error Context: ../../test-results/accessibility-Accessibilit-d782d-Tests-accessible-navigation-webkit/error-context.md
]]>
</failure>
<system-out>
<![CDATA[
[[ATTACHMENT|accessibility-Accessibilit-d782d-Tests-accessible-navigation-webkit/test-failed-1.png]]

[[ATTACHMENT|accessibility-Accessibilit-d782d-Tests-accessible-navigation-webkit/video.webm]]

[[ATTACHMENT|accessibility-Accessibilit-d782d-Tests-accessible-navigation-webkit/error-context.md]]
]]>
</system-out>
</testcase>
<testcase name="Accessibility Visual Tests › accessible data tables" classname="accessibility.spec.ts" time="34.881">
<failure message="accessibility.spec.ts:150:3 accessible data tables" type="FAILURE">
<![CDATA[  [webkit] › accessibility.spec.ts:150:3 › Accessibility Visual Tests › accessible data tables ─────

    Test timeout of 30000ms exceeded.

    Error: page.click: Test timeout of 30000ms exceeded.
    Call log:
      - waiting for locator('button[type="submit"]')
        - locator resolved to <button type="submit" class="tilt-hover w-full rounded-xl bg-gradient-to-r from-indigo-600 to-sky-500 py-3 text-sm font-semibold text-white shadow-lg shadow-indigo-500/30 disabled:cursor-not-allowed disabled:opacity-60 sm:rounded-2xl">Sign In</button>
      - attempting click action
        - waiting for element to be visible, enabled and stable
      - element was detached from the DOM, retrying


      142 |     await page.fill('input[type="email"]', 'test@example.com');
      143 |     await page.fill('input[type="password"]', 'password123');
    > 144 |     await page.click('button[type="submit"]');
          |                ^
      145 |     await page.waitForURL('/dashboard');
      146 |     
      147 |     await page.click('[data-testid="nav-products"]');
        at /home/casio699/projects/kits-Aio/Kitsaiobusinessterminal/tests/e2e/accessibility.spec.ts:144:16

    attachment #1: screenshot (image/png) ──────────────────────────────────────────────────────────
    ../../test-results/accessibility-Accessibilit-d6a05-ests-accessible-data-tables-webkit/test-failed-1.png
    ────────────────────────────────────────────────────────────────────────────────────────────────

    attachment #2: video (video/webm) ──────────────────────────────────────────────────────────────
    ../../test-results/accessibility-Accessibilit-d6a05-ests-accessible-data-tables-webkit/video.webm
    ────────────────────────────────────────────────────────────────────────────────────────────────

    Error Context: ../../test-results/accessibility-Accessibilit-d6a05-ests-accessible-data-tables-webkit/error-context.md
]]>
</failure>
<system-out>
<![CDATA[
[[ATTACHMENT|accessibility-Accessibilit-d6a05-ests-accessible-data-tables-webkit/test-failed-1.png]]

[[ATTACHMENT|accessibility-Accessibilit-d6a05-ests-accessible-data-tables-webkit/video.webm]]

[[ATTACHMENT|accessibility-Accessibilit-d6a05-ests-accessible-data-tables-webkit/error-context.md]]
]]>
</system-out>
</testcase>
<testcase name="Accessibility Visual Tests › accessible error messages" classname="accessibility.spec.ts" time="35.182">
<failure message="accessibility.spec.ts:178:3 accessible error messages" type="FAILURE">
<![CDATA[  [webkit] › accessibility.spec.ts:178:3 › Accessibility Visual Tests › accessible error messages ──

    Test timeout of 30000ms exceeded.

    Error: page.fill: Test timeout of 30000ms exceeded.
    Call log:
      - waiting for locator('input[type="password"]')
        - locator resolved to <input value="" required="" type="password" placeholder="••••••••" class="mt-2 w-full rounded-xl border border-slate-200 bg-white/95 px-4 py-3 text-sm text-slate-900 shadow-inner shadow-white/60 focus:border-indigo-500 focus:outline-none sm:rounded-2xl"/>
        - fill("wrongpassword")
      - attempting fill action
        - waiting for element to be visible, enabled and editable
      - element was detached from the DOM, retrying


      170 |     // Trigger error
      171 |     await page.fill('input[type="email"]', 'invalid@example.com');
    > 172 |     await page.fill('input[type="password"]', 'wrongpassword');
          |                ^
      173 |     await page.click('button[type="submit"]');
      174 |     
      175 |     // Wait for error message
        at /home/casio699/projects/kits-Aio/Kitsaiobusinessterminal/tests/e2e/accessibility.spec.ts:172:16

    attachment #1: screenshot (image/png) ──────────────────────────────────────────────────────────
    ../../test-results/accessibility-Accessibilit-e890a-s-accessible-error-messages-webkit/test-failed-1.png
    ────────────────────────────────────────────────────────────────────────────────────────────────

    attachment #2: video (video/webm) ──────────────────────────────────────────────────────────────
    ../../test-results/accessibility-Accessibilit-e890a-s-accessible-error-messages-webkit/video.webm
    ────────────────────────────────────────────────────────────────────────────────────────────────

    Error Context: ../../test-results/accessibility-Accessibilit-e890a-s-accessible-error-messages-webkit/error-context.md
]]>
</failure>
<system-out>
<![CDATA[
[[ATTACHMENT|accessibility-Accessibilit-e890a-s-accessible-error-messages-webkit/test-failed-1.png]]

[[ATTACHMENT|accessibility-Accessibilit-e890a-s-accessible-error-messages-webkit/video.webm]]

[[ATTACHMENT|accessibility-Accessibilit-e890a-s-accessible-error-messages-webkit/error-context.md]]
]]>
</system-out>
</testcase>
</testsuite>
<testsuite name="auth.spec.ts" timestamp="2025-12-27T22:32:02.477Z" hostname="webkit" tests="13" failures="12" skipped="0" time="195.129" errors="0">
<testcase name="Authentication Flow › should show login page when not authenticated" classname="auth.spec.ts" time="6.436">
<failure message="auth.spec.ts:3:3 should show login page when not authenticated" type="FAILURE">
<![CDATA[  [webkit] › auth.spec.ts:3:3 › Authentication Flow › should show login page when not authenticated 

    Error: expect(locator).toContainText(expected) failed

    Locator: locator('h1')
    Expected pattern: /login|sign in/i
    Timeout: 5000ms
    Error: element(s) not found

    Call log:
      - Expect "toContainText" with timeout 5000ms
      - waiting for locator('h1')


       6 |     
       7 |     // Should redirect to login or show login form
    >  8 |     await expect(page.locator('h1')).toContainText(/login|sign in/i);
         |                                      ^
       9 |   });
      10 |
      11 |   test('should handle login with valid credentials', async ({ page }) => {
        at /home/casio699/projects/kits-Aio/Kitsaiobusinessterminal/tests/e2e/auth.spec.ts:8:38

    attachment #1: screenshot (image/png) ──────────────────────────────────────────────────────────
    ../../test-results/auth-Authentication-Flow-s-92172-page-when-not-authenticated-webkit/test-failed-1.png
    ────────────────────────────────────────────────────────────────────────────────────────────────

    attachment #2: video (video/webm) ──────────────────────────────────────────────────────────────
    ../../test-results/auth-Authentication-Flow-s-92172-page-when-not-authenticated-webkit/video.webm
    ────────────────────────────────────────────────────────────────────────────────────────────────

    Error Context: ../../test-results/auth-Authentication-Flow-s-92172-page-when-not-authenticated-webkit/error-context.md
]]>
</failure>
<system-out>
<![CDATA[
[[ATTACHMENT|auth-Authentication-Flow-s-92172-page-when-not-authenticated-webkit/test-failed-1.png]]

[[ATTACHMENT|auth-Authentication-Flow-s-92172-page-when-not-authenticated-webkit/video.webm]]

[[ATTACHMENT|auth-Authentication-Flow-s-92172-page-when-not-authenticated-webkit/error-context.md]]
]]>
</system-out>
</testcase>
<testcase name="Authentication Flow › should handle login with valid credentials" classname="auth.spec.ts" time="9.956">
<failure message="auth.spec.ts:11:3 should handle login with valid credentials" type="FAILURE">
<![CDATA[  [webkit] › auth.spec.ts:11:3 › Authentication Flow › should handle login with valid credentials ──

    Error: expect(page).toHaveURL(expected) failed

    Expected: "http://localhost:3000/dashboard"
    Received: "http://localhost:3000/login"
    Timeout:  5000ms

    Call log:
      - Expect "toHaveURL" with timeout 5000ms
        8 × unexpected value "http://localhost:3000/login"


      20 |     
      21 |     // Should redirect to dashboard
    > 22 |     await expect(page).toHaveURL('/dashboard');
         |                        ^
      23 |     await expect(page.locator('h1')).toContainText(/dashboard|overview/i);
      24 |   });
      25 |
        at /home/casio699/projects/kits-Aio/Kitsaiobusinessterminal/tests/e2e/auth.spec.ts:22:24

    attachment #1: screenshot (image/png) ──────────────────────────────────────────────────────────
    ../../test-results/auth-Authentication-Flow-s-5a13b-ogin-with-valid-credentials-webkit/test-failed-1.png
    ────────────────────────────────────────────────────────────────────────────────────────────────

    attachment #2: video (video/webm) ──────────────────────────────────────────────────────────────
    ../../test-results/auth-Authentication-Flow-s-5a13b-ogin-with-valid-credentials-webkit/video.webm
    ────────────────────────────────────────────────────────────────────────────────────────────────

    Error Context: ../../test-results/auth-Authentication-Flow-s-5a13b-ogin-with-valid-credentials-webkit/error-context.md
]]>
</failure>
<system-out>
<![CDATA[
[[ATTACHMENT|auth-Authentication-Flow-s-5a13b-ogin-with-valid-credentials-webkit/test-failed-1.png]]

[[ATTACHMENT|auth-Authentication-Flow-s-5a13b-ogin-with-valid-credentials-webkit/video.webm]]

[[ATTACHMENT|auth-Authentication-Flow-s-5a13b-ogin-with-valid-credentials-webkit/error-context.md]]
]]>
</system-out>
</testcase>
<testcase name="Authentication Flow › should show error message with invalid credentials" classname="auth.spec.ts" time="10.622">
<failure message="auth.spec.ts:27:3 should show error message with invalid credentials" type="FAILURE">
<![CDATA[  [webkit] › auth.spec.ts:27:3 › Authentication Flow › should show error message with invalid credentials 

    Error: expect(locator).toBeVisible() failed

    Locator: locator('[data-testid="error-message"]')
    Expected: visible
    Timeout: 5000ms
    Error: element(s) not found

    Call log:
      - Expect "toBeVisible" with timeout 5000ms
      - waiting for locator('[data-testid="error-message"]')


      35 |     
      36 |     // Should show error message
    > 37 |     await expect(page.locator('[data-testid="error-message"]')).toBeVisible();
         |                                                                 ^
      38 |     await expect(page.locator('[data-testid="error-message"]')).toContainText(/invalid|error/i);
      39 |   });
      40 |
        at /home/casio699/projects/kits-Aio/Kitsaiobusinessterminal/tests/e2e/auth.spec.ts:37:65

    attachment #1: screenshot (image/png) ──────────────────────────────────────────────────────────
    ../../test-results/auth-Authentication-Flow-s-2327b-ge-with-invalid-credentials-webkit/test-failed-1.png
    ────────────────────────────────────────────────────────────────────────────────────────────────

    attachment #2: video (video/webm) ──────────────────────────────────────────────────────────────
    ../../test-results/auth-Authentication-Flow-s-2327b-ge-with-invalid-credentials-webkit/video.webm
    ────────────────────────────────────────────────────────────────────────────────────────────────

    Error Context: ../../test-results/auth-Authentication-Flow-s-2327b-ge-with-invalid-credentials-webkit/error-context.md
]]>
</failure>
<system-out>
<![CDATA[
[[ATTACHMENT|auth-Authentication-Flow-s-2327b-ge-with-invalid-credentials-webkit/test-failed-1.png]]

[[ATTACHMENT|auth-Authentication-Flow-s-2327b-ge-with-invalid-credentials-webkit/video.webm]]

[[ATTACHMENT|auth-Authentication-Flow-s-2327b-ge-with-invalid-credentials-webkit/error-context.md]]
]]>
</system-out>
</testcase>
<testcase name="Authentication Flow › should handle logout correctly" classname="auth.spec.ts" time="11.389">
<failure message="auth.spec.ts:43:3 should handle logout correctly" type="FAILURE">
<![CDATA[  [webkit] › auth.spec.ts:43:3 › Authentication Flow › should handle logout correctly ──────────────

    Error: expect(page).toHaveURL(expected) failed

    Expected: "http://localhost:3000/dashboard"
    Received: "http://localhost:3000/login"
    Timeout:  5000ms

    Call log:
      - Expect "toHaveURL" with timeout 5000ms
        8 × unexpected value "http://localhost:3000/login"


      47 |     
      48 |     // Wait for dashboard
    > 49 |     await expect(page).toHaveURL('/dashboard');
         |                        ^
      50 |     
      51 |     // Find and click logout button
      52 |     await page.click('[data-testid="logout-button"]');
        at /home/casio699/projects/kits-Aio/Kitsaiobusinessterminal/tests/e2e/auth.spec.ts:49:24

    attachment #1: screenshot (image/png) ──────────────────────────────────────────────────────────
    ../../test-results/auth-Authentication-Flow-should-handle-logout-correctly-webkit/test-failed-1.png
    ────────────────────────────────────────────────────────────────────────────────────────────────

    attachment #2: video (video/webm) ──────────────────────────────────────────────────────────────
    ../../test-results/auth-Authentication-Flow-should-handle-logout-correctly-webkit/video.webm
    ────────────────────────────────────────────────────────────────────────────────────────────────

    Error Context: ../../test-results/auth-Authentication-Flow-should-handle-logout-correctly-webkit/error-context.md
]]>
</failure>
<system-out>
<![CDATA[
[[ATTACHMENT|auth-Authentication-Flow-should-handle-logout-correctly-webkit/test-failed-1.png]]

[[ATTACHMENT|auth-Authentication-Flow-should-handle-logout-correctly-webkit/video.webm]]

[[ATTACHMENT|auth-Authentication-Flow-should-handle-logout-correctly-webkit/error-context.md]]
]]>
</system-out>
</testcase>
<testcase name="Multi-tenant Features › should display tenant information when authenticated" classname="auth.spec.ts" time="11.301">
<failure message="auth.spec.ts:63:3 should display tenant information when authenticated" type="FAILURE">
<![CDATA[  [webkit] › auth.spec.ts:63:3 › Multi-tenant Features › should display tenant information when authenticated 

    Error: expect(locator).toBeVisible() failed

    Locator: locator('[data-testid="tenant-info"]')
    Expected: visible
    Timeout: 5000ms
    Error: element(s) not found

    Call log:
      - Expect "toBeVisible" with timeout 5000ms
      - waiting for locator('[data-testid="tenant-info"]')


      66 |     
      67 |     // Should show tenant info
    > 68 |     await expect(page.locator('[data-testid="tenant-info"]')).toBeVisible();
         |                                                               ^
      69 |     await expect(page.locator('[data-testid="tenant-name"]')).toContainText('Test Business');
      70 |     await expect(page.locator('[data-testid="tenant-role"]')).toContainText('owner');
      71 |   });
        at /home/casio699/projects/kits-Aio/Kitsaiobusinessterminal/tests/e2e/auth.spec.ts:68:63

    attachment #1: screenshot (image/png) ──────────────────────────────────────────────────────────
    ../../test-results/auth-Multi-tenant-Features-a1766-ormation-when-authenticated-webkit/test-failed-1.png
    ────────────────────────────────────────────────────────────────────────────────────────────────

    attachment #2: video (video/webm) ──────────────────────────────────────────────────────────────
    ../../test-results/auth-Multi-tenant-Features-a1766-ormation-when-authenticated-webkit/video.webm
    ────────────────────────────────────────────────────────────────────────────────────────────────

    Error Context: ../../test-results/auth-Multi-tenant-Features-a1766-ormation-when-authenticated-webkit/error-context.md
]]>
</failure>
<system-out>
<![CDATA[
[[ATTACHMENT|auth-Multi-tenant-Features-a1766-ormation-when-authenticated-webkit/test-failed-1.png]]

[[ATTACHMENT|auth-Multi-tenant-Features-a1766-ormation-when-authenticated-webkit/video.webm]]

[[ATTACHMENT|auth-Multi-tenant-Features-a1766-ormation-when-authenticated-webkit/error-context.md]]
]]>
</system-out>
</testcase>
<testcase name="Multi-tenant Features › should handle tenant switching" classname="auth.spec.ts" time="32.289">
<failure message="auth.spec.ts:77:3 should handle tenant switching" type="FAILURE">
<![CDATA[  [webkit] › auth.spec.ts:77:3 › Multi-tenant Features › should handle tenant switching ────────────

    Test timeout of 30000ms exceeded.

    Error: page.click: Test timeout of 30000ms exceeded.
    Call log:
      - waiting for locator('[data-testid="tenant-switcher"]')


      79 |     
      80 |     // Click tenant switcher
    > 81 |     await page.click('[data-testid="tenant-switcher"]');
         |                ^
      82 |     
      83 |     // Select different tenant
      84 |     await page.click('[data-testid="tenant-option"]:has-text("Second Business")]');
        at /home/casio699/projects/kits-Aio/Kitsaiobusinessterminal/tests/e2e/auth.spec.ts:81:16

    attachment #1: screenshot (image/png) ──────────────────────────────────────────────────────────
    ../../test-results/auth-Multi-tenant-Features-should-handle-tenant-switching-webkit/test-failed-1.png
    ────────────────────────────────────────────────────────────────────────────────────────────────

    attachment #2: video (video/webm) ──────────────────────────────────────────────────────────────
    ../../test-results/auth-Multi-tenant-Features-should-handle-tenant-switching-webkit/video.webm
    ────────────────────────────────────────────────────────────────────────────────────────────────

    Error Context: ../../test-results/auth-Multi-tenant-Features-should-handle-tenant-switching-webkit/error-context.md
]]>
</failure>
<system-out>
<![CDATA[
[[ATTACHMENT|auth-Multi-tenant-Features-should-handle-tenant-switching-webkit/test-failed-1.png]]

[[ATTACHMENT|auth-Multi-tenant-Features-should-handle-tenant-switching-webkit/video.webm]]

[[ATTACHMENT|auth-Multi-tenant-Features-should-handle-tenant-switching-webkit/error-context.md]]
]]>
</system-out>
</testcase>
<testcase name="Navigation and Routing › should navigate between main sections" classname="auth.spec.ts" time="32.467">
<failure message="auth.spec.ts:97:3 should navigate between main sections" type="FAILURE">
<![CDATA[  [webkit] › auth.spec.ts:97:3 › Navigation and Routing › should navigate between main sections ────

    Test timeout of 30000ms exceeded.

    Error: page.click: Test timeout of 30000ms exceeded.
    Call log:
      - waiting for locator('[data-testid="nav-products"]')


       98 |     
       99 |     // Navigate to different sections
    > 100 |     await page.click('[data-testid="nav-products"]');
          |                ^
      101 |     await expect(page).toHaveURL('/products');
      102 |     await expect(page.locator('h1')).toContainText(/products/i);
      103 |     
        at /home/casio699/projects/kits-Aio/Kitsaiobusinessterminal/tests/e2e/auth.spec.ts:100:16

    attachment #1: screenshot (image/png) ──────────────────────────────────────────────────────────
    ../../test-results/auth-Navigation-and-Routin-8b1f6-igate-between-main-sections-webkit/test-failed-1.png
    ────────────────────────────────────────────────────────────────────────────────────────────────

    attachment #2: video (video/webm) ──────────────────────────────────────────────────────────────
    ../../test-results/auth-Navigation-and-Routin-8b1f6-igate-between-main-sections-webkit/video.webm
    ────────────────────────────────────────────────────────────────────────────────────────────────

    Error Context: ../../test-results/auth-Navigation-and-Routin-8b1f6-igate-between-main-sections-webkit/error-context.md
]]>
</failure>
<system-out>
<![CDATA[
[[ATTACHMENT|auth-Navigation-and-Routin-8b1f6-igate-between-main-sections-webkit/test-failed-1.png]]

[[ATTACHMENT|auth-Navigation-and-Routin-8b1f6-igate-between-main-sections-webkit/video.webm]]

[[ATTACHMENT|auth-Navigation-and-Routin-8b1f6-igate-between-main-sections-webkit/error-context.md]]
]]>
</system-out>
</testcase>
<testcase name="Navigation and Routing › should handle browser back/forward navigation" classname="auth.spec.ts" time="32.159">
<failure message="auth.spec.ts:120:3 should handle browser back/forward navigation" type="FAILURE">
<![CDATA[  [webkit] › auth.spec.ts:120:3 › Navigation and Routing › should handle browser back/forward navigation 

    Test timeout of 30000ms exceeded.

    Error: page.click: Test timeout of 30000ms exceeded.
    Call log:
      - waiting for locator('[data-testid="nav-products"]')


      122 |     await page.click('button[type="submit"]');
      123 |     
    > 124 |     await page.click('[data-testid="nav-products"]');
          |                ^
      125 |     await page.click('[data-testid="nav-sales"]');
      126 |     
      127 |     // Go back
        at /home/casio699/projects/kits-Aio/Kitsaiobusinessterminal/tests/e2e/auth.spec.ts:124:16

    attachment #1: screenshot (image/png) ──────────────────────────────────────────────────────────
    ../../test-results/auth-Navigation-and-Routin-70bdb-ser-back-forward-navigation-webkit/test-failed-1.png
    ────────────────────────────────────────────────────────────────────────────────────────────────

    attachment #2: video (video/webm) ──────────────────────────────────────────────────────────────
    ../../test-results/auth-Navigation-and-Routin-70bdb-ser-back-forward-navigation-webkit/video.webm
    ────────────────────────────────────────────────────────────────────────────────────────────────

    Error Context: ../../test-results/auth-Navigation-and-Routin-70bdb-ser-back-forward-navigation-webkit/error-context.md
]]>
</failure>
<system-out>
<![CDATA[
[[ATTACHMENT|auth-Navigation-and-Routin-70bdb-ser-back-forward-navigation-webkit/test-failed-1.png]]

[[ATTACHMENT|auth-Navigation-and-Routin-70bdb-ser-back-forward-navigation-webkit/video.webm]]

[[ATTACHMENT|auth-Navigation-and-Routin-70bdb-ser-back-forward-navigation-webkit/error-context.md]]
]]>
</system-out>
</testcase>
<testcase name="Responsive Design › should work on mobile devices" classname="auth.spec.ts" time="11.318">
<failure message="auth.spec.ts:141:3 should work on mobile devices" type="FAILURE">
<![CDATA[  [webkit] › auth.spec.ts:141:3 › Responsive Design › should work on mobile devices ────────────────

    Error: expect(locator).toBeVisible() failed

    Locator: locator('[data-testid="mobile-menu-button"]')
    Expected: visible
    Timeout: 5000ms
    Error: element(s) not found

    Call log:
      - Expect "toBeVisible" with timeout 5000ms
      - waiting for locator('[data-testid="mobile-menu-button"]')


      153 |     
      154 |     // Should show mobile menu button
    > 155 |     await expect(page.locator('[data-testid="mobile-menu-button"]')).toBeVisible();
          |                                                                      ^
      156 |     
      157 |     // Open mobile menu
      158 |     await page.click('[data-testid="mobile-menu-button"]');
        at /home/casio699/projects/kits-Aio/Kitsaiobusinessterminal/tests/e2e/auth.spec.ts:155:70

    attachment #1: screenshot (image/png) ──────────────────────────────────────────────────────────
    ../../test-results/auth-Responsive-Design-should-work-on-mobile-devices-webkit/test-failed-1.png
    ────────────────────────────────────────────────────────────────────────────────────────────────

    attachment #2: video (video/webm) ──────────────────────────────────────────────────────────────
    ../../test-results/auth-Responsive-Design-should-work-on-mobile-devices-webkit/video.webm
    ────────────────────────────────────────────────────────────────────────────────────────────────

    Error Context: ../../test-results/auth-Responsive-Design-should-work-on-mobile-devices-webkit/error-context.md
]]>
</failure>
<system-out>
<![CDATA[
[[ATTACHMENT|auth-Responsive-Design-should-work-on-mobile-devices-webkit/test-failed-1.png]]

[[ATTACHMENT|auth-Responsive-Design-should-work-on-mobile-devices-webkit/video.webm]]

[[ATTACHMENT|auth-Responsive-Design-should-work-on-mobile-devices-webkit/error-context.md]]
]]>
</system-out>
</testcase>
<testcase name="Responsive Design › should work on tablet devices" classname="auth.spec.ts" time="11.686">
<failure message="auth.spec.ts:168:3 should work on tablet devices" type="FAILURE">
<![CDATA[  [webkit] › auth.spec.ts:168:3 › Responsive Design › should work on tablet devices ────────────────

    Error: expect(locator).toBeVisible() failed

    Locator: locator('[data-testid="sidebar"]')
    Expected: visible
    Timeout: 5000ms
    Error: element(s) not found

    Call log:
      - Expect "toBeVisible" with timeout 5000ms
      - waiting for locator('[data-testid="sidebar"]')


      170 |     
      171 |     // Should show tablet-optimized layout
    > 172 |     await expect(page.locator('[data-testid="sidebar"]')).toBeVisible();
          |                                                           ^
      173 |     await expect(page.locator('[data-testid="main-content"]')).toBeVisible();
      174 |   });
      175 | });
        at /home/casio699/projects/kits-Aio/Kitsaiobusinessterminal/tests/e2e/auth.spec.ts:172:59

    attachment #1: screenshot (image/png) ──────────────────────────────────────────────────────────
    ../../test-results/auth-Responsive-Design-should-work-on-tablet-devices-webkit/test-failed-1.png
    ────────────────────────────────────────────────────────────────────────────────────────────────

    attachment #2: video (video/webm) ──────────────────────────────────────────────────────────────
    ../../test-results/auth-Responsive-Design-should-work-on-tablet-devices-webkit/video.webm
    ────────────────────────────────────────────────────────────────────────────────────────────────

    Error Context: ../../test-results/auth-Responsive-Design-should-work-on-tablet-devices-webkit/error-context.md
]]>
</failure>
<system-out>
<![CDATA[
[[ATTACHMENT|auth-Responsive-Design-should-work-on-tablet-devices-webkit/test-failed-1.png]]

[[ATTACHMENT|auth-Responsive-Design-should-work-on-tablet-devices-webkit/video.webm]]

[[ATTACHMENT|auth-Responsive-Design-should-work-on-tablet-devices-webkit/error-context.md]]
]]>
</system-out>
</testcase>
<testcase name="Accessibility › should have proper heading hierarchy" classname="auth.spec.ts" time="6.336">
</testcase>
<testcase name="Accessibility › should support keyboard navigation" classname="auth.spec.ts" time="9.362">
<failure message="auth.spec.ts:201:3 should support keyboard navigation" type="FAILURE">
<![CDATA[  [webkit] › auth.spec.ts:201:3 › Accessibility › should support keyboard navigation ───────────────

    Error: expect(locator).toBeVisible() failed

    Locator: locator('input[type="email"]:focus')
    Expected: visible
    Timeout: 5000ms
    Error: element(s) not found

    Call log:
      - Expect "toBeVisible" with timeout 5000ms
      - waiting for locator('input[type="email"]:focus')


      194 |     // Tab through form elements
      195 |     await page.keyboard.press('Tab');
    > 196 |     await expect(page.locator('input[type="email"]:focus')).toBeVisible();
          |                                                             ^
      197 |     
      198 |     await page.keyboard.press('Tab');
      199 |     await expect(page.locator('input[type="password"]:focus')).toBeVisible();
        at /home/casio699/projects/kits-Aio/Kitsaiobusinessterminal/tests/e2e/auth.spec.ts:196:61

    attachment #1: screenshot (image/png) ──────────────────────────────────────────────────────────
    ../../test-results/auth-Accessibility-should-support-keyboard-navigation-webkit/test-failed-1.png
    ────────────────────────────────────────────────────────────────────────────────────────────────

    attachment #2: video (video/webm) ──────────────────────────────────────────────────────────────
    ../../test-results/auth-Accessibility-should-support-keyboard-navigation-webkit/video.webm
    ────────────────────────────────────────────────────────────────────────────────────────────────

    Error Context: ../../test-results/auth-Accessibility-should-support-keyboard-navigation-webkit/error-context.md
]]>
</failure>
<system-out>
<![CDATA[
[[ATTACHMENT|auth-Accessibility-should-support-keyboard-navigation-webkit/test-failed-1.png]]

[[ATTACHMENT|auth-Accessibility-should-support-keyboard-navigation-webkit/video.webm]]

[[ATTACHMENT|auth-Accessibility-should-support-keyboard-navigation-webkit/error-context.md]]
]]>
</system-out>
</testcase>
<testcase name="Accessibility › should have proper ARIA labels" classname="auth.spec.ts" time="9.808">
<failure message="auth.spec.ts:220:3 should have proper ARIA labels" type="FAILURE">
<![CDATA[  [webkit] › auth.spec.ts:220:3 › Accessibility › should have proper ARIA labels ───────────────────

    Error: expect(locator).toBeVisible() failed

    Locator: locator('label[for="email"]')
    Expected: visible
    Timeout: 5000ms
    Error: element(s) not found

    Call log:
      - Expect "toBeVisible" with timeout 5000ms
      - waiting for locator('label[for="email"]')


      213 |     
      214 |     // Check form labels
    > 215 |     await expect(page.locator('label[for="email"]')).toBeVisible();
          |                                                      ^
      216 |     await expect(page.locator('label[for="password"]')).toBeVisible();
      217 |     
      218 |     // Check button aria labels
        at /home/casio699/projects/kits-Aio/Kitsaiobusinessterminal/tests/e2e/auth.spec.ts:215:54

    attachment #1: screenshot (image/png) ──────────────────────────────────────────────────────────
    ../../test-results/auth-Accessibility-should-have-proper-ARIA-labels-webkit/test-failed-1.png
    ────────────────────────────────────────────────────────────────────────────────────────────────

    attachment #2: video (video/webm) ──────────────────────────────────────────────────────────────
    ../../test-results/auth-Accessibility-should-have-proper-ARIA-labels-webkit/video.webm
    ────────────────────────────────────────────────────────────────────────────────────────────────

    Error Context: ../../test-results/auth-Accessibility-should-have-proper-ARIA-labels-webkit/error-context.md
]]>
</failure>
<system-out>
<![CDATA[
[[ATTACHMENT|auth-Accessibility-should-have-proper-ARIA-labels-webkit/test-failed-1.png]]

[[ATTACHMENT|auth-Accessibility-should-have-proper-ARIA-labels-webkit/video.webm]]

[[ATTACHMENT|auth-Accessibility-should-have-proper-ARIA-labels-webkit/error-context.md]]
]]>
</system-out>
</testcase>
</testsuite>
<testsuite name="dashboard.spec.ts" timestamp="2025-12-27T22:32:02.477Z" hostname="webkit" tests="14" failures="14" skipped="0" time="376.065" errors="0">
<testcase name="Dashboard Functionality › should display dashboard overview" classname="dashboard.spec.ts" time="13.837">
<failure message="dashboard.spec.ts:13:3 should display dashboard overview" type="FAILURE">
<![CDATA[  [webkit] › dashboard.spec.ts:13:3 › Dashboard Functionality › should display dashboard overview ──

    Error: expect(page).toHaveURL(expected) failed

    Expected: "http://localhost:3000/dashboard"
    Received: "http://localhost:3000/login"
    Timeout:  5000ms

    Call log:
      - Expect "toHaveURL" with timeout 5000ms
        8 × unexpected value "http://localhost:3000/login"


       8 |     await page.fill('input[type="password"]', 'password123');
       9 |     await page.click('button[type="submit"]');
    > 10 |     await expect(page).toHaveURL('/dashboard');
         |                        ^
      11 |   });
      12 |
      13 |   test('should display dashboard overview', async ({ page }) => {
        at /home/casio699/projects/kits-Aio/Kitsaiobusinessterminal/tests/e2e/dashboard.spec.ts:10:24

    attachment #1: screenshot (image/png) ──────────────────────────────────────────────────────────
    ../../test-results/dashboard-Dashboard-Functi-be60c--display-dashboard-overview-webkit/test-failed-1.png
    ────────────────────────────────────────────────────────────────────────────────────────────────

    attachment #2: video (video/webm) ──────────────────────────────────────────────────────────────
    ../../test-results/dashboard-Dashboard-Functi-be60c--display-dashboard-overview-webkit/video.webm
    ────────────────────────────────────────────────────────────────────────────────────────────────

    Error Context: ../../test-results/dashboard-Dashboard-Functi-be60c--display-dashboard-overview-webkit/error-context.md
]]>
</failure>
<system-out>
<![CDATA[
[[ATTACHMENT|dashboard-Dashboard-Functi-be60c--display-dashboard-overview-webkit/test-failed-1.png]]

[[ATTACHMENT|dashboard-Dashboard-Functi-be60c--display-dashboard-overview-webkit/video.webm]]

[[ATTACHMENT|dashboard-Dashboard-Functi-be60c--display-dashboard-overview-webkit/error-context.md]]
]]>
</system-out>
</testcase>
<testcase name="Dashboard Functionality › should show recent activity" classname="dashboard.spec.ts" time="13.916">
<failure message="dashboard.spec.ts:29:3 should show recent activity" type="FAILURE">
<![CDATA[  [webkit] › dashboard.spec.ts:29:3 › Dashboard Functionality › should show recent activity ────────

    Error: expect(page).toHaveURL(expected) failed

    Expected: "http://localhost:3000/dashboard"
    Received: "http://localhost:3000/login"
    Timeout:  5000ms

    Call log:
      - Expect "toHaveURL" with timeout 5000ms
        8 × unexpected value "http://localhost:3000/login"


       8 |     await page.fill('input[type="password"]', 'password123');
       9 |     await page.click('button[type="submit"]');
    > 10 |     await expect(page).toHaveURL('/dashboard');
         |                        ^
      11 |   });
      12 |
      13 |   test('should display dashboard overview', async ({ page }) => {
        at /home/casio699/projects/kits-Aio/Kitsaiobusinessterminal/tests/e2e/dashboard.spec.ts:10:24

    attachment #1: screenshot (image/png) ──────────────────────────────────────────────────────────
    ../../test-results/dashboard-Dashboard-Functi-1fb42-should-show-recent-activity-webkit/test-failed-1.png
    ────────────────────────────────────────────────────────────────────────────────────────────────

    attachment #2: video (video/webm) ──────────────────────────────────────────────────────────────
    ../../test-results/dashboard-Dashboard-Functi-1fb42-should-show-recent-activity-webkit/video.webm
    ────────────────────────────────────────────────────────────────────────────────────────────────

    Error Context: ../../test-results/dashboard-Dashboard-Functi-1fb42-should-show-recent-activity-webkit/error-context.md
]]>
</failure>
<system-out>
<![CDATA[
[[ATTACHMENT|dashboard-Dashboard-Functi-1fb42-should-show-recent-activity-webkit/test-failed-1.png]]

[[ATTACHMENT|dashboard-Dashboard-Functi-1fb42-should-show-recent-activity-webkit/video.webm]]

[[ATTACHMENT|dashboard-Dashboard-Functi-1fb42-should-show-recent-activity-webkit/error-context.md]]
]]>
</system-out>
</testcase>
<testcase name="Dashboard Functionality › should handle date range filtering" classname="dashboard.spec.ts" time="14.09">
<failure message="dashboard.spec.ts:43:3 should handle date range filtering" type="FAILURE">
<![CDATA[  [webkit] › dashboard.spec.ts:43:3 › Dashboard Functionality › should handle date range filtering ─

    Error: expect(page).toHaveURL(expected) failed

    Expected: "http://localhost:3000/dashboard"
    Received: "http://localhost:3000/login"
    Timeout:  5000ms

    Call log:
      - Expect "toHaveURL" with timeout 5000ms
        8 × unexpected value "http://localhost:3000/login"


       8 |     await page.fill('input[type="password"]', 'password123');
       9 |     await page.click('button[type="submit"]');
    > 10 |     await expect(page).toHaveURL('/dashboard');
         |                        ^
      11 |   });
      12 |
      13 |   test('should display dashboard overview', async ({ page }) => {
        at /home/casio699/projects/kits-Aio/Kitsaiobusinessterminal/tests/e2e/dashboard.spec.ts:10:24

    attachment #1: screenshot (image/png) ──────────────────────────────────────────────────────────
    ../../test-results/dashboard-Dashboard-Functi-c6a46-handle-date-range-filtering-webkit/test-failed-1.png
    ────────────────────────────────────────────────────────────────────────────────────────────────

    attachment #2: video (video/webm) ──────────────────────────────────────────────────────────────
    ../../test-results/dashboard-Dashboard-Functi-c6a46-handle-date-range-filtering-webkit/video.webm
    ────────────────────────────────────────────────────────────────────────────────────────────────

    Error Context: ../../test-results/dashboard-Dashboard-Functi-c6a46-handle-date-range-filtering-webkit/error-context.md
]]>
</failure>
<system-out>
<![CDATA[
[[ATTACHMENT|dashboard-Dashboard-Functi-c6a46-handle-date-range-filtering-webkit/test-failed-1.png]]

[[ATTACHMENT|dashboard-Dashboard-Functi-c6a46-handle-date-range-filtering-webkit/video.webm]]

[[ATTACHMENT|dashboard-Dashboard-Functi-c6a46-handle-date-range-filtering-webkit/error-context.md]]
]]>
</system-out>
</testcase>
<testcase name="Dashboard Functionality › should handle real-time updates" classname="dashboard.spec.ts" time="13.459">
<failure message="dashboard.spec.ts:62:3 should handle real-time updates" type="FAILURE">
<![CDATA[  [webkit] › dashboard.spec.ts:62:3 › Dashboard Functionality › should handle real-time updates ────

    Error: expect(page).toHaveURL(expected) failed

    Expected: "http://localhost:3000/dashboard"
    Received: "http://localhost:3000/login"
    Timeout:  5000ms

    Call log:
      - Expect "toHaveURL" with timeout 5000ms
        8 × unexpected value "http://localhost:3000/login"


       8 |     await page.fill('input[type="password"]', 'password123');
       9 |     await page.click('button[type="submit"]');
    > 10 |     await expect(page).toHaveURL('/dashboard');
         |                        ^
      11 |   });
      12 |
      13 |   test('should display dashboard overview', async ({ page }) => {
        at /home/casio699/projects/kits-Aio/Kitsaiobusinessterminal/tests/e2e/dashboard.spec.ts:10:24

    attachment #1: screenshot (image/png) ──────────────────────────────────────────────────────────
    ../../test-results/dashboard-Dashboard-Functi-fd3c8-ld-handle-real-time-updates-webkit/test-failed-1.png
    ────────────────────────────────────────────────────────────────────────────────────────────────

    attachment #2: video (video/webm) ──────────────────────────────────────────────────────────────
    ../../test-results/dashboard-Dashboard-Functi-fd3c8-ld-handle-real-time-updates-webkit/video.webm
    ────────────────────────────────────────────────────────────────────────────────────────────────

    Error Context: ../../test-results/dashboard-Dashboard-Functi-fd3c8-ld-handle-real-time-updates-webkit/error-context.md
]]>
</failure>
<system-out>
<![CDATA[
[[ATTACHMENT|dashboard-Dashboard-Functi-fd3c8-ld-handle-real-time-updates-webkit/test-failed-1.png]]

[[ATTACHMENT|dashboard-Dashboard-Functi-fd3c8-ld-handle-real-time-updates-webkit/video.webm]]

[[ATTACHMENT|dashboard-Dashboard-Functi-fd3c8-ld-handle-real-time-updates-webkit/error-context.md]]
]]>
</system-out>
</testcase>
<testcase name="Products Management › should display products list" classname="dashboard.spec.ts" time="31.987">
<failure message="dashboard.spec.ts:100:3 should display products list" type="FAILURE">
<![CDATA[  [webkit] › dashboard.spec.ts:100:3 › Products Management › should display products list ──────────

    Test timeout of 30000ms exceeded while running "beforeEach" hook.

      73 |
      74 | test.describe('Products Management', () => {
    > 75 |   test.beforeEach(async ({ page }) => {
         |        ^
      76 |     // Login and navigate to products
      77 |     await page.goto('/login');
      78 |     await page.fill('input[type="email"]', 'test@example.com');
        at /home/casio699/projects/kits-Aio/Kitsaiobusinessterminal/tests/e2e/dashboard.spec.ts:75:8

    Error: page.click: Test timeout of 30000ms exceeded.
    Call log:
      - waiting for locator('[data-testid="nav-products"]')


      79 |     await page.fill('input[type="password"]', 'password123');
      80 |     await page.click('button[type="submit"]');
    > 81 |     await page.click('[data-testid="nav-products"]');
         |                ^
      82 |     await expect(page).toHaveURL('/products');
      83 |   });
      84 |
        at /home/casio699/projects/kits-Aio/Kitsaiobusinessterminal/tests/e2e/dashboard.spec.ts:81:16

    attachment #1: screenshot (image/png) ──────────────────────────────────────────────────────────
    ../../test-results/dashboard-Products-Management-should-display-products-list-webkit/test-failed-1.png
    ────────────────────────────────────────────────────────────────────────────────────────────────

    attachment #2: video (video/webm) ──────────────────────────────────────────────────────────────
    ../../test-results/dashboard-Products-Management-should-display-products-list-webkit/video.webm
    ────────────────────────────────────────────────────────────────────────────────────────────────

    Error Context: ../../test-results/dashboard-Products-Management-should-display-products-list-webkit/error-context.md
]]>
</failure>
<system-out>
<![CDATA[
[[ATTACHMENT|dashboard-Products-Management-should-display-products-list-webkit/test-failed-1.png]]

[[ATTACHMENT|dashboard-Products-Management-should-display-products-list-webkit/video.webm]]

[[ATTACHMENT|dashboard-Products-Management-should-display-products-list-webkit/error-context.md]]
]]>
</system-out>
</testcase>
<testcase name="Products Management › should handle product search" classname="dashboard.spec.ts" time="32.146">
<failure message="dashboard.spec.ts:118:3 should handle product search" type="FAILURE">
<![CDATA[  [webkit] › dashboard.spec.ts:118:3 › Products Management › should handle product search ──────────

    Test timeout of 30000ms exceeded while running "beforeEach" hook.

      73 |
      74 | test.describe('Products Management', () => {
    > 75 |   test.beforeEach(async ({ page }) => {
         |        ^
      76 |     // Login and navigate to products
      77 |     await page.goto('/login');
      78 |     await page.fill('input[type="email"]', 'test@example.com');
        at /home/casio699/projects/kits-Aio/Kitsaiobusinessterminal/tests/e2e/dashboard.spec.ts:75:8

    Error: page.click: Test timeout of 30000ms exceeded.
    Call log:
      - waiting for locator('[data-testid="nav-products"]')


      79 |     await page.fill('input[type="password"]', 'password123');
      80 |     await page.click('button[type="submit"]');
    > 81 |     await page.click('[data-testid="nav-products"]');
         |                ^
      82 |     await expect(page).toHaveURL('/products');
      83 |   });
      84 |
        at /home/casio699/projects/kits-Aio/Kitsaiobusinessterminal/tests/e2e/dashboard.spec.ts:81:16

    attachment #1: screenshot (image/png) ──────────────────────────────────────────────────────────
    ../../test-results/dashboard-Products-Management-should-handle-product-search-webkit/test-failed-1.png
    ────────────────────────────────────────────────────────────────────────────────────────────────

    attachment #2: video (video/webm) ──────────────────────────────────────────────────────────────
    ../../test-results/dashboard-Products-Management-should-handle-product-search-webkit/video.webm
    ────────────────────────────────────────────────────────────────────────────────────────────────

    Error Context: ../../test-results/dashboard-Products-Management-should-handle-product-search-webkit/error-context.md
]]>
</failure>
<system-out>
<![CDATA[
[[ATTACHMENT|dashboard-Products-Management-should-handle-product-search-webkit/test-failed-1.png]]

[[ATTACHMENT|dashboard-Products-Management-should-handle-product-search-webkit/video.webm]]

[[ATTACHMENT|dashboard-Products-Management-should-handle-product-search-webkit/error-context.md]]
]]>
</system-out>
</testcase>
<testcase name="Products Management › should handle product creation" classname="dashboard.spec.ts" time="32.171">
<failure message="dashboard.spec.ts:140:3 should handle product creation" type="FAILURE">
<![CDATA[  [webkit] › dashboard.spec.ts:140:3 › Products Management › should handle product creation ────────

    Test timeout of 30000ms exceeded while running "beforeEach" hook.

      73 |
      74 | test.describe('Products Management', () => {
    > 75 |   test.beforeEach(async ({ page }) => {
         |        ^
      76 |     // Login and navigate to products
      77 |     await page.goto('/login');
      78 |     await page.fill('input[type="email"]', 'test@example.com');
        at /home/casio699/projects/kits-Aio/Kitsaiobusinessterminal/tests/e2e/dashboard.spec.ts:75:8

    Error: page.click: Test timeout of 30000ms exceeded.
    Call log:
      - waiting for locator('[data-testid="nav-products"]')


      79 |     await page.fill('input[type="password"]', 'password123');
      80 |     await page.click('button[type="submit"]');
    > 81 |     await page.click('[data-testid="nav-products"]');
         |                ^
      82 |     await expect(page).toHaveURL('/products');
      83 |   });
      84 |
        at /home/casio699/projects/kits-Aio/Kitsaiobusinessterminal/tests/e2e/dashboard.spec.ts:81:16

    attachment #1: screenshot (image/png) ──────────────────────────────────────────────────────────
    ../../test-results/dashboard-Products-Management-should-handle-product-creation-webkit/test-failed-1.png
    ────────────────────────────────────────────────────────────────────────────────────────────────

    attachment #2: video (video/webm) ──────────────────────────────────────────────────────────────
    ../../test-results/dashboard-Products-Management-should-handle-product-creation-webkit/video.webm
    ────────────────────────────────────────────────────────────────────────────────────────────────

    Error Context: ../../test-results/dashboard-Products-Management-should-handle-product-creation-webkit/error-context.md
]]>
</failure>
<system-out>
<![CDATA[
[[ATTACHMENT|dashboard-Products-Management-should-handle-product-creation-webkit/test-failed-1.png]]

[[ATTACHMENT|dashboard-Products-Management-should-handle-product-creation-webkit/video.webm]]

[[ATTACHMENT|dashboard-Products-Management-should-handle-product-creation-webkit/error-context.md]]
]]>
</system-out>
</testcase>
<testcase name="Products Management › should handle product editing" classname="dashboard.spec.ts" time="31.893">
<failure message="dashboard.spec.ts:165:3 should handle product editing" type="FAILURE">
<![CDATA[  [webkit] › dashboard.spec.ts:165:3 › Products Management › should handle product editing ─────────

    Test timeout of 30000ms exceeded while running "beforeEach" hook.

      73 |
      74 | test.describe('Products Management', () => {
    > 75 |   test.beforeEach(async ({ page }) => {
         |        ^
      76 |     // Login and navigate to products
      77 |     await page.goto('/login');
      78 |     await page.fill('input[type="email"]', 'test@example.com');
        at /home/casio699/projects/kits-Aio/Kitsaiobusinessterminal/tests/e2e/dashboard.spec.ts:75:8

    Error: page.click: Test timeout of 30000ms exceeded.
    Call log:
      - waiting for locator('[data-testid="nav-products"]')


      79 |     await page.fill('input[type="password"]', 'password123');
      80 |     await page.click('button[type="submit"]');
    > 81 |     await page.click('[data-testid="nav-products"]');
         |                ^
      82 |     await expect(page).toHaveURL('/products');
      83 |   });
      84 |
        at /home/casio699/projects/kits-Aio/Kitsaiobusinessterminal/tests/e2e/dashboard.spec.ts:81:16

    attachment #1: screenshot (image/png) ──────────────────────────────────────────────────────────
    ../../test-results/dashboard-Products-Management-should-handle-product-editing-webkit/test-failed-1.png
    ────────────────────────────────────────────────────────────────────────────────────────────────

    attachment #2: video (video/webm) ──────────────────────────────────────────────────────────────
    ../../test-results/dashboard-Products-Management-should-handle-product-editing-webkit/video.webm
    ────────────────────────────────────────────────────────────────────────────────────────────────

    Error Context: ../../test-results/dashboard-Products-Management-should-handle-product-editing-webkit/error-context.md
]]>
</failure>
<system-out>
<![CDATA[
[[ATTACHMENT|dashboard-Products-Management-should-handle-product-editing-webkit/test-failed-1.png]]

[[ATTACHMENT|dashboard-Products-Management-should-handle-product-editing-webkit/video.webm]]

[[ATTACHMENT|dashboard-Products-Management-should-handle-product-editing-webkit/error-context.md]]
]]>
</system-out>
</testcase>
<testcase name="Products Management › should handle product deletion" classname="dashboard.spec.ts" time="31.947">
<failure message="dashboard.spec.ts:184:3 should handle product deletion" type="FAILURE">
<![CDATA[  [webkit] › dashboard.spec.ts:184:3 › Products Management › should handle product deletion ────────

    Test timeout of 30000ms exceeded while running "beforeEach" hook.

      73 |
      74 | test.describe('Products Management', () => {
    > 75 |   test.beforeEach(async ({ page }) => {
         |        ^
      76 |     // Login and navigate to products
      77 |     await page.goto('/login');
      78 |     await page.fill('input[type="email"]', 'test@example.com');
        at /home/casio699/projects/kits-Aio/Kitsaiobusinessterminal/tests/e2e/dashboard.spec.ts:75:8

    Error: page.click: Test timeout of 30000ms exceeded.
    Call log:
      - waiting for locator('[data-testid="nav-products"]')


      79 |     await page.fill('input[type="password"]', 'password123');
      80 |     await page.click('button[type="submit"]');
    > 81 |     await page.click('[data-testid="nav-products"]');
         |                ^
      82 |     await expect(page).toHaveURL('/products');
      83 |   });
      84 |
        at /home/casio699/projects/kits-Aio/Kitsaiobusinessterminal/tests/e2e/dashboard.spec.ts:81:16

    attachment #1: screenshot (image/png) ──────────────────────────────────────────────────────────
    ../../test-results/dashboard-Products-Management-should-handle-product-deletion-webkit/test-failed-1.png
    ────────────────────────────────────────────────────────────────────────────────────────────────

    attachment #2: video (video/webm) ──────────────────────────────────────────────────────────────
    ../../test-results/dashboard-Products-Management-should-handle-product-deletion-webkit/video.webm
    ────────────────────────────────────────────────────────────────────────────────────────────────

    Error Context: ../../test-results/dashboard-Products-Management-should-handle-product-deletion-webkit/error-context.md
]]>
</failure>
<system-out>
<![CDATA[
[[ATTACHMENT|dashboard-Products-Management-should-handle-product-deletion-webkit/test-failed-1.png]]

[[ATTACHMENT|dashboard-Products-Management-should-handle-product-deletion-webkit/video.webm]]

[[ATTACHMENT|dashboard-Products-Management-should-handle-product-deletion-webkit/error-context.md]]
]]>
</system-out>
</testcase>
<testcase name="Sales Management › should display sales list" classname="dashboard.spec.ts" time="31.982">
<failure message="dashboard.spec.ts:220:3 should display sales list" type="FAILURE">
<![CDATA[  [webkit] › dashboard.spec.ts:220:3 › Sales Management › should display sales list ────────────────

    Test timeout of 30000ms exceeded while running "beforeEach" hook.

      185 |
      186 | test.describe('Sales Management', () => {
    > 187 |   test.beforeEach(async ({ page }) => {
          |        ^
      188 |     // Login and navigate to sales
      189 |     await page.goto('/login');
      190 |     await page.fill('input[type="email"]', 'test@example.com');
        at /home/casio699/projects/kits-Aio/Kitsaiobusinessterminal/tests/e2e/dashboard.spec.ts:187:8

    Error: page.click: Test timeout of 30000ms exceeded.
    Call log:
      - waiting for locator('[data-testid="nav-sales"]')


      191 |     await page.fill('input[type="password"]', 'password123');
      192 |     await page.click('button[type="submit"]');
    > 193 |     await page.click('[data-testid="nav-sales"]');
          |                ^
      194 |     await expect(page).toHaveURL('/sales');
      195 |   });
      196 |
        at /home/casio699/projects/kits-Aio/Kitsaiobusinessterminal/tests/e2e/dashboard.spec.ts:193:16

    attachment #1: screenshot (image/png) ──────────────────────────────────────────────────────────
    ../../test-results/dashboard-Sales-Management-should-display-sales-list-webkit/test-failed-1.png
    ────────────────────────────────────────────────────────────────────────────────────────────────

    attachment #2: video (video/webm) ──────────────────────────────────────────────────────────────
    ../../test-results/dashboard-Sales-Management-should-display-sales-list-webkit/video.webm
    ────────────────────────────────────────────────────────────────────────────────────────────────

    Error Context: ../../test-results/dashboard-Sales-Management-should-display-sales-list-webkit/error-context.md
]]>
</failure>
<system-out>
<![CDATA[
[[ATTACHMENT|dashboard-Sales-Management-should-display-sales-list-webkit/test-failed-1.png]]

[[ATTACHMENT|dashboard-Sales-Management-should-display-sales-list-webkit/video.webm]]

[[ATTACHMENT|dashboard-Sales-Management-should-display-sales-list-webkit/error-context.md]]
]]>
</system-out>
</testcase>
<testcase name="Sales Management › should handle sale creation" classname="dashboard.spec.ts" time="32.234">
<failure message="dashboard.spec.ts:239:3 should handle sale creation" type="FAILURE">
<![CDATA[  [webkit] › dashboard.spec.ts:239:3 › Sales Management › should handle sale creation ──────────────

    Test timeout of 30000ms exceeded while running "beforeEach" hook.

      185 |
      186 | test.describe('Sales Management', () => {
    > 187 |   test.beforeEach(async ({ page }) => {
          |        ^
      188 |     // Login and navigate to sales
      189 |     await page.goto('/login');
      190 |     await page.fill('input[type="email"]', 'test@example.com');
        at /home/casio699/projects/kits-Aio/Kitsaiobusinessterminal/tests/e2e/dashboard.spec.ts:187:8

    Error: page.click: Test timeout of 30000ms exceeded.
    Call log:
      - waiting for locator('[data-testid="nav-sales"]')


      191 |     await page.fill('input[type="password"]', 'password123');
      192 |     await page.click('button[type="submit"]');
    > 193 |     await page.click('[data-testid="nav-sales"]');
          |                ^
      194 |     await expect(page).toHaveURL('/sales');
      195 |   });
      196 |
        at /home/casio699/projects/kits-Aio/Kitsaiobusinessterminal/tests/e2e/dashboard.spec.ts:193:16

    attachment #1: screenshot (image/png) ──────────────────────────────────────────────────────────
    ../../test-results/dashboard-Sales-Management-should-handle-sale-creation-webkit/test-failed-1.png
    ────────────────────────────────────────────────────────────────────────────────────────────────

    attachment #2: video (video/webm) ──────────────────────────────────────────────────────────────
    ../../test-results/dashboard-Sales-Management-should-handle-sale-creation-webkit/video.webm
    ────────────────────────────────────────────────────────────────────────────────────────────────

    Error Context: ../../test-results/dashboard-Sales-Management-should-handle-sale-creation-webkit/error-context.md
]]>
</failure>
<system-out>
<![CDATA[
[[ATTACHMENT|dashboard-Sales-Management-should-handle-sale-creation-webkit/test-failed-1.png]]

[[ATTACHMENT|dashboard-Sales-Management-should-handle-sale-creation-webkit/video.webm]]

[[ATTACHMENT|dashboard-Sales-Management-should-handle-sale-creation-webkit/error-context.md]]
]]>
</system-out>
</testcase>
<testcase name="Sales Management › should handle sale filtering" classname="dashboard.spec.ts" time="32.332">
<failure message="dashboard.spec.ts:263:3 should handle sale filtering" type="FAILURE">
<![CDATA[  [webkit] › dashboard.spec.ts:263:3 › Sales Management › should handle sale filtering ─────────────

    Test timeout of 30000ms exceeded while running "beforeEach" hook.

      185 |
      186 | test.describe('Sales Management', () => {
    > 187 |   test.beforeEach(async ({ page }) => {
          |        ^
      188 |     // Login and navigate to sales
      189 |     await page.goto('/login');
      190 |     await page.fill('input[type="email"]', 'test@example.com');
        at /home/casio699/projects/kits-Aio/Kitsaiobusinessterminal/tests/e2e/dashboard.spec.ts:187:8

    Error: page.click: Test timeout of 30000ms exceeded.
    Call log:
      - waiting for locator('[data-testid="nav-sales"]')


      191 |     await page.fill('input[type="password"]', 'password123');
      192 |     await page.click('button[type="submit"]');
    > 193 |     await page.click('[data-testid="nav-sales"]');
          |                ^
      194 |     await expect(page).toHaveURL('/sales');
      195 |   });
      196 |
        at /home/casio699/projects/kits-Aio/Kitsaiobusinessterminal/tests/e2e/dashboard.spec.ts:193:16

    attachment #1: screenshot (image/png) ──────────────────────────────────────────────────────────
    ../../test-results/dashboard-Sales-Management-should-handle-sale-filtering-webkit/test-failed-1.png
    ────────────────────────────────────────────────────────────────────────────────────────────────

    attachment #2: video (video/webm) ──────────────────────────────────────────────────────────────
    ../../test-results/dashboard-Sales-Management-should-handle-sale-filtering-webkit/video.webm
    ────────────────────────────────────────────────────────────────────────────────────────────────

    Error Context: ../../test-results/dashboard-Sales-Management-should-handle-sale-filtering-webkit/error-context.md
]]>
</failure>
<system-out>
<![CDATA[
[[ATTACHMENT|dashboard-Sales-Management-should-handle-sale-filtering-webkit/test-failed-1.png]]

[[ATTACHMENT|dashboard-Sales-Management-should-handle-sale-filtering-webkit/video.webm]]

[[ATTACHMENT|dashboard-Sales-Management-should-handle-sale-filtering-webkit/error-context.md]]
]]>
</system-out>
</testcase>
<testcase name="Performance Tests › should load dashboard within performance budget" classname="dashboard.spec.ts" time="31.966">
<failure message="dashboard.spec.ts:288:3 should load dashboard within performance budget" type="FAILURE">
<![CDATA[  [webkit] › dashboard.spec.ts:288:3 › Performance Tests › should load dashboard within performance budget 

    Test timeout of 30000ms exceeded.

    Error: page.waitForURL: Test timeout of 30000ms exceeded.
    =========================== logs ===========================
    waiting for navigation to "/dashboard" until "load"
    ============================================================

      268 |     
      269 |     // Wait for dashboard to load
    > 270 |     await page.waitForURL('/dashboard');
          |                ^
      271 |     await page.waitForSelector('[data-testid="total-revenue"]');
      272 |     
      273 |     const loadTime = Date.now() - startTime;
        at /home/casio699/projects/kits-Aio/Kitsaiobusinessterminal/tests/e2e/dashboard.spec.ts:270:16

    attachment #1: screenshot (image/png) ──────────────────────────────────────────────────────────
    ../../test-results/dashboard-Performance-Test-73039-d-within-performance-budget-webkit/test-failed-1.png
    ────────────────────────────────────────────────────────────────────────────────────────────────

    attachment #2: video (video/webm) ──────────────────────────────────────────────────────────────
    ../../test-results/dashboard-Performance-Test-73039-d-within-performance-budget-webkit/video.webm
    ────────────────────────────────────────────────────────────────────────────────────────────────

    Error Context: ../../test-results/dashboard-Performance-Test-73039-d-within-performance-budget-webkit/error-context.md
]]>
</failure>
<system-out>
<![CDATA[
[[ATTACHMENT|dashboard-Performance-Test-73039-d-within-performance-budget-webkit/test-failed-1.png]]

[[ATTACHMENT|dashboard-Performance-Test-73039-d-within-performance-budget-webkit/video.webm]]

[[ATTACHMENT|dashboard-Performance-Test-73039-d-within-performance-budget-webkit/error-context.md]]
]]>
</system-out>
</testcase>
<testcase name="Performance Tests › should handle large data sets efficiently" classname="dashboard.spec.ts" time="32.105">
<failure message="dashboard.spec.ts:306:3 should handle large data sets efficiently" type="FAILURE">
<![CDATA[  [webkit] › dashboard.spec.ts:306:3 › Performance Tests › should handle large data sets efficiently 

    Test timeout of 30000ms exceeded.

    Error: page.click: Test timeout of 30000ms exceeded.
    Call log:
      - waiting for locator('[data-testid="nav-products"]')


      283 |     await page.fill('input[type="password"]', 'password123');
      284 |     await page.click('button[type="submit"]');
    > 285 |     await page.click('[data-testid="nav-products"]');
          |                ^
      286 |     
      287 |     // Monitor performance during data loading
      288 |     const startTime = Date.now();
        at /home/casio699/projects/kits-Aio/Kitsaiobusinessterminal/tests/e2e/dashboard.spec.ts:285:16

    attachment #1: screenshot (image/png) ──────────────────────────────────────────────────────────
    ../../test-results/dashboard-Performance-Test-ff1ba-large-data-sets-efficiently-webkit/test-failed-1.png
    ────────────────────────────────────────────────────────────────────────────────────────────────

    attachment #2: video (video/webm) ──────────────────────────────────────────────────────────────
    ../../test-results/dashboard-Performance-Test-ff1ba-large-data-sets-efficiently-webkit/video.webm
    ────────────────────────────────────────────────────────────────────────────────────────────────

    Error Context: ../../test-results/dashboard-Performance-Test-ff1ba-large-data-sets-efficiently-webkit/error-context.md
]]>
</failure>
<system-out>
<![CDATA[
[[ATTACHMENT|dashboard-Performance-Test-ff1ba-large-data-sets-efficiently-webkit/test-failed-1.png]]

[[ATTACHMENT|dashboard-Performance-Test-ff1ba-large-data-sets-efficiently-webkit/video.webm]]

[[ATTACHMENT|dashboard-Performance-Test-ff1ba-large-data-sets-efficiently-webkit/error-context.md]]
]]>
</system-out>
</testcase>
</testsuite>
<testsuite name="visual.spec.ts" timestamp="2025-12-27T22:32:02.477Z" hostname="webkit" tests="10" failures="10" skipped="0" time="273.688" errors="0">
<testcase name="Visual Regression Tests › login page visual appearance" classname="visual.spec.ts" time="10.579">
<failure message="visual.spec.ts:12:3 login page visual appearance" type="FAILURE">
<![CDATA[  [webkit] › visual.spec.ts:12:3 › Visual Regression Tests › login page visual appearance ──────────

    Error: A snapshot doesn't exist at /home/casio699/projects/kits-Aio/Kitsaiobusinessterminal/tests/e2e/visual.spec.ts-snapshots/login-page-webkit-linux.png, writing actual.

      14 |     
      15 |     // Take screenshot of login page
    > 16 |     await expect(page).toHaveScreenshot('login-page.png');
         |     ^
      17 |   });
      18 |
      19 |   test('dashboard layout visual appearance', async ({ page }) => {
        at /home/casio699/projects/kits-Aio/Kitsaiobusinessterminal/tests/e2e/visual.spec.ts:16:5

    attachment #1: login-page (image/png) ──────────────────────────────────────────────────────────
    Expected: visual.spec.ts-snapshots/login-page-webkit-linux.png
    Received: ../../test-results/visual-Visual-Regression-Tests-login-page-visual-appearance-webkit/login-page-actual.png
    ────────────────────────────────────────────────────────────────────────────────────────────────

    attachment #2: screenshot (image/png) ──────────────────────────────────────────────────────────
    ../../test-results/visual-Visual-Regression-Tests-login-page-visual-appearance-webkit/test-failed-1.png
    ────────────────────────────────────────────────────────────────────────────────────────────────

    attachment #3: video (video/webm) ──────────────────────────────────────────────────────────────
    ../../test-results/visual-Visual-Regression-Tests-login-page-visual-appearance-webkit/video.webm
    ────────────────────────────────────────────────────────────────────────────────────────────────

    Error Context: ../../test-results/visual-Visual-Regression-Tests-login-page-visual-appearance-webkit/error-context.md
]]>
</failure>
<system-out>
<![CDATA[
[[ATTACHMENT|../tests/e2e/visual.spec.ts-snapshots/login-page-webkit-linux.png]]

[[ATTACHMENT|visual-Visual-Regression-Tests-login-page-visual-appearance-webkit/login-page-actual.png]]

[[ATTACHMENT|visual-Visual-Regression-Tests-login-page-visual-appearance-webkit/test-failed-1.png]]

[[ATTACHMENT|visual-Visual-Regression-Tests-login-page-visual-appearance-webkit/video.webm]]

[[ATTACHMENT|visual-Visual-Regression-Tests-login-page-visual-appearance-webkit/error-context.md]]
]]>
</system-out>
</testcase>
<testcase name="Visual Regression Tests › dashboard layout visual appearance" classname="visual.spec.ts" time="32.043">
<failure message="visual.spec.ts:23:3 dashboard layout visual appearance" type="FAILURE">
<![CDATA[  [webkit] › visual.spec.ts:23:3 › Visual Regression Tests › dashboard layout visual appearance ────

    Test timeout of 30000ms exceeded.

    Error: page.waitForURL: Test timeout of 30000ms exceeded.
    =========================== logs ===========================
    waiting for navigation to "/dashboard" until "load"
    ============================================================

      25 |     
      26 |     // Wait for dashboard to load
    > 27 |     await page.waitForURL('/dashboard');
         |                ^
      28 |     await page.waitForLoadState('networkidle');
      29 |     
      30 |     // Take screenshot of dashboard
        at /home/casio699/projects/kits-Aio/Kitsaiobusinessterminal/tests/e2e/visual.spec.ts:27:16

    attachment #1: screenshot (image/png) ──────────────────────────────────────────────────────────
    ../../test-results/visual-Visual-Regression-T-4b2bb-rd-layout-visual-appearance-webkit/test-failed-1.png
    ────────────────────────────────────────────────────────────────────────────────────────────────

    attachment #2: video (video/webm) ──────────────────────────────────────────────────────────────
    ../../test-results/visual-Visual-Regression-T-4b2bb-rd-layout-visual-appearance-webkit/video.webm
    ────────────────────────────────────────────────────────────────────────────────────────────────

    Error Context: ../../test-results/visual-Visual-Regression-T-4b2bb-rd-layout-visual-appearance-webkit/error-context.md
]]>
</failure>
<system-out>
<![CDATA[
[[ATTACHMENT|visual-Visual-Regression-T-4b2bb-rd-layout-visual-appearance-webkit/test-failed-1.png]]

[[ATTACHMENT|visual-Visual-Regression-T-4b2bb-rd-layout-visual-appearance-webkit/video.webm]]

[[ATTACHMENT|visual-Visual-Regression-T-4b2bb-rd-layout-visual-appearance-webkit/error-context.md]]
]]>
</system-out>
</testcase>
<testcase name="Visual Regression Tests › products page visual appearance" classname="visual.spec.ts" time="32.037">
<failure message="visual.spec.ts:39:3 products page visual appearance" type="FAILURE">
<![CDATA[  [webkit] › visual.spec.ts:39:3 › Visual Regression Tests › products page visual appearance ───────

    Test timeout of 30000ms exceeded.

    Error: page.waitForURL: Test timeout of 30000ms exceeded.
    =========================== logs ===========================
    waiting for navigation to "/dashboard" until "load"
    ============================================================

      38 |     await page.fill('input[type="password"]', 'password123');
      39 |     await page.click('button[type="submit"]');
    > 40 |     await page.waitForURL('/dashboard');
         |                ^
      41 |     
      42 |     await page.click('[data-testid="nav-products"]');
      43 |     await page.waitForURL('/products');
        at /home/casio699/projects/kits-Aio/Kitsaiobusinessterminal/tests/e2e/visual.spec.ts:40:16

    attachment #1: screenshot (image/png) ──────────────────────────────────────────────────────────
    ../../test-results/visual-Visual-Regression-T-fda59-ucts-page-visual-appearance-webkit/test-failed-1.png
    ────────────────────────────────────────────────────────────────────────────────────────────────

    attachment #2: video (video/webm) ──────────────────────────────────────────────────────────────
    ../../test-results/visual-Visual-Regression-T-fda59-ucts-page-visual-appearance-webkit/video.webm
    ────────────────────────────────────────────────────────────────────────────────────────────────

    Error Context: ../../test-results/visual-Visual-Regression-T-fda59-ucts-page-visual-appearance-webkit/error-context.md
]]>
</failure>
<system-out>
<![CDATA[
[[ATTACHMENT|visual-Visual-Regression-T-fda59-ucts-page-visual-appearance-webkit/test-failed-1.png]]

[[ATTACHMENT|visual-Visual-Regression-T-fda59-ucts-page-visual-appearance-webkit/video.webm]]

[[ATTACHMENT|visual-Visual-Regression-T-fda59-ucts-page-visual-appearance-webkit/error-context.md]]
]]>
</system-out>
</testcase>
<testcase name="Visual Regression Tests › tenant info component visual appearance" classname="visual.spec.ts" time="32.198">
<failure message="visual.spec.ts:55:3 tenant info component visual appearance" type="FAILURE">
<![CDATA[  [webkit] › visual.spec.ts:55:3 › Visual Regression Tests › tenant info component visual appearance 

    Test timeout of 30000ms exceeded.

    Error: page.waitForURL: Test timeout of 30000ms exceeded.
    =========================== logs ===========================
    waiting for navigation to "/dashboard" until "load"
    ============================================================

      54 |     await page.fill('input[type="password"]', 'password123');
      55 |     await page.click('button[type="submit"]');
    > 56 |     await page.waitForURL('/dashboard');
         |                ^
      57 |     
      58 |     // Wait for tenant info to load
      59 |     await page.waitForSelector('[data-testid="tenant-info"]');
        at /home/casio699/projects/kits-Aio/Kitsaiobusinessterminal/tests/e2e/visual.spec.ts:56:16

    attachment #1: screenshot (image/png) ──────────────────────────────────────────────────────────
    ../../test-results/visual-Visual-Regression-T-d1855-component-visual-appearance-webkit/test-failed-1.png
    ────────────────────────────────────────────────────────────────────────────────────────────────

    attachment #2: video (video/webm) ──────────────────────────────────────────────────────────────
    ../../test-results/visual-Visual-Regression-T-d1855-component-visual-appearance-webkit/video.webm
    ────────────────────────────────────────────────────────────────────────────────────────────────

    Error Context: ../../test-results/visual-Visual-Regression-T-d1855-component-visual-appearance-webkit/error-context.md
]]>
</failure>
<system-out>
<![CDATA[
[[ATTACHMENT|visual-Visual-Regression-T-d1855-component-visual-appearance-webkit/test-failed-1.png]]

[[ATTACHMENT|visual-Visual-Regression-T-d1855-component-visual-appearance-webkit/video.webm]]

[[ATTACHMENT|visual-Visual-Regression-T-d1855-component-visual-appearance-webkit/error-context.md]]
]]>
</system-out>
</testcase>
<testcase name="Visual Regression Tests › navigation sidebar visual appearance" classname="visual.spec.ts" time="32.149">
<failure message="visual.spec.ts:73:3 navigation sidebar visual appearance" type="FAILURE">
<![CDATA[  [webkit] › visual.spec.ts:73:3 › Visual Regression Tests › navigation sidebar visual appearance ──

    Test timeout of 30000ms exceeded.

    Error: page.waitForURL: Test timeout of 30000ms exceeded.
    =========================== logs ===========================
    waiting for navigation to "/dashboard" until "load"
    ============================================================

      71 |     await page.fill('input[type="password"]', 'password123');
      72 |     await page.click('button[type="submit"]');
    > 73 |     await page.waitForURL('/dashboard');
         |                ^
      74 |     await page.waitForLoadState('networkidle');
      75 |     
      76 |     // Take screenshot of navigation sidebar
        at /home/casio699/projects/kits-Aio/Kitsaiobusinessterminal/tests/e2e/visual.spec.ts:73:16

    attachment #1: screenshot (image/png) ──────────────────────────────────────────────────────────
    ../../test-results/visual-Visual-Regression-T-58a0c-n-sidebar-visual-appearance-webkit/test-failed-1.png
    ────────────────────────────────────────────────────────────────────────────────────────────────

    attachment #2: video (video/webm) ──────────────────────────────────────────────────────────────
    ../../test-results/visual-Visual-Regression-T-58a0c-n-sidebar-visual-appearance-webkit/video.webm
    ────────────────────────────────────────────────────────────────────────────────────────────────

    Error Context: ../../test-results/visual-Visual-Regression-T-58a0c-n-sidebar-visual-appearance-webkit/error-context.md
]]>
</failure>
<system-out>
<![CDATA[
[[ATTACHMENT|visual-Visual-Regression-T-58a0c-n-sidebar-visual-appearance-webkit/test-failed-1.png]]

[[ATTACHMENT|visual-Visual-Regression-T-58a0c-n-sidebar-visual-appearance-webkit/video.webm]]

[[ATTACHMENT|visual-Visual-Regression-T-58a0c-n-sidebar-visual-appearance-webkit/error-context.md]]
]]>
</system-out>
</testcase>
<testcase name="Visual Regression Tests › forms visual appearance" classname="visual.spec.ts" time="32.008">
<failure message="visual.spec.ts:88:3 forms visual appearance" type="FAILURE">
<![CDATA[  [webkit] › visual.spec.ts:88:3 › Visual Regression Tests › forms visual appearance ───────────────

    Test timeout of 30000ms exceeded.

    Error: page.waitForURL: Test timeout of 30000ms exceeded.
    =========================== logs ===========================
    waiting for navigation to "/dashboard" until "load"
    ============================================================

      85 |     await page.fill('input[type="password"]', 'password123');
      86 |     await page.click('button[type="submit"]');
    > 87 |     await page.waitForURL('/dashboard');
         |                ^
      88 |     
      89 |     await page.click('[data-testid="nav-products"]');
      90 |     await page.waitForURL('/products');
        at /home/casio699/projects/kits-Aio/Kitsaiobusinessterminal/tests/e2e/visual.spec.ts:87:16

    attachment #1: screenshot (image/png) ──────────────────────────────────────────────────────────
    ../../test-results/visual-Visual-Regression-Tests-forms-visual-appearance-webkit/test-failed-1.png
    ────────────────────────────────────────────────────────────────────────────────────────────────

    attachment #2: video (video/webm) ──────────────────────────────────────────────────────────────
    ../../test-results/visual-Visual-Regression-Tests-forms-visual-appearance-webkit/video.webm
    ────────────────────────────────────────────────────────────────────────────────────────────────

    Error Context: ../../test-results/visual-Visual-Regression-Tests-forms-visual-appearance-webkit/error-context.md
]]>
</failure>
<system-out>
<![CDATA[
[[ATTACHMENT|visual-Visual-Regression-Tests-forms-visual-appearance-webkit/test-failed-1.png]]

[[ATTACHMENT|visual-Visual-Regression-Tests-forms-visual-appearance-webkit/video.webm]]

[[ATTACHMENT|visual-Visual-Regression-Tests-forms-visual-appearance-webkit/error-context.md]]
]]>
</system-out>
</testcase>
<testcase name="Visual Regression Tests › error states visual appearance" classname="visual.spec.ts" time="31.826">
<failure message="visual.spec.ts:108:3 error states visual appearance" type="FAILURE">
<![CDATA[  [webkit] › visual.spec.ts:108:3 › Visual Regression Tests › error states visual appearance ───────

    Test timeout of 30000ms exceeded.

    Error: page.waitForSelector: Test timeout of 30000ms exceeded.
    Call log:
      - waiting for locator('[data-testid="error-message"]') to be visible


      108 |     
      109 |     // Wait for error message to appear
    > 110 |     await page.waitForSelector('[data-testid="error-message"]');
          |                ^
      111 |     await page.waitForLoadState('networkidle');
      112 |     
      113 |     // Take screenshot of error state
        at /home/casio699/projects/kits-Aio/Kitsaiobusinessterminal/tests/e2e/visual.spec.ts:110:16

    attachment #1: screenshot (image/png) ──────────────────────────────────────────────────────────
    ../../test-results/visual-Visual-Regression-T-2b356-or-states-visual-appearance-webkit/test-failed-1.png
    ────────────────────────────────────────────────────────────────────────────────────────────────

    attachment #2: video (video/webm) ──────────────────────────────────────────────────────────────
    ../../test-results/visual-Visual-Regression-T-2b356-or-states-visual-appearance-webkit/video.webm
    ────────────────────────────────────────────────────────────────────────────────────────────────

    Error Context: ../../test-results/visual-Visual-Regression-T-2b356-or-states-visual-appearance-webkit/error-context.md
]]>
</failure>
<system-out>
<![CDATA[
[[ATTACHMENT|visual-Visual-Regression-T-2b356-or-states-visual-appearance-webkit/test-failed-1.png]]

[[ATTACHMENT|visual-Visual-Regression-T-2b356-or-states-visual-appearance-webkit/video.webm]]

[[ATTACHMENT|visual-Visual-Regression-T-2b356-or-states-visual-appearance-webkit/error-context.md]]
]]>
</system-out>
</testcase>
<testcase name="Visual Regression Tests › loading states visual appearance" classname="visual.spec.ts" time="31.785">
<failure message="visual.spec.ts:125:3 loading states visual appearance" type="FAILURE">
<![CDATA[  [webkit] › visual.spec.ts:125:3 › Visual Regression Tests › loading states visual appearance ─────

    Test timeout of 30000ms exceeded.

    Error: page.waitForSelector: Test timeout of 30000ms exceeded.
    Call log:
      - waiting for locator('[data-testid="loading-indicator"]') to be visible


      134 |     
      135 |     // Wait for loading indicator
    > 136 |     await page.waitForSelector('[data-testid="loading-indicator"]');
          |                ^
      137 |     
      138 |     // Take screenshot of loading state
      139 |     await expect(page).toHaveScreenshot('loading-state.png');
        at /home/casio699/projects/kits-Aio/Kitsaiobusinessterminal/tests/e2e/visual.spec.ts:136:16

    attachment #1: screenshot (image/png) ──────────────────────────────────────────────────────────
    ../../test-results/visual-Visual-Regression-T-e011f-ng-states-visual-appearance-webkit/test-failed-1.png
    ────────────────────────────────────────────────────────────────────────────────────────────────

    attachment #2: video (video/webm) ──────────────────────────────────────────────────────────────
    ../../test-results/visual-Visual-Regression-T-e011f-ng-states-visual-appearance-webkit/video.webm
    ────────────────────────────────────────────────────────────────────────────────────────────────

    Error Context: ../../test-results/visual-Visual-Regression-T-e011f-ng-states-visual-appearance-webkit/error-context.md
]]>
</failure>
<system-out>
<![CDATA[
[[ATTACHMENT|visual-Visual-Regression-T-e011f-ng-states-visual-appearance-webkit/test-failed-1.png]]

[[ATTACHMENT|visual-Visual-Regression-T-e011f-ng-states-visual-appearance-webkit/video.webm]]

[[ATTACHMENT|visual-Visual-Regression-T-e011f-ng-states-visual-appearance-webkit/error-context.md]]
]]>
</system-out>
</testcase>
<testcase name="Visual Regression Tests › responsive design - mobile" classname="visual.spec.ts" time="7.923">
<failure message="visual.spec.ts:152:3 responsive design - mobile" type="FAILURE">
<![CDATA[  [webkit] › visual.spec.ts:152:3 › Visual Regression Tests › responsive design - mobile ───────────

    Error: A snapshot doesn't exist at /home/casio699/projects/kits-Aio/Kitsaiobusinessterminal/tests/e2e/visual.spec.ts-snapshots/mobile-login-webkit-linux.png, writing actual.

      148 |     
      149 |     // Take screenshot of mobile login
    > 150 |     await expect(page).toHaveScreenshot('mobile-login.png');
          |     ^
      151 |   });
      152 |
      153 |   test('responsive design - tablet', async ({ page }) => {
        at /home/casio699/projects/kits-Aio/Kitsaiobusinessterminal/tests/e2e/visual.spec.ts:150:5

    attachment #1: mobile-login (image/png) ────────────────────────────────────────────────────────
    Expected: visual.spec.ts-snapshots/mobile-login-webkit-linux.png
    Received: ../../test-results/visual-Visual-Regression-Tests-responsive-design---mobile-webkit/mobile-login-actual.png
    ────────────────────────────────────────────────────────────────────────────────────────────────

    attachment #2: screenshot (image/png) ──────────────────────────────────────────────────────────
    ../../test-results/visual-Visual-Regression-Tests-responsive-design---mobile-webkit/test-failed-1.png
    ────────────────────────────────────────────────────────────────────────────────────────────────

    attachment #3: video (video/webm) ──────────────────────────────────────────────────────────────
    ../../test-results/visual-Visual-Regression-Tests-responsive-design---mobile-webkit/video.webm
    ────────────────────────────────────────────────────────────────────────────────────────────────

    Error Context: ../../test-results/visual-Visual-Regression-Tests-responsive-design---mobile-webkit/error-context.md
]]>
</failure>
<system-out>
<![CDATA[
[[ATTACHMENT|../tests/e2e/visual.spec.ts-snapshots/mobile-login-webkit-linux.png]]

[[ATTACHMENT|visual-Visual-Regression-Tests-responsive-design---mobile-webkit/mobile-login-actual.png]]

[[ATTACHMENT|visual-Visual-Regression-Tests-responsive-design---mobile-webkit/test-failed-1.png]]

[[ATTACHMENT|visual-Visual-Regression-Tests-responsive-design---mobile-webkit/video.webm]]

[[ATTACHMENT|visual-Visual-Regression-Tests-responsive-design---mobile-webkit/error-context.md]]
]]>
</system-out>
</testcase>
<testcase name="Visual Regression Tests › responsive design - tablet" classname="visual.spec.ts" time="31.14">
<failure message="visual.spec.ts:166:3 responsive design - tablet" type="FAILURE">
<![CDATA[  [webkit] › visual.spec.ts:166:3 › Visual Regression Tests › responsive design - tablet ───────────

    Test timeout of 30000ms exceeded.

    Error: page.waitForURL: Test timeout of 30000ms exceeded.
    =========================== logs ===========================
    waiting for navigation to "/dashboard" until "load"
    ============================================================

      160 |     await page.fill('input[type="password"]', 'password123');
      161 |     await page.click('button[type="submit"]');
    > 162 |     await page.waitForURL('/dashboard');
          |                ^
      163 |     await page.waitForLoadState('networkidle');
      164 |     
      165 |     // Take screenshot of tablet dashboard
        at /home/casio699/projects/kits-Aio/Kitsaiobusinessterminal/tests/e2e/visual.spec.ts:162:16

    attachment #1: screenshot (image/png) ──────────────────────────────────────────────────────────
    ../../test-results/visual-Visual-Regression-Tests-responsive-design---tablet-webkit/test-failed-1.png
    ────────────────────────────────────────────────────────────────────────────────────────────────

    attachment #2: video (video/webm) ──────────────────────────────────────────────────────────────
    ../../test-results/visual-Visual-Regression-Tests-responsive-design---tablet-webkit/video.webm
    ────────────────────────────────────────────────────────────────────────────────────────────────

    Error Context: ../../test-results/visual-Visual-Regression-Tests-responsive-design---tablet-webkit/error-context.md
]]>
</failure>
<system-out>
<![CDATA[
[[ATTACHMENT|visual-Visual-Regression-Tests-responsive-design---tablet-webkit/test-failed-1.png]]

[[ATTACHMENT|visual-Visual-Regression-Tests-responsive-design---tablet-webkit/video.webm]]

[[ATTACHMENT|visual-Visual-Regression-Tests-responsive-design---tablet-webkit/error-context.md]]
]]>
</system-out>
</testcase>
</testsuite>
<testsuite name="accessibility.spec.ts" timestamp="2025-12-27T22:32:02.477Z" hostname="Mobile Chrome" tests="10" failures="10" skipped="0" time="251.918" errors="0">
<testcase name="Accessibility Visual Tests › high contrast mode visual appearance" classname="accessibility.spec.ts" time="9.989">
<failure message="accessibility.spec.ts:12:3 high contrast mode visual appearance" type="FAILURE">
<![CDATA[  [Mobile Chrome] › accessibility.spec.ts:12:3 › Accessibility Visual Tests › high contrast mode visual appearance 

    Error: A snapshot doesn't exist at /home/casio699/projects/kits-Aio/Kitsaiobusinessterminal/tests/e2e/accessibility.spec.ts-snapshots/high-contrast-login-Mobile-Chrome-linux.png, writing actual.

      15 |     
      16 |     // Take screenshot in high contrast mode
    > 17 |     await expect(page).toHaveScreenshot('high-contrast-login.png');
         |     ^
      18 |   });
      19 |
      20 |   test('reduced motion visual appearance', async ({ page }) => {
        at /home/casio699/projects/kits-Aio/Kitsaiobusinessterminal/tests/e2e/accessibility.spec.ts:17:5

    attachment #1: high-contrast-login (image/png) ─────────────────────────────────────────────────
    Expected: accessibility.spec.ts-snapshots/high-contrast-login-Mobile-Chrome-linux.png
    Received: ../../test-results/accessibility-Accessibilit-6e559-rast-mode-visual-appearance-Mobile-Chrome/high-contrast-login-actual.png
    ────────────────────────────────────────────────────────────────────────────────────────────────

    attachment #2: video (video/webm) ──────────────────────────────────────────────────────────────
    ../../test-results/accessibility-Accessibilit-6e559-rast-mode-visual-appearance-Mobile-Chrome/video.webm
    ────────────────────────────────────────────────────────────────────────────────────────────────

    Error Context: ../../test-results/accessibility-Accessibilit-6e559-rast-mode-visual-appearance-Mobile-Chrome/error-context.md
]]>
</failure>
<system-out>
<![CDATA[
[[ATTACHMENT|../tests/e2e/accessibility.spec.ts-snapshots/high-contrast-login-Mobile-Chrome-linux.png]]

[[ATTACHMENT|accessibility-Accessibilit-6e559-rast-mode-visual-appearance-Mobile-Chrome/high-contrast-login-actual.png]]

[[ATTACHMENT|accessibility-Accessibilit-6e559-rast-mode-visual-appearance-Mobile-Chrome/video.webm]]

[[ATTACHMENT|accessibility-Accessibilit-6e559-rast-mode-visual-appearance-Mobile-Chrome/error-context.md]]
]]>
</system-out>
</testcase>
<testcase name="Accessibility Visual Tests › reduced motion visual appearance" classname="accessibility.spec.ts" time="35.169">
<failure message="accessibility.spec.ts:26:3 reduced motion visual appearance" type="FAILURE">
<![CDATA[  [Mobile Chrome] › accessibility.spec.ts:26:3 › Accessibility Visual Tests › reduced motion visual appearance 

    Test timeout of 30000ms exceeded.

    Error: page.waitForURL: Test timeout of 30000ms exceeded.
    =========================== logs ===========================
    waiting for navigation to "/dashboard" until "load"
    ============================================================

      27 |     await page.fill('input[type="password"]', 'password123');
      28 |     await page.click('button[type="submit"]');
    > 29 |     await page.waitForURL('/dashboard');
         |                ^
      30 |     await page.waitForLoadState('networkidle');
      31 |     
      32 |     // Take screenshot with reduced motion
        at /home/casio699/projects/kits-Aio/Kitsaiobusinessterminal/tests/e2e/accessibility.spec.ts:29:16

    attachment #1: screenshot (image/png) ──────────────────────────────────────────────────────────
    ../../test-results/accessibility-Accessibilit-b626d-ed-motion-visual-appearance-Mobile-Chrome/test-failed-1.png
    ────────────────────────────────────────────────────────────────────────────────────────────────

    attachment #2: video (video/webm) ──────────────────────────────────────────────────────────────
    ../../test-results/accessibility-Accessibilit-b626d-ed-motion-visual-appearance-Mobile-Chrome/video.webm
    ────────────────────────────────────────────────────────────────────────────────────────────────

    Error Context: ../../test-results/accessibility-Accessibilit-b626d-ed-motion-visual-appearance-Mobile-Chrome/error-context.md
]]>
</failure>
<system-out>
<![CDATA[
[[ATTACHMENT|accessibility-Accessibilit-b626d-ed-motion-visual-appearance-Mobile-Chrome/test-failed-1.png]]

[[ATTACHMENT|accessibility-Accessibilit-b626d-ed-motion-visual-appearance-Mobile-Chrome/video.webm]]

[[ATTACHMENT|accessibility-Accessibilit-b626d-ed-motion-visual-appearance-Mobile-Chrome/error-context.md]]
]]>
</system-out>
</testcase>
<testcase name="Accessibility Visual Tests › keyboard navigation focus states" classname="accessibility.spec.ts" time="13.598">
<failure message="accessibility.spec.ts:45:3 keyboard navigation focus states" type="FAILURE">
<![CDATA[  [Mobile Chrome] › accessibility.spec.ts:45:3 › Accessibility Visual Tests › keyboard navigation focus states 

    Error: A snapshot doesn't exist at /home/casio699/projects/kits-Aio/Kitsaiobusinessterminal/tests/e2e/accessibility.spec.ts-snapshots/focus-email-input-Mobile-Chrome-linux.png, writing actual.

      40 |     await page.keyboard.press('Tab');
      41 |     await page.waitForTimeout(100);
    > 42 |     await expect(page).toHaveScreenshot('focus-email-input.png');
         |     ^
      43 |     
      44 |     await page.keyboard.press('Tab');
      45 |     await page.waitForTimeout(100);
        at /home/casio699/projects/kits-Aio/Kitsaiobusinessterminal/tests/e2e/accessibility.spec.ts:42:5

    Error: A snapshot doesn't exist at /home/casio699/projects/kits-Aio/Kitsaiobusinessterminal/tests/e2e/accessibility.spec.ts-snapshots/focus-password-input-Mobile-Chrome-linux.png, writing actual.

      44 |     await page.keyboard.press('Tab');
      45 |     await page.waitForTimeout(100);
    > 46 |     await expect(page).toHaveScreenshot('focus-password-input.png');
         |     ^
      47 |     
      48 |     await page.keyboard.press('Tab');
      49 |     await page.waitForTimeout(100);
        at /home/casio699/projects/kits-Aio/Kitsaiobusinessterminal/tests/e2e/accessibility.spec.ts:46:5

    Error: A snapshot doesn't exist at /home/casio699/projects/kits-Aio/Kitsaiobusinessterminal/tests/e2e/accessibility.spec.ts-snapshots/focus-submit-button-Mobile-Chrome-linux.png, writing actual.

      48 |     await page.keyboard.press('Tab');
      49 |     await page.waitForTimeout(100);
    > 50 |     await expect(page).toHaveScreenshot('focus-submit-button.png');
         |     ^
      51 |   });
      52 |
      53 |   test('screen reader friendly structure', async ({ page }) => {
        at /home/casio699/projects/kits-Aio/Kitsaiobusinessterminal/tests/e2e/accessibility.spec.ts:50:5

    attachment #1: focus-email-input (image/png) ───────────────────────────────────────────────────
    Expected: accessibility.spec.ts-snapshots/focus-email-input-Mobile-Chrome-linux.png
    Received: ../../test-results/accessibility-Accessibilit-9a7b5-ard-navigation-focus-states-Mobile-Chrome/focus-email-input-actual.png
    ────────────────────────────────────────────────────────────────────────────────────────────────

    attachment #2: focus-password-input (image/png) ────────────────────────────────────────────────
    Expected: accessibility.spec.ts-snapshots/focus-password-input-Mobile-Chrome-linux.png
    Received: ../../test-results/accessibility-Accessibilit-9a7b5-ard-navigation-focus-states-Mobile-Chrome/focus-password-input-actual.png
    ────────────────────────────────────────────────────────────────────────────────────────────────

    attachment #3: focus-submit-button (image/png) ─────────────────────────────────────────────────
    Expected: accessibility.spec.ts-snapshots/focus-submit-button-Mobile-Chrome-linux.png
    Received: ../../test-results/accessibility-Accessibilit-9a7b5-ard-navigation-focus-states-Mobile-Chrome/focus-submit-button-actual.png
    ────────────────────────────────────────────────────────────────────────────────────────────────

    attachment #4: video (video/webm) ──────────────────────────────────────────────────────────────
    ../../test-results/accessibility-Accessibilit-9a7b5-ard-navigation-focus-states-Mobile-Chrome/video.webm
    ────────────────────────────────────────────────────────────────────────────────────────────────

    Error Context: ../../test-results/accessibility-Accessibilit-9a7b5-ard-navigation-focus-states-Mobile-Chrome/error-context.md
]]>
</failure>
<system-out>
<![CDATA[
[[ATTACHMENT|../tests/e2e/accessibility.spec.ts-snapshots/focus-email-input-Mobile-Chrome-linux.png]]

[[ATTACHMENT|accessibility-Accessibilit-9a7b5-ard-navigation-focus-states-Mobile-Chrome/focus-email-input-actual.png]]

[[ATTACHMENT|../tests/e2e/accessibility.spec.ts-snapshots/focus-password-input-Mobile-Chrome-linux.png]]

[[ATTACHMENT|accessibility-Accessibilit-9a7b5-ard-navigation-focus-states-Mobile-Chrome/focus-password-input-actual.png]]

[[ATTACHMENT|../tests/e2e/accessibility.spec.ts-snapshots/focus-submit-button-Mobile-Chrome-linux.png]]

[[ATTACHMENT|accessibility-Accessibilit-9a7b5-ard-navigation-focus-states-Mobile-Chrome/focus-submit-button-actual.png]]

[[ATTACHMENT|accessibility-Accessibilit-9a7b5-ard-navigation-focus-states-Mobile-Chrome/video.webm]]

[[ATTACHMENT|accessibility-Accessibilit-9a7b5-ard-navigation-focus-states-Mobile-Chrome/error-context.md]]
]]>
</system-out>
</testcase>
<testcase name="Accessibility Visual Tests › screen reader friendly structure" classname="accessibility.spec.ts" time="35.402">
<failure message="accessibility.spec.ts:61:3 screen reader friendly structure" type="FAILURE">
<![CDATA[  [Mobile Chrome] › accessibility.spec.ts:61:3 › Accessibility Visual Tests › screen reader friendly structure 

    Test timeout of 30000ms exceeded.

    Error: page.waitForURL: Test timeout of 30000ms exceeded.
    =========================== logs ===========================
    waiting for navigation to "/dashboard" until "load"
    ============================================================

      57 |     await page.fill('input[type="password"]', 'password123');
      58 |     await page.click('button[type="submit"]');
    > 59 |     await page.waitForURL('/dashboard');
         |                ^
      60 |     await page.waitForLoadState('networkidle');
      61 |     
      62 |     // Check semantic structure
        at /home/casio699/projects/kits-Aio/Kitsaiobusinessterminal/tests/e2e/accessibility.spec.ts:59:16

    attachment #1: screenshot (image/png) ──────────────────────────────────────────────────────────
    ../../test-results/accessibility-Accessibilit-2d679-n-reader-friendly-structure-Mobile-Chrome/test-failed-1.png
    ────────────────────────────────────────────────────────────────────────────────────────────────

    attachment #2: video (video/webm) ──────────────────────────────────────────────────────────────
    ../../test-results/accessibility-Accessibilit-2d679-n-reader-friendly-structure-Mobile-Chrome/video.webm
    ────────────────────────────────────────────────────────────────────────────────────────────────

    Error Context: ../../test-results/accessibility-Accessibilit-2d679-n-reader-friendly-structure-Mobile-Chrome/error-context.md
]]>
</failure>
<system-out>
<![CDATA[
[[ATTACHMENT|accessibility-Accessibilit-2d679-n-reader-friendly-structure-Mobile-Chrome/test-failed-1.png]]

[[ATTACHMENT|accessibility-Accessibilit-2d679-n-reader-friendly-structure-Mobile-Chrome/video.webm]]

[[ATTACHMENT|accessibility-Accessibilit-2d679-n-reader-friendly-structure-Mobile-Chrome/error-context.md]]
]]>
</system-out>
</testcase>
<testcase name="Accessibility Visual Tests › color contrast compliance" classname="accessibility.spec.ts" time="9.45">
<failure message="accessibility.spec.ts:79:3 color contrast compliance" type="FAILURE">
<![CDATA[  [Mobile Chrome] › accessibility.spec.ts:79:3 › Accessibility Visual Tests › color contrast compliance 

    Error: A snapshot doesn't exist at /home/casio699/projects/kits-Aio/Kitsaiobusinessterminal/tests/e2e/accessibility.spec.ts-snapshots/color-contrast-login-Mobile-Chrome-linux.png, writing actual.

      73 |     
      74 |     // Take screenshot for color contrast analysis
    > 75 |     await expect(page).toHaveScreenshot('color-contrast-login.png');
         |     ^
      76 |     
      77 |     // Check for proper contrast ratios (would need additional tools for automated testing)
      78 |     const textElements = page.locator('button, input, label, a, h1, h2, h3, p, span');
        at /home/casio699/projects/kits-Aio/Kitsaiobusinessterminal/tests/e2e/accessibility.spec.ts:75:5

    attachment #1: color-contrast-login (image/png) ────────────────────────────────────────────────
    Expected: accessibility.spec.ts-snapshots/color-contrast-login-Mobile-Chrome-linux.png
    Received: ../../test-results/accessibility-Accessibilit-76076-s-color-contrast-compliance-Mobile-Chrome/color-contrast-login-actual.png
    ────────────────────────────────────────────────────────────────────────────────────────────────

    attachment #2: video (video/webm) ──────────────────────────────────────────────────────────────
    ../../test-results/accessibility-Accessibilit-76076-s-color-contrast-compliance-Mobile-Chrome/video.webm
    ────────────────────────────────────────────────────────────────────────────────────────────────

    Error Context: ../../test-results/accessibility-Accessibilit-76076-s-color-contrast-compliance-Mobile-Chrome/error-context.md
]]>
</failure>
<system-out>
<![CDATA[
[[ATTACHMENT|../tests/e2e/accessibility.spec.ts-snapshots/color-contrast-login-Mobile-Chrome-linux.png]]

[[ATTACHMENT|accessibility-Accessibilit-76076-s-color-contrast-compliance-Mobile-Chrome/color-contrast-login-actual.png]]

[[ATTACHMENT|accessibility-Accessibilit-76076-s-color-contrast-compliance-Mobile-Chrome/video.webm]]

[[ATTACHMENT|accessibility-Accessibilit-76076-s-color-contrast-compliance-Mobile-Chrome/error-context.md]]
]]>
</system-out>
</testcase>
<testcase name="Accessibility Visual Tests › accessible form labels" classname="accessibility.spec.ts" time="7.808">
<failure message="accessibility.spec.ts:93:3 accessible form labels" type="FAILURE">
<![CDATA[  [Mobile Chrome] › accessibility.spec.ts:93:3 › Accessibility Visual Tests › accessible form labels 

    Error: expect(received).toBe(expected) // Object.is equality

    Expected: 1
    Received: 0

      93 |       const id = await input.getAttribute('id');
      94 |       const label = page.locator(`label[for="${id}"]`);
    > 95 |       expect(await label.count()).toBe(1);
         |                                   ^
      96 |     }
      97 |     
      98 |     // Take screenshot of accessible form
        at /home/casio699/projects/kits-Aio/Kitsaiobusinessterminal/tests/e2e/accessibility.spec.ts:95:35

    attachment #1: screenshot (image/png) ──────────────────────────────────────────────────────────
    ../../test-results/accessibility-Accessibilit-0ba92-ests-accessible-form-labels-Mobile-Chrome/test-failed-1.png
    ────────────────────────────────────────────────────────────────────────────────────────────────

    attachment #2: video (video/webm) ──────────────────────────────────────────────────────────────
    ../../test-results/accessibility-Accessibilit-0ba92-ests-accessible-form-labels-Mobile-Chrome/video.webm
    ────────────────────────────────────────────────────────────────────────────────────────────────

    Error Context: ../../test-results/accessibility-Accessibilit-0ba92-ests-accessible-form-labels-Mobile-Chrome/error-context.md
]]>
</failure>
<system-out>
<![CDATA[
[[ATTACHMENT|accessibility-Accessibilit-0ba92-ests-accessible-form-labels-Mobile-Chrome/test-failed-1.png]]

[[ATTACHMENT|accessibility-Accessibilit-0ba92-ests-accessible-form-labels-Mobile-Chrome/video.webm]]

[[ATTACHMENT|accessibility-Accessibilit-0ba92-ests-accessible-form-labels-Mobile-Chrome/error-context.md]]
]]>
</system-out>
</testcase>
<testcase name="Accessibility Visual Tests › ARIA landmarks and roles" classname="accessibility.spec.ts" time="35.34">
<failure message="accessibility.spec.ts:112:3 ARIA landmarks and roles" type="FAILURE">
<![CDATA[  [Mobile Chrome] › accessibility.spec.ts:112:3 › Accessibility Visual Tests › ARIA landmarks and roles 

    Test timeout of 30000ms exceeded.

    Error: page.waitForURL: Test timeout of 30000ms exceeded.
    =========================== logs ===========================
    waiting for navigation to "/dashboard" until "load"
    ============================================================

      106 |     await page.fill('input[type="password"]', 'password123');
      107 |     await page.click('button[type="submit"]');
    > 108 |     await page.waitForURL('/dashboard');
          |                ^
      109 |     await page.waitForLoadState('networkidle');
      110 |     
      111 |     // Check for ARIA landmarks
        at /home/casio699/projects/kits-Aio/Kitsaiobusinessterminal/tests/e2e/accessibility.spec.ts:108:16

    attachment #1: screenshot (image/png) ──────────────────────────────────────────────────────────
    ../../test-results/accessibility-Accessibilit-00060-ts-ARIA-landmarks-and-roles-Mobile-Chrome/test-failed-1.png
    ────────────────────────────────────────────────────────────────────────────────────────────────

    attachment #2: video (video/webm) ──────────────────────────────────────────────────────────────
    ../../test-results/accessibility-Accessibilit-00060-ts-ARIA-landmarks-and-roles-Mobile-Chrome/video.webm
    ────────────────────────────────────────────────────────────────────────────────────────────────

    Error Context: ../../test-results/accessibility-Accessibilit-00060-ts-ARIA-landmarks-and-roles-Mobile-Chrome/error-context.md
]]>
</failure>
<system-out>
<![CDATA[
[[ATTACHMENT|accessibility-Accessibilit-00060-ts-ARIA-landmarks-and-roles-Mobile-Chrome/test-failed-1.png]]

[[ATTACHMENT|accessibility-Accessibilit-00060-ts-ARIA-landmarks-and-roles-Mobile-Chrome/video.webm]]

[[ATTACHMENT|accessibility-Accessibilit-00060-ts-ARIA-landmarks-and-roles-Mobile-Chrome/error-context.md]]
]]>
</system-out>
</testcase>
<testcase name="Accessibility Visual Tests › accessible navigation" classname="accessibility.spec.ts" time="35.176">
<failure message="accessibility.spec.ts:132:3 accessible navigation" type="FAILURE">
<![CDATA[  [Mobile Chrome] › accessibility.spec.ts:132:3 › Accessibility Visual Tests › accessible navigation 

    Test timeout of 30000ms exceeded.

    Error: page.waitForURL: Test timeout of 30000ms exceeded.
    =========================== logs ===========================
    waiting for navigation to "/dashboard" until "load"
    ============================================================

      126 |     await page.fill('input[type="password"]', 'password123');
      127 |     await page.click('button[type="submit"]');
    > 128 |     await page.waitForURL('/dashboard');
          |                ^
      129 |     await page.waitForLoadState('networkidle');
      130 |     
      131 |     // Check for skip links
        at /home/casio699/projects/kits-Aio/Kitsaiobusinessterminal/tests/e2e/accessibility.spec.ts:128:16

    attachment #1: screenshot (image/png) ──────────────────────────────────────────────────────────
    ../../test-results/accessibility-Accessibilit-d782d-Tests-accessible-navigation-Mobile-Chrome/test-failed-1.png
    ────────────────────────────────────────────────────────────────────────────────────────────────

    attachment #2: video (video/webm) ──────────────────────────────────────────────────────────────
    ../../test-results/accessibility-Accessibilit-d782d-Tests-accessible-navigation-Mobile-Chrome/video.webm
    ────────────────────────────────────────────────────────────────────────────────────────────────

    Error Context: ../../test-results/accessibility-Accessibilit-d782d-Tests-accessible-navigation-Mobile-Chrome/error-context.md
]]>
</failure>
<system-out>
<![CDATA[
[[ATTACHMENT|accessibility-Accessibilit-d782d-Tests-accessible-navigation-Mobile-Chrome/test-failed-1.png]]

[[ATTACHMENT|accessibility-Accessibilit-d782d-Tests-accessible-navigation-Mobile-Chrome/video.webm]]

[[ATTACHMENT|accessibility-Accessibilit-d782d-Tests-accessible-navigation-Mobile-Chrome/error-context.md]]
]]>
</system-out>
</testcase>
<testcase name="Accessibility Visual Tests › accessible data tables" classname="accessibility.spec.ts" time="35.069">
<failure message="accessibility.spec.ts:150:3 accessible data tables" type="FAILURE">
<![CDATA[  [Mobile Chrome] › accessibility.spec.ts:150:3 › Accessibility Visual Tests › accessible data tables 

    Test timeout of 30000ms exceeded.

    Error: page.waitForURL: Test timeout of 30000ms exceeded.
    =========================== logs ===========================
    waiting for navigation to "/dashboard" until "load"
    ============================================================

      143 |     await page.fill('input[type="password"]', 'password123');
      144 |     await page.click('button[type="submit"]');
    > 145 |     await page.waitForURL('/dashboard');
          |                ^
      146 |     
      147 |     await page.click('[data-testid="nav-products"]');
      148 |     await page.waitForURL('/products');
        at /home/casio699/projects/kits-Aio/Kitsaiobusinessterminal/tests/e2e/accessibility.spec.ts:145:16

    attachment #1: screenshot (image/png) ──────────────────────────────────────────────────────────
    ../../test-results/accessibility-Accessibilit-d6a05-ests-accessible-data-tables-Mobile-Chrome/test-failed-1.png
    ────────────────────────────────────────────────────────────────────────────────────────────────

    attachment #2: video (video/webm) ──────────────────────────────────────────────────────────────
    ../../test-results/accessibility-Accessibilit-d6a05-ests-accessible-data-tables-Mobile-Chrome/video.webm
    ────────────────────────────────────────────────────────────────────────────────────────────────

    Error Context: ../../test-results/accessibility-Accessibilit-d6a05-ests-accessible-data-tables-Mobile-Chrome/error-context.md
]]>
</failure>
<system-out>
<![CDATA[
[[ATTACHMENT|accessibility-Accessibilit-d6a05-ests-accessible-data-tables-Mobile-Chrome/test-failed-1.png]]

[[ATTACHMENT|accessibility-Accessibilit-d6a05-ests-accessible-data-tables-Mobile-Chrome/video.webm]]

[[ATTACHMENT|accessibility-Accessibilit-d6a05-ests-accessible-data-tables-Mobile-Chrome/error-context.md]]
]]>
</system-out>
</testcase>
<testcase name="Accessibility Visual Tests › accessible error messages" classname="accessibility.spec.ts" time="34.917">
<failure message="accessibility.spec.ts:178:3 accessible error messages" type="FAILURE">
<![CDATA[  [Mobile Chrome] › accessibility.spec.ts:178:3 › Accessibility Visual Tests › accessible error messages 

    Test timeout of 30000ms exceeded.

    Error: page.waitForSelector: Test timeout of 30000ms exceeded.
    Call log:
      - waiting for locator('[data-testid="error-message"]') to be visible


      174 |     
      175 |     // Wait for error message
    > 176 |     await page.waitForSelector('[data-testid="error-message"]');
          |                ^
      177 |     
      178 |     // Check error message is accessible
      179 |     const errorMessage = page.locator('[data-testid="error-message"]');
        at /home/casio699/projects/kits-Aio/Kitsaiobusinessterminal/tests/e2e/accessibility.spec.ts:176:16

    attachment #1: screenshot (image/png) ──────────────────────────────────────────────────────────
    ../../test-results/accessibility-Accessibilit-e890a-s-accessible-error-messages-Mobile-Chrome/test-failed-1.png
    ────────────────────────────────────────────────────────────────────────────────────────────────

    attachment #2: video (video/webm) ──────────────────────────────────────────────────────────────
    ../../test-results/accessibility-Accessibilit-e890a-s-accessible-error-messages-Mobile-Chrome/video.webm
    ────────────────────────────────────────────────────────────────────────────────────────────────

    Error Context: ../../test-results/accessibility-Accessibilit-e890a-s-accessible-error-messages-Mobile-Chrome/error-context.md
]]>
</failure>
<system-out>
<![CDATA[
[[ATTACHMENT|accessibility-Accessibilit-e890a-s-accessible-error-messages-Mobile-Chrome/test-failed-1.png]]

[[ATTACHMENT|accessibility-Accessibilit-e890a-s-accessible-error-messages-Mobile-Chrome/video.webm]]

[[ATTACHMENT|accessibility-Accessibilit-e890a-s-accessible-error-messages-Mobile-Chrome/error-context.md]]
]]>
</system-out>
</testcase>
</testsuite>
<testsuite name="auth.spec.ts" timestamp="2025-12-27T22:32:02.477Z" hostname="Mobile Chrome" tests="13" failures="12" skipped="0" time="168.719" errors="0">
<testcase name="Authentication Flow › should show login page when not authenticated" classname="auth.spec.ts" time="6.935">
<failure message="auth.spec.ts:3:3 should show login page when not authenticated" type="FAILURE">
<![CDATA[  [Mobile Chrome] › auth.spec.ts:3:3 › Authentication Flow › should show login page when not authenticated 

    Error: expect(locator).toContainText(expected) failed

    Locator: locator('h1')
    Expected pattern: /login|sign in/i
    Timeout: 5000ms
    Error: element(s) not found

    Call log:
      - Expect "toContainText" with timeout 5000ms
      - waiting for locator('h1')


       6 |     
       7 |     // Should redirect to login or show login form
    >  8 |     await expect(page.locator('h1')).toContainText(/login|sign in/i);
         |                                      ^
       9 |   });
      10 |
      11 |   test('should handle login with valid credentials', async ({ page }) => {
        at /home/casio699/projects/kits-Aio/Kitsaiobusinessterminal/tests/e2e/auth.spec.ts:8:38

    attachment #1: screenshot (image/png) ──────────────────────────────────────────────────────────
    ../../test-results/auth-Authentication-Flow-s-92172-page-when-not-authenticated-Mobile-Chrome/test-failed-1.png
    ────────────────────────────────────────────────────────────────────────────────────────────────

    attachment #2: video (video/webm) ──────────────────────────────────────────────────────────────
    ../../test-results/auth-Authentication-Flow-s-92172-page-when-not-authenticated-Mobile-Chrome/video.webm
    ────────────────────────────────────────────────────────────────────────────────────────────────

    Error Context: ../../test-results/auth-Authentication-Flow-s-92172-page-when-not-authenticated-Mobile-Chrome/error-context.md
]]>
</failure>
<system-out>
<![CDATA[
[[ATTACHMENT|auth-Authentication-Flow-s-92172-page-when-not-authenticated-Mobile-Chrome/test-failed-1.png]]

[[ATTACHMENT|auth-Authentication-Flow-s-92172-page-when-not-authenticated-Mobile-Chrome/video.webm]]

[[ATTACHMENT|auth-Authentication-Flow-s-92172-page-when-not-authenticated-Mobile-Chrome/error-context.md]]
]]>
</system-out>
</testcase>
<testcase name="Authentication Flow › should handle login with valid credentials" classname="auth.spec.ts" time="8.502">
<failure message="auth.spec.ts:11:3 should handle login with valid credentials" type="FAILURE">
<![CDATA[  [Mobile Chrome] › auth.spec.ts:11:3 › Authentication Flow › should handle login with valid credentials 

    Error: expect(page).toHaveURL(expected) failed

    Expected: "http://localhost:3000/dashboard"
    Received: "http://localhost:3000/login"
    Timeout:  5000ms

    Call log:
      - Expect "toHaveURL" with timeout 5000ms
        9 × unexpected value "http://localhost:3000/login"


      20 |     
      21 |     // Should redirect to dashboard
    > 22 |     await expect(page).toHaveURL('/dashboard');
         |                        ^
      23 |     await expect(page.locator('h1')).toContainText(/dashboard|overview/i);
      24 |   });
      25 |
        at /home/casio699/projects/kits-Aio/Kitsaiobusinessterminal/tests/e2e/auth.spec.ts:22:24

    attachment #1: screenshot (image/png) ──────────────────────────────────────────────────────────
    ../../test-results/auth-Authentication-Flow-s-5a13b-ogin-with-valid-credentials-Mobile-Chrome/test-failed-1.png
    ────────────────────────────────────────────────────────────────────────────────────────────────

    attachment #2: video (video/webm) ──────────────────────────────────────────────────────────────
    ../../test-results/auth-Authentication-Flow-s-5a13b-ogin-with-valid-credentials-Mobile-Chrome/video.webm
    ────────────────────────────────────────────────────────────────────────────────────────────────

    Error Context: ../../test-results/auth-Authentication-Flow-s-5a13b-ogin-with-valid-credentials-Mobile-Chrome/error-context.md
]]>
</failure>
<system-out>
<![CDATA[
[[ATTACHMENT|auth-Authentication-Flow-s-5a13b-ogin-with-valid-credentials-Mobile-Chrome/test-failed-1.png]]

[[ATTACHMENT|auth-Authentication-Flow-s-5a13b-ogin-with-valid-credentials-Mobile-Chrome/video.webm]]

[[ATTACHMENT|auth-Authentication-Flow-s-5a13b-ogin-with-valid-credentials-Mobile-Chrome/error-context.md]]
]]>
</system-out>
</testcase>
<testcase name="Authentication Flow › should show error message with invalid credentials" classname="auth.spec.ts" time="8.32">
<failure message="auth.spec.ts:27:3 should show error message with invalid credentials" type="FAILURE">
<![CDATA[  [Mobile Chrome] › auth.spec.ts:27:3 › Authentication Flow › should show error message with invalid credentials 

    Error: expect(locator).toBeVisible() failed

    Locator: locator('[data-testid="error-message"]')
    Expected: visible
    Timeout: 5000ms
    Error: element(s) not found

    Call log:
      - Expect "toBeVisible" with timeout 5000ms
      - waiting for locator('[data-testid="error-message"]')


      35 |     
      36 |     // Should show error message
    > 37 |     await expect(page.locator('[data-testid="error-message"]')).toBeVisible();
         |                                                                 ^
      38 |     await expect(page.locator('[data-testid="error-message"]')).toContainText(/invalid|error/i);
      39 |   });
      40 |
        at /home/casio699/projects/kits-Aio/Kitsaiobusinessterminal/tests/e2e/auth.spec.ts:37:65

    attachment #1: screenshot (image/png) ──────────────────────────────────────────────────────────
    ../../test-results/auth-Authentication-Flow-s-2327b-ge-with-invalid-credentials-Mobile-Chrome/test-failed-1.png
    ────────────────────────────────────────────────────────────────────────────────────────────────

    attachment #2: video (video/webm) ──────────────────────────────────────────────────────────────
    ../../test-results/auth-Authentication-Flow-s-2327b-ge-with-invalid-credentials-Mobile-Chrome/video.webm
    ────────────────────────────────────────────────────────────────────────────────────────────────

    Error Context: ../../test-results/auth-Authentication-Flow-s-2327b-ge-with-invalid-credentials-Mobile-Chrome/error-context.md
]]>
</failure>
<system-out>
<![CDATA[
[[ATTACHMENT|auth-Authentication-Flow-s-2327b-ge-with-invalid-credentials-Mobile-Chrome/test-failed-1.png]]

[[ATTACHMENT|auth-Authentication-Flow-s-2327b-ge-with-invalid-credentials-Mobile-Chrome/video.webm]]

[[ATTACHMENT|auth-Authentication-Flow-s-2327b-ge-with-invalid-credentials-Mobile-Chrome/error-context.md]]
]]>
</system-out>
</testcase>
<testcase name="Authentication Flow › should handle logout correctly" classname="auth.spec.ts" time="8.116">
<failure message="auth.spec.ts:43:3 should handle logout correctly" type="FAILURE">
<![CDATA[  [Mobile Chrome] › auth.spec.ts:43:3 › Authentication Flow › should handle logout correctly ───────

    Error: expect(page).toHaveURL(expected) failed

    Expected: "http://localhost:3000/dashboard"
    Received: "http://localhost:3000/login"
    Timeout:  5000ms

    Call log:
      - Expect "toHaveURL" with timeout 5000ms
        9 × unexpected value "http://localhost:3000/login"


      47 |     
      48 |     // Wait for dashboard
    > 49 |     await expect(page).toHaveURL('/dashboard');
         |                        ^
      50 |     
      51 |     // Find and click logout button
      52 |     await page.click('[data-testid="logout-button"]');
        at /home/casio699/projects/kits-Aio/Kitsaiobusinessterminal/tests/e2e/auth.spec.ts:49:24

    attachment #1: screenshot (image/png) ──────────────────────────────────────────────────────────
    ../../test-results/auth-Authentication-Flow-should-handle-logout-correctly-Mobile-Chrome/test-failed-1.png
    ────────────────────────────────────────────────────────────────────────────────────────────────

    attachment #2: video (video/webm) ──────────────────────────────────────────────────────────────
    ../../test-results/auth-Authentication-Flow-should-handle-logout-correctly-Mobile-Chrome/video.webm
    ────────────────────────────────────────────────────────────────────────────────────────────────

    Error Context: ../../test-results/auth-Authentication-Flow-should-handle-logout-correctly-Mobile-Chrome/error-context.md
]]>
</failure>
<system-out>
<![CDATA[
[[ATTACHMENT|auth-Authentication-Flow-should-handle-logout-correctly-Mobile-Chrome/test-failed-1.png]]

[[ATTACHMENT|auth-Authentication-Flow-should-handle-logout-correctly-Mobile-Chrome/video.webm]]

[[ATTACHMENT|auth-Authentication-Flow-should-handle-logout-correctly-Mobile-Chrome/error-context.md]]
]]>
</system-out>
</testcase>
<testcase name="Multi-tenant Features › should display tenant information when authenticated" classname="auth.spec.ts" time="8.936">
<failure message="auth.spec.ts:63:3 should display tenant information when authenticated" type="FAILURE">
<![CDATA[  [Mobile Chrome] › auth.spec.ts:63:3 › Multi-tenant Features › should display tenant information when authenticated 

    Error: expect(locator).toBeVisible() failed

    Locator: locator('[data-testid="tenant-info"]')
    Expected: visible
    Timeout: 5000ms
    Error: element(s) not found

    Call log:
      - Expect "toBeVisible" with timeout 5000ms
      - waiting for locator('[data-testid="tenant-info"]')


      66 |     
      67 |     // Should show tenant info
    > 68 |     await expect(page.locator('[data-testid="tenant-info"]')).toBeVisible();
         |                                                               ^
      69 |     await expect(page.locator('[data-testid="tenant-name"]')).toContainText('Test Business');
      70 |     await expect(page.locator('[data-testid="tenant-role"]')).toContainText('owner');
      71 |   });
        at /home/casio699/projects/kits-Aio/Kitsaiobusinessterminal/tests/e2e/auth.spec.ts:68:63

    attachment #1: screenshot (image/png) ──────────────────────────────────────────────────────────
    ../../test-results/auth-Multi-tenant-Features-a1766-ormation-when-authenticated-Mobile-Chrome/test-failed-1.png
    ────────────────────────────────────────────────────────────────────────────────────────────────

    attachment #2: video (video/webm) ──────────────────────────────────────────────────────────────
    ../../test-results/auth-Multi-tenant-Features-a1766-ormation-when-authenticated-Mobile-Chrome/video.webm
    ────────────────────────────────────────────────────────────────────────────────────────────────

    Error Context: ../../test-results/auth-Multi-tenant-Features-a1766-ormation-when-authenticated-Mobile-Chrome/error-context.md
]]>
</failure>
<system-out>
<![CDATA[
[[ATTACHMENT|auth-Multi-tenant-Features-a1766-ormation-when-authenticated-Mobile-Chrome/test-failed-1.png]]

[[ATTACHMENT|auth-Multi-tenant-Features-a1766-ormation-when-authenticated-Mobile-Chrome/video.webm]]

[[ATTACHMENT|auth-Multi-tenant-Features-a1766-ormation-when-authenticated-Mobile-Chrome/error-context.md]]
]]>
</system-out>
</testcase>
<testcase name="Multi-tenant Features › should handle tenant switching" classname="auth.spec.ts" time="31.552">
<failure message="auth.spec.ts:77:3 should handle tenant switching" type="FAILURE">
<![CDATA[  [Mobile Chrome] › auth.spec.ts:77:3 › Multi-tenant Features › should handle tenant switching ─────

    Test timeout of 30000ms exceeded.

    Error: page.click: Test timeout of 30000ms exceeded.
    Call log:
      - waiting for locator('[data-testid="tenant-switcher"]')


      79 |     
      80 |     // Click tenant switcher
    > 81 |     await page.click('[data-testid="tenant-switcher"]');
         |                ^
      82 |     
      83 |     // Select different tenant
      84 |     await page.click('[data-testid="tenant-option"]:has-text("Second Business")]');
        at /home/casio699/projects/kits-Aio/Kitsaiobusinessterminal/tests/e2e/auth.spec.ts:81:16

    attachment #1: screenshot (image/png) ──────────────────────────────────────────────────────────
    ../../test-results/auth-Multi-tenant-Features-should-handle-tenant-switching-Mobile-Chrome/test-failed-1.png
    ────────────────────────────────────────────────────────────────────────────────────────────────

    attachment #2: video (video/webm) ──────────────────────────────────────────────────────────────
    ../../test-results/auth-Multi-tenant-Features-should-handle-tenant-switching-Mobile-Chrome/video.webm
    ────────────────────────────────────────────────────────────────────────────────────────────────

    Error Context: ../../test-results/auth-Multi-tenant-Features-should-handle-tenant-switching-Mobile-Chrome/error-context.md
]]>
</failure>
<system-out>
<![CDATA[
[[ATTACHMENT|auth-Multi-tenant-Features-should-handle-tenant-switching-Mobile-Chrome/test-failed-1.png]]

[[ATTACHMENT|auth-Multi-tenant-Features-should-handle-tenant-switching-Mobile-Chrome/video.webm]]

[[ATTACHMENT|auth-Multi-tenant-Features-should-handle-tenant-switching-Mobile-Chrome/error-context.md]]
]]>
</system-out>
</testcase>
<testcase name="Navigation and Routing › should navigate between main sections" classname="auth.spec.ts" time="31.62">
<failure message="auth.spec.ts:97:3 should navigate between main sections" type="FAILURE">
<![CDATA[  [Mobile Chrome] › auth.spec.ts:97:3 › Navigation and Routing › should navigate between main sections 

    Test timeout of 30000ms exceeded.

    Error: page.click: Test timeout of 30000ms exceeded.
    Call log:
      - waiting for locator('[data-testid="nav-products"]')


       98 |     
       99 |     // Navigate to different sections
    > 100 |     await page.click('[data-testid="nav-products"]');
          |                ^
      101 |     await expect(page).toHaveURL('/products');
      102 |     await expect(page.locator('h1')).toContainText(/products/i);
      103 |     
        at /home/casio699/projects/kits-Aio/Kitsaiobusinessterminal/tests/e2e/auth.spec.ts:100:16

    attachment #1: screenshot (image/png) ──────────────────────────────────────────────────────────
    ../../test-results/auth-Navigation-and-Routin-8b1f6-igate-between-main-sections-Mobile-Chrome/test-failed-1.png
    ────────────────────────────────────────────────────────────────────────────────────────────────

    attachment #2: video (video/webm) ──────────────────────────────────────────────────────────────
    ../../test-results/auth-Navigation-and-Routin-8b1f6-igate-between-main-sections-Mobile-Chrome/video.webm
    ────────────────────────────────────────────────────────────────────────────────────────────────

    Error Context: ../../test-results/auth-Navigation-and-Routin-8b1f6-igate-between-main-sections-Mobile-Chrome/error-context.md
]]>
</failure>
<system-out>
<![CDATA[
[[ATTACHMENT|auth-Navigation-and-Routin-8b1f6-igate-between-main-sections-Mobile-Chrome/test-failed-1.png]]

[[ATTACHMENT|auth-Navigation-and-Routin-8b1f6-igate-between-main-sections-Mobile-Chrome/video.webm]]

[[ATTACHMENT|auth-Navigation-and-Routin-8b1f6-igate-between-main-sections-Mobile-Chrome/error-context.md]]
]]>
</system-out>
</testcase>
<testcase name="Navigation and Routing › should handle browser back/forward navigation" classname="auth.spec.ts" time="31.044">
<failure message="auth.spec.ts:120:3 should handle browser back/forward navigation" type="FAILURE">
<![CDATA[  [Mobile Chrome] › auth.spec.ts:120:3 › Navigation and Routing › should handle browser back/forward navigation 

    Test timeout of 30000ms exceeded.

    Error: page.click: Test timeout of 30000ms exceeded.
    Call log:
      - waiting for locator('[data-testid="nav-products"]')


      122 |     await page.click('button[type="submit"]');
      123 |     
    > 124 |     await page.click('[data-testid="nav-products"]');
          |                ^
      125 |     await page.click('[data-testid="nav-sales"]');
      126 |     
      127 |     // Go back
        at /home/casio699/projects/kits-Aio/Kitsaiobusinessterminal/tests/e2e/auth.spec.ts:124:16

    attachment #1: screenshot (image/png) ──────────────────────────────────────────────────────────
    ../../test-results/auth-Navigation-and-Routin-70bdb-ser-back-forward-navigation-Mobile-Chrome/test-failed-1.png
    ────────────────────────────────────────────────────────────────────────────────────────────────

    attachment #2: video (video/webm) ──────────────────────────────────────────────────────────────
    ../../test-results/auth-Navigation-and-Routin-70bdb-ser-back-forward-navigation-Mobile-Chrome/video.webm
    ────────────────────────────────────────────────────────────────────────────────────────────────

    Error Context: ../../test-results/auth-Navigation-and-Routin-70bdb-ser-back-forward-navigation-Mobile-Chrome/error-context.md
]]>
</failure>
<system-out>
<![CDATA[
[[ATTACHMENT|auth-Navigation-and-Routin-70bdb-ser-back-forward-navigation-Mobile-Chrome/test-failed-1.png]]

[[ATTACHMENT|auth-Navigation-and-Routin-70bdb-ser-back-forward-navigation-Mobile-Chrome/video.webm]]

[[ATTACHMENT|auth-Navigation-and-Routin-70bdb-ser-back-forward-navigation-Mobile-Chrome/error-context.md]]
]]>
</system-out>
</testcase>
<testcase name="Responsive Design › should work on mobile devices" classname="auth.spec.ts" time="7.927">
<failure message="auth.spec.ts:141:3 should work on mobile devices" type="FAILURE">
<![CDATA[  [Mobile Chrome] › auth.spec.ts:141:3 › Responsive Design › should work on mobile devices ─────────

    Error: expect(locator).toBeVisible() failed

    Locator: locator('[data-testid="mobile-menu-button"]')
    Expected: visible
    Timeout: 5000ms
    Error: element(s) not found

    Call log:
      - Expect "toBeVisible" with timeout 5000ms
      - waiting for locator('[data-testid="mobile-menu-button"]')


      153 |     
      154 |     // Should show mobile menu button
    > 155 |     await expect(page.locator('[data-testid="mobile-menu-button"]')).toBeVisible();
          |                                                                      ^
      156 |     
      157 |     // Open mobile menu
      158 |     await page.click('[data-testid="mobile-menu-button"]');
        at /home/casio699/projects/kits-Aio/Kitsaiobusinessterminal/tests/e2e/auth.spec.ts:155:70

    attachment #1: screenshot (image/png) ──────────────────────────────────────────────────────────
    ../../test-results/auth-Responsive-Design-should-work-on-mobile-devices-Mobile-Chrome/test-failed-1.png
    ────────────────────────────────────────────────────────────────────────────────────────────────

    attachment #2: video (video/webm) ──────────────────────────────────────────────────────────────
    ../../test-results/auth-Responsive-Design-should-work-on-mobile-devices-Mobile-Chrome/video.webm
    ────────────────────────────────────────────────────────────────────────────────────────────────

    Error Context: ../../test-results/auth-Responsive-Design-should-work-on-mobile-devices-Mobile-Chrome/error-context.md
]]>
</failure>
<system-out>
<![CDATA[
[[ATTACHMENT|auth-Responsive-Design-should-work-on-mobile-devices-Mobile-Chrome/test-failed-1.png]]

[[ATTACHMENT|auth-Responsive-Design-should-work-on-mobile-devices-Mobile-Chrome/video.webm]]

[[ATTACHMENT|auth-Responsive-Design-should-work-on-mobile-devices-Mobile-Chrome/error-context.md]]
]]>
</system-out>
</testcase>
<testcase name="Responsive Design › should work on tablet devices" classname="auth.spec.ts" time="8.28">
<failure message="auth.spec.ts:168:3 should work on tablet devices" type="FAILURE">
<![CDATA[  [Mobile Chrome] › auth.spec.ts:168:3 › Responsive Design › should work on tablet devices ─────────

    Error: expect(locator).toBeVisible() failed

    Locator: locator('[data-testid="sidebar"]')
    Expected: visible
    Timeout: 5000ms
    Error: element(s) not found

    Call log:
      - Expect "toBeVisible" with timeout 5000ms
      - waiting for locator('[data-testid="sidebar"]')


      170 |     
      171 |     // Should show tablet-optimized layout
    > 172 |     await expect(page.locator('[data-testid="sidebar"]')).toBeVisible();
          |                                                           ^
      173 |     await expect(page.locator('[data-testid="main-content"]')).toBeVisible();
      174 |   });
      175 | });
        at /home/casio699/projects/kits-Aio/Kitsaiobusinessterminal/tests/e2e/auth.spec.ts:172:59

    attachment #1: screenshot (image/png) ──────────────────────────────────────────────────────────
    ../../test-results/auth-Responsive-Design-should-work-on-tablet-devices-Mobile-Chrome/test-failed-1.png
    ────────────────────────────────────────────────────────────────────────────────────────────────

    attachment #2: video (video/webm) ──────────────────────────────────────────────────────────────
    ../../test-results/auth-Responsive-Design-should-work-on-tablet-devices-Mobile-Chrome/video.webm
    ────────────────────────────────────────────────────────────────────────────────────────────────

    Error Context: ../../test-results/auth-Responsive-Design-should-work-on-tablet-devices-Mobile-Chrome/error-context.md
]]>
</failure>
<system-out>
<![CDATA[
[[ATTACHMENT|auth-Responsive-Design-should-work-on-tablet-devices-Mobile-Chrome/test-failed-1.png]]

[[ATTACHMENT|auth-Responsive-Design-should-work-on-tablet-devices-Mobile-Chrome/video.webm]]

[[ATTACHMENT|auth-Responsive-Design-should-work-on-tablet-devices-Mobile-Chrome/error-context.md]]
]]>
</system-out>
</testcase>
<testcase name="Accessibility › should have proper heading hierarchy" classname="auth.spec.ts" time="2.526">
</testcase>
<testcase name="Accessibility › should support keyboard navigation" classname="auth.spec.ts" time="7.432">
<failure message="auth.spec.ts:201:3 should support keyboard navigation" type="FAILURE">
<![CDATA[  [Mobile Chrome] › auth.spec.ts:201:3 › Accessibility › should support keyboard navigation ────────

    Error: expect(locator).toBeVisible() failed

    Locator: locator('input[type="email"]:focus')
    Expected: visible
    Timeout: 5000ms
    Error: element(s) not found

    Call log:
      - Expect "toBeVisible" with timeout 5000ms
      - waiting for locator('input[type="email"]:focus')


      194 |     // Tab through form elements
      195 |     await page.keyboard.press('Tab');
    > 196 |     await expect(page.locator('input[type="email"]:focus')).toBeVisible();
          |                                                             ^
      197 |     
      198 |     await page.keyboard.press('Tab');
      199 |     await expect(page.locator('input[type="password"]:focus')).toBeVisible();
        at /home/casio699/projects/kits-Aio/Kitsaiobusinessterminal/tests/e2e/auth.spec.ts:196:61

    attachment #1: screenshot (image/png) ──────────────────────────────────────────────────────────
    ../../test-results/auth-Accessibility-should-support-keyboard-navigation-Mobile-Chrome/test-failed-1.png
    ────────────────────────────────────────────────────────────────────────────────────────────────

    attachment #2: video (video/webm) ──────────────────────────────────────────────────────────────
    ../../test-results/auth-Accessibility-should-support-keyboard-navigation-Mobile-Chrome/video.webm
    ────────────────────────────────────────────────────────────────────────────────────────────────

    Error Context: ../../test-results/auth-Accessibility-should-support-keyboard-navigation-Mobile-Chrome/error-context.md
]]>
</failure>
<system-out>
<![CDATA[
[[ATTACHMENT|auth-Accessibility-should-support-keyboard-navigation-Mobile-Chrome/test-failed-1.png]]

[[ATTACHMENT|auth-Accessibility-should-support-keyboard-navigation-Mobile-Chrome/video.webm]]

[[ATTACHMENT|auth-Accessibility-should-support-keyboard-navigation-Mobile-Chrome/error-context.md]]
]]>
</system-out>
</testcase>
<testcase name="Accessibility › should have proper ARIA labels" classname="auth.spec.ts" time="7.529">
<failure message="auth.spec.ts:220:3 should have proper ARIA labels" type="FAILURE">
<![CDATA[  [Mobile Chrome] › auth.spec.ts:220:3 › Accessibility › should have proper ARIA labels ────────────

    Error: expect(locator).toBeVisible() failed

    Locator: locator('label[for="email"]')
    Expected: visible
    Timeout: 5000ms
    Error: element(s) not found

    Call log:
      - Expect "toBeVisible" with timeout 5000ms
      - waiting for locator('label[for="email"]')


      213 |     
      214 |     // Check form labels
    > 215 |     await expect(page.locator('label[for="email"]')).toBeVisible();
          |                                                      ^
      216 |     await expect(page.locator('label[for="password"]')).toBeVisible();
      217 |     
      218 |     // Check button aria labels
        at /home/casio699/projects/kits-Aio/Kitsaiobusinessterminal/tests/e2e/auth.spec.ts:215:54

    attachment #1: screenshot (image/png) ──────────────────────────────────────────────────────────
    ../../test-results/auth-Accessibility-should-have-proper-ARIA-labels-Mobile-Chrome/test-failed-1.png
    ────────────────────────────────────────────────────────────────────────────────────────────────

    attachment #2: video (video/webm) ──────────────────────────────────────────────────────────────
    ../../test-results/auth-Accessibility-should-have-proper-ARIA-labels-Mobile-Chrome/video.webm
    ────────────────────────────────────────────────────────────────────────────────────────────────

    Error Context: ../../test-results/auth-Accessibility-should-have-proper-ARIA-labels-Mobile-Chrome/error-context.md
]]>
</failure>
<system-out>
<![CDATA[
[[ATTACHMENT|auth-Accessibility-should-have-proper-ARIA-labels-Mobile-Chrome/test-failed-1.png]]

[[ATTACHMENT|auth-Accessibility-should-have-proper-ARIA-labels-Mobile-Chrome/video.webm]]

[[ATTACHMENT|auth-Accessibility-should-have-proper-ARIA-labels-Mobile-Chrome/error-context.md]]
]]>
</system-out>
</testcase>
</testsuite>
<testsuite name="dashboard.spec.ts" timestamp="2025-12-27T22:32:02.477Z" hostname="Mobile Chrome" tests="14" failures="14" skipped="0" time="346.55" errors="0">
<testcase name="Dashboard Functionality › should display dashboard overview" classname="dashboard.spec.ts" time="7.613">
<failure message="dashboard.spec.ts:13:3 should display dashboard overview" type="FAILURE">
<![CDATA[  [Mobile Chrome] › dashboard.spec.ts:13:3 › Dashboard Functionality › should display dashboard overview 

    Error: expect(page).toHaveURL(expected) failed

    Expected: "http://localhost:3000/dashboard"
    Received: "http://localhost:3000/login"
    Timeout:  5000ms

    Call log:
      - Expect "toHaveURL" with timeout 5000ms
        9 × unexpected value "http://localhost:3000/login"


       8 |     await page.fill('input[type="password"]', 'password123');
       9 |     await page.click('button[type="submit"]');
    > 10 |     await expect(page).toHaveURL('/dashboard');
         |                        ^
      11 |   });
      12 |
      13 |   test('should display dashboard overview', async ({ page }) => {
        at /home/casio699/projects/kits-Aio/Kitsaiobusinessterminal/tests/e2e/dashboard.spec.ts:10:24

    attachment #1: screenshot (image/png) ──────────────────────────────────────────────────────────
    ../../test-results/dashboard-Dashboard-Functi-be60c--display-dashboard-overview-Mobile-Chrome/test-failed-1.png
    ────────────────────────────────────────────────────────────────────────────────────────────────

    attachment #2: video (video/webm) ──────────────────────────────────────────────────────────────
    ../../test-results/dashboard-Dashboard-Functi-be60c--display-dashboard-overview-Mobile-Chrome/video.webm
    ────────────────────────────────────────────────────────────────────────────────────────────────

    Error Context: ../../test-results/dashboard-Dashboard-Functi-be60c--display-dashboard-overview-Mobile-Chrome/error-context.md
]]>
</failure>
<system-out>
<![CDATA[
[[ATTACHMENT|dashboard-Dashboard-Functi-be60c--display-dashboard-overview-Mobile-Chrome/test-failed-1.png]]

[[ATTACHMENT|dashboard-Dashboard-Functi-be60c--display-dashboard-overview-Mobile-Chrome/video.webm]]

[[ATTACHMENT|dashboard-Dashboard-Functi-be60c--display-dashboard-overview-Mobile-Chrome/error-context.md]]
]]>
</system-out>
</testcase>
<testcase name="Dashboard Functionality › should show recent activity" classname="dashboard.spec.ts" time="7.565">
<failure message="dashboard.spec.ts:29:3 should show recent activity" type="FAILURE">
<![CDATA[  [Mobile Chrome] › dashboard.spec.ts:29:3 › Dashboard Functionality › should show recent activity ─

    Error: expect(page).toHaveURL(expected) failed

    Expected: "http://localhost:3000/dashboard"
    Received: "http://localhost:3000/login"
    Timeout:  5000ms

    Call log:
      - Expect "toHaveURL" with timeout 5000ms
        9 × unexpected value "http://localhost:3000/login"


       8 |     await page.fill('input[type="password"]', 'password123');
       9 |     await page.click('button[type="submit"]');
    > 10 |     await expect(page).toHaveURL('/dashboard');
         |                        ^
      11 |   });
      12 |
      13 |   test('should display dashboard overview', async ({ page }) => {
        at /home/casio699/projects/kits-Aio/Kitsaiobusinessterminal/tests/e2e/dashboard.spec.ts:10:24

    attachment #1: screenshot (image/png) ──────────────────────────────────────────────────────────
    ../../test-results/dashboard-Dashboard-Functi-1fb42-should-show-recent-activity-Mobile-Chrome/test-failed-1.png
    ────────────────────────────────────────────────────────────────────────────────────────────────

    attachment #2: video (video/webm) ──────────────────────────────────────────────────────────────
    ../../test-results/dashboard-Dashboard-Functi-1fb42-should-show-recent-activity-Mobile-Chrome/video.webm
    ────────────────────────────────────────────────────────────────────────────────────────────────

    Error Context: ../../test-results/dashboard-Dashboard-Functi-1fb42-should-show-recent-activity-Mobile-Chrome/error-context.md
]]>
</failure>
<system-out>
<![CDATA[
[[ATTACHMENT|dashboard-Dashboard-Functi-1fb42-should-show-recent-activity-Mobile-Chrome/test-failed-1.png]]

[[ATTACHMENT|dashboard-Dashboard-Functi-1fb42-should-show-recent-activity-Mobile-Chrome/video.webm]]

[[ATTACHMENT|dashboard-Dashboard-Functi-1fb42-should-show-recent-activity-Mobile-Chrome/error-context.md]]
]]>
</system-out>
</testcase>
<testcase name="Dashboard Functionality › should handle date range filtering" classname="dashboard.spec.ts" time="8.245">
<failure message="dashboard.spec.ts:43:3 should handle date range filtering" type="FAILURE">
<![CDATA[  [Mobile Chrome] › dashboard.spec.ts:43:3 › Dashboard Functionality › should handle date range filtering 

    Error: expect(page).toHaveURL(expected) failed

    Expected: "http://localhost:3000/dashboard"
    Received: "http://localhost:3000/login"
    Timeout:  5000ms

    Call log:
      - Expect "toHaveURL" with timeout 5000ms
        9 × unexpected value "http://localhost:3000/login"


       8 |     await page.fill('input[type="password"]', 'password123');
       9 |     await page.click('button[type="submit"]');
    > 10 |     await expect(page).toHaveURL('/dashboard');
         |                        ^
      11 |   });
      12 |
      13 |   test('should display dashboard overview', async ({ page }) => {
        at /home/casio699/projects/kits-Aio/Kitsaiobusinessterminal/tests/e2e/dashboard.spec.ts:10:24

    attachment #1: screenshot (image/png) ──────────────────────────────────────────────────────────
    ../../test-results/dashboard-Dashboard-Functi-c6a46-handle-date-range-filtering-Mobile-Chrome/test-failed-1.png
    ────────────────────────────────────────────────────────────────────────────────────────────────

    attachment #2: video (video/webm) ──────────────────────────────────────────────────────────────
    ../../test-results/dashboard-Dashboard-Functi-c6a46-handle-date-range-filtering-Mobile-Chrome/video.webm
    ────────────────────────────────────────────────────────────────────────────────────────────────

    Error Context: ../../test-results/dashboard-Dashboard-Functi-c6a46-handle-date-range-filtering-Mobile-Chrome/error-context.md
]]>
</failure>
<system-out>
<![CDATA[
[[ATTACHMENT|dashboard-Dashboard-Functi-c6a46-handle-date-range-filtering-Mobile-Chrome/test-failed-1.png]]

[[ATTACHMENT|dashboard-Dashboard-Functi-c6a46-handle-date-range-filtering-Mobile-Chrome/video.webm]]

[[ATTACHMENT|dashboard-Dashboard-Functi-c6a46-handle-date-range-filtering-Mobile-Chrome/error-context.md]]
]]>
</system-out>
</testcase>
<testcase name="Dashboard Functionality › should handle real-time updates" classname="dashboard.spec.ts" time="7.829">
<failure message="dashboard.spec.ts:62:3 should handle real-time updates" type="FAILURE">
<![CDATA[  [Mobile Chrome] › dashboard.spec.ts:62:3 › Dashboard Functionality › should handle real-time updates 

    Error: expect(page).toHaveURL(expected) failed

    Expected: "http://localhost:3000/dashboard"
    Received: "http://localhost:3000/login"
    Timeout:  5000ms

    Call log:
      - Expect "toHaveURL" with timeout 5000ms
        9 × unexpected value "http://localhost:3000/login"


       8 |     await page.fill('input[type="password"]', 'password123');
       9 |     await page.click('button[type="submit"]');
    > 10 |     await expect(page).toHaveURL('/dashboard');
         |                        ^
      11 |   });
      12 |
      13 |   test('should display dashboard overview', async ({ page }) => {
        at /home/casio699/projects/kits-Aio/Kitsaiobusinessterminal/tests/e2e/dashboard.spec.ts:10:24

    attachment #1: screenshot (image/png) ──────────────────────────────────────────────────────────
    ../../test-results/dashboard-Dashboard-Functi-fd3c8-ld-handle-real-time-updates-Mobile-Chrome/test-failed-1.png
    ────────────────────────────────────────────────────────────────────────────────────────────────

    attachment #2: video (video/webm) ──────────────────────────────────────────────────────────────
    ../../test-results/dashboard-Dashboard-Functi-fd3c8-ld-handle-real-time-updates-Mobile-Chrome/video.webm
    ────────────────────────────────────────────────────────────────────────────────────────────────

    Error Context: ../../test-results/dashboard-Dashboard-Functi-fd3c8-ld-handle-real-time-updates-Mobile-Chrome/error-context.md
]]>
</failure>
<system-out>
<![CDATA[
[[ATTACHMENT|dashboard-Dashboard-Functi-fd3c8-ld-handle-real-time-updates-Mobile-Chrome/test-failed-1.png]]

[[ATTACHMENT|dashboard-Dashboard-Functi-fd3c8-ld-handle-real-time-updates-Mobile-Chrome/video.webm]]

[[ATTACHMENT|dashboard-Dashboard-Functi-fd3c8-ld-handle-real-time-updates-Mobile-Chrome/error-context.md]]
]]>
</system-out>
</testcase>
<testcase name="Products Management › should display products list" classname="dashboard.spec.ts" time="31.14">
<failure message="dashboard.spec.ts:100:3 should display products list" type="FAILURE">
<![CDATA[  [Mobile Chrome] › dashboard.spec.ts:100:3 › Products Management › should display products list ───

    Test timeout of 30000ms exceeded while running "beforeEach" hook.

      73 |
      74 | test.describe('Products Management', () => {
    > 75 |   test.beforeEach(async ({ page }) => {
         |        ^
      76 |     // Login and navigate to products
      77 |     await page.goto('/login');
      78 |     await page.fill('input[type="email"]', 'test@example.com');
        at /home/casio699/projects/kits-Aio/Kitsaiobusinessterminal/tests/e2e/dashboard.spec.ts:75:8

    Error: page.click: Test timeout of 30000ms exceeded.
    Call log:
      - waiting for locator('[data-testid="nav-products"]')


      79 |     await page.fill('input[type="password"]', 'password123');
      80 |     await page.click('button[type="submit"]');
    > 81 |     await page.click('[data-testid="nav-products"]');
         |                ^
      82 |     await expect(page).toHaveURL('/products');
      83 |   });
      84 |
        at /home/casio699/projects/kits-Aio/Kitsaiobusinessterminal/tests/e2e/dashboard.spec.ts:81:16

    attachment #1: screenshot (image/png) ──────────────────────────────────────────────────────────
    ../../test-results/dashboard-Products-Management-should-display-products-list-Mobile-Chrome/test-failed-1.png
    ────────────────────────────────────────────────────────────────────────────────────────────────

    attachment #2: video (video/webm) ──────────────────────────────────────────────────────────────
    ../../test-results/dashboard-Products-Management-should-display-products-list-Mobile-Chrome/video.webm
    ────────────────────────────────────────────────────────────────────────────────────────────────

    Error Context: ../../test-results/dashboard-Products-Management-should-display-products-list-Mobile-Chrome/error-context.md
]]>
</failure>
<system-out>
<![CDATA[
[[ATTACHMENT|dashboard-Products-Management-should-display-products-list-Mobile-Chrome/test-failed-1.png]]

[[ATTACHMENT|dashboard-Products-Management-should-display-products-list-Mobile-Chrome/video.webm]]

[[ATTACHMENT|dashboard-Products-Management-should-display-products-list-Mobile-Chrome/error-context.md]]
]]>
</system-out>
</testcase>
<testcase name="Products Management › should handle product search" classname="dashboard.spec.ts" time="31.132">
<failure message="dashboard.spec.ts:118:3 should handle product search" type="FAILURE">
<![CDATA[  [Mobile Chrome] › dashboard.spec.ts:118:3 › Products Management › should handle product search ───

    Test timeout of 30000ms exceeded while running "beforeEach" hook.

      73 |
      74 | test.describe('Products Management', () => {
    > 75 |   test.beforeEach(async ({ page }) => {
         |        ^
      76 |     // Login and navigate to products
      77 |     await page.goto('/login');
      78 |     await page.fill('input[type="email"]', 'test@example.com');
        at /home/casio699/projects/kits-Aio/Kitsaiobusinessterminal/tests/e2e/dashboard.spec.ts:75:8

    Error: page.click: Test timeout of 30000ms exceeded.
    Call log:
      - waiting for locator('[data-testid="nav-products"]')


      79 |     await page.fill('input[type="password"]', 'password123');
      80 |     await page.click('button[type="submit"]');
    > 81 |     await page.click('[data-testid="nav-products"]');
         |                ^
      82 |     await expect(page).toHaveURL('/products');
      83 |   });
      84 |
        at /home/casio699/projects/kits-Aio/Kitsaiobusinessterminal/tests/e2e/dashboard.spec.ts:81:16

    attachment #1: screenshot (image/png) ──────────────────────────────────────────────────────────
    ../../test-results/dashboard-Products-Management-should-handle-product-search-Mobile-Chrome/test-failed-1.png
    ────────────────────────────────────────────────────────────────────────────────────────────────

    attachment #2: video (video/webm) ──────────────────────────────────────────────────────────────
    ../../test-results/dashboard-Products-Management-should-handle-product-search-Mobile-Chrome/video.webm
    ────────────────────────────────────────────────────────────────────────────────────────────────

    Error Context: ../../test-results/dashboard-Products-Management-should-handle-product-search-Mobile-Chrome/error-context.md
]]>
</failure>
<system-out>
<![CDATA[
[[ATTACHMENT|dashboard-Products-Management-should-handle-product-search-Mobile-Chrome/test-failed-1.png]]

[[ATTACHMENT|dashboard-Products-Management-should-handle-product-search-Mobile-Chrome/video.webm]]

[[ATTACHMENT|dashboard-Products-Management-should-handle-product-search-Mobile-Chrome/error-context.md]]
]]>
</system-out>
</testcase>
<testcase name="Products Management › should handle product creation" classname="dashboard.spec.ts" time="31.32">
<failure message="dashboard.spec.ts:140:3 should handle product creation" type="FAILURE">
<![CDATA[  [Mobile Chrome] › dashboard.spec.ts:140:3 › Products Management › should handle product creation ─

    Test timeout of 30000ms exceeded while running "beforeEach" hook.

      73 |
      74 | test.describe('Products Management', () => {
    > 75 |   test.beforeEach(async ({ page }) => {
         |        ^
      76 |     // Login and navigate to products
      77 |     await page.goto('/login');
      78 |     await page.fill('input[type="email"]', 'test@example.com');
        at /home/casio699/projects/kits-Aio/Kitsaiobusinessterminal/tests/e2e/dashboard.spec.ts:75:8

    Error: page.click: Test timeout of 30000ms exceeded.
    Call log:
      - waiting for locator('[data-testid="nav-products"]')


      79 |     await page.fill('input[type="password"]', 'password123');
      80 |     await page.click('button[type="submit"]');
    > 81 |     await page.click('[data-testid="nav-products"]');
         |                ^
      82 |     await expect(page).toHaveURL('/products');
      83 |   });
      84 |
        at /home/casio699/projects/kits-Aio/Kitsaiobusinessterminal/tests/e2e/dashboard.spec.ts:81:16

    attachment #1: screenshot (image/png) ──────────────────────────────────────────────────────────
    ../../test-results/dashboard-Products-Management-should-handle-product-creation-Mobile-Chrome/test-failed-1.png
    ────────────────────────────────────────────────────────────────────────────────────────────────

    attachment #2: video (video/webm) ──────────────────────────────────────────────────────────────
    ../../test-results/dashboard-Products-Management-should-handle-product-creation-Mobile-Chrome/video.webm
    ────────────────────────────────────────────────────────────────────────────────────────────────

    Error Context: ../../test-results/dashboard-Products-Management-should-handle-product-creation-Mobile-Chrome/error-context.md
]]>
</failure>
<system-out>
<![CDATA[
[[ATTACHMENT|dashboard-Products-Management-should-handle-product-creation-Mobile-Chrome/test-failed-1.png]]

[[ATTACHMENT|dashboard-Products-Management-should-handle-product-creation-Mobile-Chrome/video.webm]]

[[ATTACHMENT|dashboard-Products-Management-should-handle-product-creation-Mobile-Chrome/error-context.md]]
]]>
</system-out>
</testcase>
<testcase name="Products Management › should handle product editing" classname="dashboard.spec.ts" time="31.303">
<failure message="dashboard.spec.ts:165:3 should handle product editing" type="FAILURE">
<![CDATA[  [Mobile Chrome] › dashboard.spec.ts:165:3 › Products Management › should handle product editing ──

    Test timeout of 30000ms exceeded while running "beforeEach" hook.

      73 |
      74 | test.describe('Products Management', () => {
    > 75 |   test.beforeEach(async ({ page }) => {
         |        ^
      76 |     // Login and navigate to products
      77 |     await page.goto('/login');
      78 |     await page.fill('input[type="email"]', 'test@example.com');
        at /home/casio699/projects/kits-Aio/Kitsaiobusinessterminal/tests/e2e/dashboard.spec.ts:75:8

    Error: page.click: Test timeout of 30000ms exceeded.
    Call log:
      - waiting for locator('[data-testid="nav-products"]')


      79 |     await page.fill('input[type="password"]', 'password123');
      80 |     await page.click('button[type="submit"]');
    > 81 |     await page.click('[data-testid="nav-products"]');
         |                ^
      82 |     await expect(page).toHaveURL('/products');
      83 |   });
      84 |
        at /home/casio699/projects/kits-Aio/Kitsaiobusinessterminal/tests/e2e/dashboard.spec.ts:81:16

    attachment #1: screenshot (image/png) ──────────────────────────────────────────────────────────
    ../../test-results/dashboard-Products-Management-should-handle-product-editing-Mobile-Chrome/test-failed-1.png
    ────────────────────────────────────────────────────────────────────────────────────────────────

    attachment #2: video (video/webm) ──────────────────────────────────────────────────────────────
    ../../test-results/dashboard-Products-Management-should-handle-product-editing-Mobile-Chrome/video.webm
    ────────────────────────────────────────────────────────────────────────────────────────────────

    Error Context: ../../test-results/dashboard-Products-Management-should-handle-product-editing-Mobile-Chrome/error-context.md
]]>
</failure>
<system-out>
<![CDATA[
[[ATTACHMENT|dashboard-Products-Management-should-handle-product-editing-Mobile-Chrome/test-failed-1.png]]

[[ATTACHMENT|dashboard-Products-Management-should-handle-product-editing-Mobile-Chrome/video.webm]]

[[ATTACHMENT|dashboard-Products-Management-should-handle-product-editing-Mobile-Chrome/error-context.md]]
]]>
</system-out>
</testcase>
<testcase name="Products Management › should handle product deletion" classname="dashboard.spec.ts" time="31.806">
<failure message="dashboard.spec.ts:184:3 should handle product deletion" type="FAILURE">
<![CDATA[  [Mobile Chrome] › dashboard.spec.ts:184:3 › Products Management › should handle product deletion ─

    Test timeout of 30000ms exceeded while running "beforeEach" hook.

      73 |
      74 | test.describe('Products Management', () => {
    > 75 |   test.beforeEach(async ({ page }) => {
         |        ^
      76 |     // Login and navigate to products
      77 |     await page.goto('/login');
      78 |     await page.fill('input[type="email"]', 'test@example.com');
        at /home/casio699/projects/kits-Aio/Kitsaiobusinessterminal/tests/e2e/dashboard.spec.ts:75:8

    Error: page.click: Test timeout of 30000ms exceeded.
    Call log:
      - waiting for locator('[data-testid="nav-products"]')


      79 |     await page.fill('input[type="password"]', 'password123');
      80 |     await page.click('button[type="submit"]');
    > 81 |     await page.click('[data-testid="nav-products"]');
         |                ^
      82 |     await expect(page).toHaveURL('/products');
      83 |   });
      84 |
        at /home/casio699/projects/kits-Aio/Kitsaiobusinessterminal/tests/e2e/dashboard.spec.ts:81:16

    attachment #1: screenshot (image/png) ──────────────────────────────────────────────────────────
    ../../test-results/dashboard-Products-Management-should-handle-product-deletion-Mobile-Chrome/test-failed-1.png
    ────────────────────────────────────────────────────────────────────────────────────────────────

    attachment #2: video (video/webm) ──────────────────────────────────────────────────────────────
    ../../test-results/dashboard-Products-Management-should-handle-product-deletion-Mobile-Chrome/video.webm
    ────────────────────────────────────────────────────────────────────────────────────────────────

    Error Context: ../../test-results/dashboard-Products-Management-should-handle-product-deletion-Mobile-Chrome/error-context.md
]]>
</failure>
<system-out>
<![CDATA[
[[ATTACHMENT|dashboard-Products-Management-should-handle-product-deletion-Mobile-Chrome/test-failed-1.png]]

[[ATTACHMENT|dashboard-Products-Management-should-handle-product-deletion-Mobile-Chrome/video.webm]]

[[ATTACHMENT|dashboard-Products-Management-should-handle-product-deletion-Mobile-Chrome/error-context.md]]
]]>
</system-out>
</testcase>
<testcase name="Sales Management › should display sales list" classname="dashboard.spec.ts" time="31.967">
<failure message="dashboard.spec.ts:220:3 should display sales list" type="FAILURE">
<![CDATA[  [Mobile Chrome] › dashboard.spec.ts:220:3 › Sales Management › should display sales list ─────────

    Test timeout of 30000ms exceeded while running "beforeEach" hook.

      185 |
      186 | test.describe('Sales Management', () => {
    > 187 |   test.beforeEach(async ({ page }) => {
          |        ^
      188 |     // Login and navigate to sales
      189 |     await page.goto('/login');
      190 |     await page.fill('input[type="email"]', 'test@example.com');
        at /home/casio699/projects/kits-Aio/Kitsaiobusinessterminal/tests/e2e/dashboard.spec.ts:187:8

    Error: page.click: Test timeout of 30000ms exceeded.
    Call log:
      - waiting for locator('[data-testid="nav-sales"]')


      191 |     await page.fill('input[type="password"]', 'password123');
      192 |     await page.click('button[type="submit"]');
    > 193 |     await page.click('[data-testid="nav-sales"]');
          |                ^
      194 |     await expect(page).toHaveURL('/sales');
      195 |   });
      196 |
        at /home/casio699/projects/kits-Aio/Kitsaiobusinessterminal/tests/e2e/dashboard.spec.ts:193:16

    attachment #1: screenshot (image/png) ──────────────────────────────────────────────────────────
    ../../test-results/dashboard-Sales-Management-should-display-sales-list-Mobile-Chrome/test-failed-1.png
    ────────────────────────────────────────────────────────────────────────────────────────────────

    attachment #2: video (video/webm) ──────────────────────────────────────────────────────────────
    ../../test-results/dashboard-Sales-Management-should-display-sales-list-Mobile-Chrome/video.webm
    ────────────────────────────────────────────────────────────────────────────────────────────────

    Error Context: ../../test-results/dashboard-Sales-Management-should-display-sales-list-Mobile-Chrome/error-context.md
]]>
</failure>
<system-out>
<![CDATA[
[[ATTACHMENT|dashboard-Sales-Management-should-display-sales-list-Mobile-Chrome/test-failed-1.png]]

[[ATTACHMENT|dashboard-Sales-Management-should-display-sales-list-Mobile-Chrome/video.webm]]

[[ATTACHMENT|dashboard-Sales-Management-should-display-sales-list-Mobile-Chrome/error-context.md]]
]]>
</system-out>
</testcase>
<testcase name="Sales Management › should handle sale creation" classname="dashboard.spec.ts" time="31.866">
<failure message="dashboard.spec.ts:239:3 should handle sale creation" type="FAILURE">
<![CDATA[  [Mobile Chrome] › dashboard.spec.ts:239:3 › Sales Management › should handle sale creation ───────

    Test timeout of 30000ms exceeded while running "beforeEach" hook.

      185 |
      186 | test.describe('Sales Management', () => {
    > 187 |   test.beforeEach(async ({ page }) => {
          |        ^
      188 |     // Login and navigate to sales
      189 |     await page.goto('/login');
      190 |     await page.fill('input[type="email"]', 'test@example.com');
        at /home/casio699/projects/kits-Aio/Kitsaiobusinessterminal/tests/e2e/dashboard.spec.ts:187:8

    Error: page.click: Test timeout of 30000ms exceeded.
    Call log:
      - waiting for locator('[data-testid="nav-sales"]')


      191 |     await page.fill('input[type="password"]', 'password123');
      192 |     await page.click('button[type="submit"]');
    > 193 |     await page.click('[data-testid="nav-sales"]');
          |                ^
      194 |     await expect(page).toHaveURL('/sales');
      195 |   });
      196 |
        at /home/casio699/projects/kits-Aio/Kitsaiobusinessterminal/tests/e2e/dashboard.spec.ts:193:16

    attachment #1: screenshot (image/png) ──────────────────────────────────────────────────────────
    ../../test-results/dashboard-Sales-Management-should-handle-sale-creation-Mobile-Chrome/test-failed-1.png
    ────────────────────────────────────────────────────────────────────────────────────────────────

    attachment #2: video (video/webm) ──────────────────────────────────────────────────────────────
    ../../test-results/dashboard-Sales-Management-should-handle-sale-creation-Mobile-Chrome/video.webm
    ────────────────────────────────────────────────────────────────────────────────────────────────

    Error Context: ../../test-results/dashboard-Sales-Management-should-handle-sale-creation-Mobile-Chrome/error-context.md
]]>
</failure>
<system-out>
<![CDATA[
[[ATTACHMENT|dashboard-Sales-Management-should-handle-sale-creation-Mobile-Chrome/test-failed-1.png]]

[[ATTACHMENT|dashboard-Sales-Management-should-handle-sale-creation-Mobile-Chrome/video.webm]]

[[ATTACHMENT|dashboard-Sales-Management-should-handle-sale-creation-Mobile-Chrome/error-context.md]]
]]>
</system-out>
</testcase>
<testcase name="Sales Management › should handle sale filtering" classname="dashboard.spec.ts" time="31.878">
<failure message="dashboard.spec.ts:263:3 should handle sale filtering" type="FAILURE">
<![CDATA[  [Mobile Chrome] › dashboard.spec.ts:263:3 › Sales Management › should handle sale filtering ──────

    Test timeout of 30000ms exceeded while running "beforeEach" hook.

      185 |
      186 | test.describe('Sales Management', () => {
    > 187 |   test.beforeEach(async ({ page }) => {
          |        ^
      188 |     // Login and navigate to sales
      189 |     await page.goto('/login');
      190 |     await page.fill('input[type="email"]', 'test@example.com');
        at /home/casio699/projects/kits-Aio/Kitsaiobusinessterminal/tests/e2e/dashboard.spec.ts:187:8

    Error: page.click: Test timeout of 30000ms exceeded.
    Call log:
      - waiting for locator('[data-testid="nav-sales"]')


      191 |     await page.fill('input[type="password"]', 'password123');
      192 |     await page.click('button[type="submit"]');
    > 193 |     await page.click('[data-testid="nav-sales"]');
          |                ^
      194 |     await expect(page).toHaveURL('/sales');
      195 |   });
      196 |
        at /home/casio699/projects/kits-Aio/Kitsaiobusinessterminal/tests/e2e/dashboard.spec.ts:193:16

    attachment #1: screenshot (image/png) ──────────────────────────────────────────────────────────
    ../../test-results/dashboard-Sales-Management-should-handle-sale-filtering-Mobile-Chrome/test-failed-1.png
    ────────────────────────────────────────────────────────────────────────────────────────────────

    attachment #2: video (video/webm) ──────────────────────────────────────────────────────────────
    ../../test-results/dashboard-Sales-Management-should-handle-sale-filtering-Mobile-Chrome/video.webm
    ────────────────────────────────────────────────────────────────────────────────────────────────

    Error Context: ../../test-results/dashboard-Sales-Management-should-handle-sale-filtering-Mobile-Chrome/error-context.md
]]>
</failure>
<system-out>
<![CDATA[
[[ATTACHMENT|dashboard-Sales-Management-should-handle-sale-filtering-Mobile-Chrome/test-failed-1.png]]

[[ATTACHMENT|dashboard-Sales-Management-should-handle-sale-filtering-Mobile-Chrome/video.webm]]

[[ATTACHMENT|dashboard-Sales-Management-should-handle-sale-filtering-Mobile-Chrome/error-context.md]]
]]>
</system-out>
</testcase>
<testcase name="Performance Tests › should load dashboard within performance budget" classname="dashboard.spec.ts" time="31.497">
<failure message="dashboard.spec.ts:288:3 should load dashboard within performance budget" type="FAILURE">
<![CDATA[  [Mobile Chrome] › dashboard.spec.ts:288:3 › Performance Tests › should load dashboard within performance budget 

    Test timeout of 30000ms exceeded.

    Error: page.waitForURL: Test timeout of 30000ms exceeded.
    =========================== logs ===========================
    waiting for navigation to "/dashboard" until "load"
    ============================================================

      268 |     
      269 |     // Wait for dashboard to load
    > 270 |     await page.waitForURL('/dashboard');
          |                ^
      271 |     await page.waitForSelector('[data-testid="total-revenue"]');
      272 |     
      273 |     const loadTime = Date.now() - startTime;
        at /home/casio699/projects/kits-Aio/Kitsaiobusinessterminal/tests/e2e/dashboard.spec.ts:270:16

    attachment #1: screenshot (image/png) ──────────────────────────────────────────────────────────
    ../../test-results/dashboard-Performance-Test-73039-d-within-performance-budget-Mobile-Chrome/test-failed-1.png
    ────────────────────────────────────────────────────────────────────────────────────────────────

    attachment #2: video (video/webm) ──────────────────────────────────────────────────────────────
    ../../test-results/dashboard-Performance-Test-73039-d-within-performance-budget-Mobile-Chrome/video.webm
    ────────────────────────────────────────────────────────────────────────────────────────────────

    Error Context: ../../test-results/dashboard-Performance-Test-73039-d-within-performance-budget-Mobile-Chrome/error-context.md
]]>
</failure>
<system-out>
<![CDATA[
[[ATTACHMENT|dashboard-Performance-Test-73039-d-within-performance-budget-Mobile-Chrome/test-failed-1.png]]

[[ATTACHMENT|dashboard-Performance-Test-73039-d-within-performance-budget-Mobile-Chrome/video.webm]]

[[ATTACHMENT|dashboard-Performance-Test-73039-d-within-performance-budget-Mobile-Chrome/error-context.md]]
]]>
</system-out>
</testcase>
<testcase name="Performance Tests › should handle large data sets efficiently" classname="dashboard.spec.ts" time="31.389">
<failure message="dashboard.spec.ts:306:3 should handle large data sets efficiently" type="FAILURE">
<![CDATA[  [Mobile Chrome] › dashboard.spec.ts:306:3 › Performance Tests › should handle large data sets efficiently 

    Test timeout of 30000ms exceeded.

    Error: page.click: Test timeout of 30000ms exceeded.
    Call log:
      - waiting for locator('[data-testid="nav-products"]')


      283 |     await page.fill('input[type="password"]', 'password123');
      284 |     await page.click('button[type="submit"]');
    > 285 |     await page.click('[data-testid="nav-products"]');
          |                ^
      286 |     
      287 |     // Monitor performance during data loading
      288 |     const startTime = Date.now();
        at /home/casio699/projects/kits-Aio/Kitsaiobusinessterminal/tests/e2e/dashboard.spec.ts:285:16

    attachment #1: screenshot (image/png) ──────────────────────────────────────────────────────────
    ../../test-results/dashboard-Performance-Test-ff1ba-large-data-sets-efficiently-Mobile-Chrome/test-failed-1.png
    ────────────────────────────────────────────────────────────────────────────────────────────────

    attachment #2: video (video/webm) ──────────────────────────────────────────────────────────────
    ../../test-results/dashboard-Performance-Test-ff1ba-large-data-sets-efficiently-Mobile-Chrome/video.webm
    ────────────────────────────────────────────────────────────────────────────────────────────────

    Error Context: ../../test-results/dashboard-Performance-Test-ff1ba-large-data-sets-efficiently-Mobile-Chrome/error-context.md
]]>
</failure>
<system-out>
<![CDATA[
[[ATTACHMENT|dashboard-Performance-Test-ff1ba-large-data-sets-efficiently-Mobile-Chrome/test-failed-1.png]]

[[ATTACHMENT|dashboard-Performance-Test-ff1ba-large-data-sets-efficiently-Mobile-Chrome/video.webm]]

[[ATTACHMENT|dashboard-Performance-Test-ff1ba-large-data-sets-efficiently-Mobile-Chrome/error-context.md]]
]]>
</system-out>
</testcase>
</testsuite>
<testsuite name="visual.spec.ts" timestamp="2025-12-27T22:32:02.477Z" hostname="Mobile Chrome" tests="10" failures="10" skipped="0" time="296.507" errors="0">
<testcase name="Visual Regression Tests › login page visual appearance" classname="visual.spec.ts" time="8.43">
<failure message="visual.spec.ts:12:3 login page visual appearance" type="FAILURE">
<![CDATA[  [Mobile Chrome] › visual.spec.ts:12:3 › Visual Regression Tests › login page visual appearance ───

    Error: A snapshot doesn't exist at /home/casio699/projects/kits-Aio/Kitsaiobusinessterminal/tests/e2e/visual.spec.ts-snapshots/login-page-Mobile-Chrome-linux.png, writing actual.

      14 |     
      15 |     // Take screenshot of login page
    > 16 |     await expect(page).toHaveScreenshot('login-page.png');
         |     ^
      17 |   });
      18 |
      19 |   test('dashboard layout visual appearance', async ({ page }) => {
        at /home/casio699/projects/kits-Aio/Kitsaiobusinessterminal/tests/e2e/visual.spec.ts:16:5

    attachment #1: login-page (image/png) ──────────────────────────────────────────────────────────
    Expected: visual.spec.ts-snapshots/login-page-Mobile-Chrome-linux.png
    Received: ../../test-results/visual-Visual-Regression-Tests-login-page-visual-appearance-Mobile-Chrome/login-page-actual.png
    ────────────────────────────────────────────────────────────────────────────────────────────────

    attachment #2: screenshot (image/png) ──────────────────────────────────────────────────────────
    ../../test-results/visual-Visual-Regression-Tests-login-page-visual-appearance-Mobile-Chrome/test-failed-1.png
    ────────────────────────────────────────────────────────────────────────────────────────────────

    attachment #3: video (video/webm) ──────────────────────────────────────────────────────────────
    ../../test-results/visual-Visual-Regression-Tests-login-page-visual-appearance-Mobile-Chrome/video.webm
    ────────────────────────────────────────────────────────────────────────────────────────────────

    Error Context: ../../test-results/visual-Visual-Regression-Tests-login-page-visual-appearance-Mobile-Chrome/error-context.md
]]>
</failure>
<system-out>
<![CDATA[
[[ATTACHMENT|../tests/e2e/visual.spec.ts-snapshots/login-page-Mobile-Chrome-linux.png]]

[[ATTACHMENT|visual-Visual-Regression-Tests-login-page-visual-appearance-Mobile-Chrome/login-page-actual.png]]

[[ATTACHMENT|visual-Visual-Regression-Tests-login-page-visual-appearance-Mobile-Chrome/test-failed-1.png]]

[[ATTACHMENT|visual-Visual-Regression-Tests-login-page-visual-appearance-Mobile-Chrome/video.webm]]

[[ATTACHMENT|visual-Visual-Regression-Tests-login-page-visual-appearance-Mobile-Chrome/error-context.md]]
]]>
</system-out>
</testcase>
<testcase name="Visual Regression Tests › dashboard layout visual appearance" classname="visual.spec.ts" time="35.667">
<failure message="visual.spec.ts:23:3 dashboard layout visual appearance" type="FAILURE">
<![CDATA[  [Mobile Chrome] › visual.spec.ts:23:3 › Visual Regression Tests › dashboard layout visual appearance 

    Test timeout of 30000ms exceeded.

    Error: page.waitForURL: Test timeout of 30000ms exceeded.
    =========================== logs ===========================
    waiting for navigation to "/dashboard" until "load"
    ============================================================

      25 |     
      26 |     // Wait for dashboard to load
    > 27 |     await page.waitForURL('/dashboard');
         |                ^
      28 |     await page.waitForLoadState('networkidle');
      29 |     
      30 |     // Take screenshot of dashboard
        at /home/casio699/projects/kits-Aio/Kitsaiobusinessterminal/tests/e2e/visual.spec.ts:27:16

    attachment #1: video (video/webm) ──────────────────────────────────────────────────────────────
    ../../test-results/visual-Visual-Regression-T-4b2bb-rd-layout-visual-appearance-Mobile-Chrome/video.webm
    ────────────────────────────────────────────────────────────────────────────────────────────────

    Error Context: ../../test-results/visual-Visual-Regression-T-4b2bb-rd-layout-visual-appearance-Mobile-Chrome/error-context.md
]]>
</failure>
<system-out>
<![CDATA[
[[ATTACHMENT|visual-Visual-Regression-T-4b2bb-rd-layout-visual-appearance-Mobile-Chrome/video.webm]]

[[ATTACHMENT|visual-Visual-Regression-T-4b2bb-rd-layout-visual-appearance-Mobile-Chrome/error-context.md]]
]]>
</system-out>
</testcase>
<testcase name="Visual Regression Tests › products page visual appearance" classname="visual.spec.ts" time="35.491">
<failure message="visual.spec.ts:39:3 products page visual appearance" type="FAILURE">
<![CDATA[  [Mobile Chrome] › visual.spec.ts:39:3 › Visual Regression Tests › products page visual appearance 

    Test timeout of 30000ms exceeded.

    Error: page.waitForURL: Test timeout of 30000ms exceeded.
    =========================== logs ===========================
    waiting for navigation to "/dashboard" until "load"
    ============================================================

      38 |     await page.fill('input[type="password"]', 'password123');
      39 |     await page.click('button[type="submit"]');
    > 40 |     await page.waitForURL('/dashboard');
         |                ^
      41 |     
      42 |     await page.click('[data-testid="nav-products"]');
      43 |     await page.waitForURL('/products');
        at /home/casio699/projects/kits-Aio/Kitsaiobusinessterminal/tests/e2e/visual.spec.ts:40:16

    attachment #1: screenshot (image/png) ──────────────────────────────────────────────────────────
    ../../test-results/visual-Visual-Regression-T-fda59-ucts-page-visual-appearance-Mobile-Chrome/test-failed-1.png
    ────────────────────────────────────────────────────────────────────────────────────────────────

    attachment #2: video (video/webm) ──────────────────────────────────────────────────────────────
    ../../test-results/visual-Visual-Regression-T-fda59-ucts-page-visual-appearance-Mobile-Chrome/video.webm
    ────────────────────────────────────────────────────────────────────────────────────────────────

    Error Context: ../../test-results/visual-Visual-Regression-T-fda59-ucts-page-visual-appearance-Mobile-Chrome/error-context.md
]]>
</failure>
<system-out>
<![CDATA[
[[ATTACHMENT|visual-Visual-Regression-T-fda59-ucts-page-visual-appearance-Mobile-Chrome/test-failed-1.png]]

[[ATTACHMENT|visual-Visual-Regression-T-fda59-ucts-page-visual-appearance-Mobile-Chrome/video.webm]]

[[ATTACHMENT|visual-Visual-Regression-T-fda59-ucts-page-visual-appearance-Mobile-Chrome/error-context.md]]
]]>
</system-out>
</testcase>
<testcase name="Visual Regression Tests › tenant info component visual appearance" classname="visual.spec.ts" time="36.068">
<failure message="visual.spec.ts:55:3 tenant info component visual appearance" type="FAILURE">
<![CDATA[  [Mobile Chrome] › visual.spec.ts:55:3 › Visual Regression Tests › tenant info component visual appearance 

    Test timeout of 30000ms exceeded.

    Error: page.waitForURL: Test timeout of 30000ms exceeded.
    =========================== logs ===========================
    waiting for navigation to "/dashboard" until "load"
    ============================================================

      54 |     await page.fill('input[type="password"]', 'password123');
      55 |     await page.click('button[type="submit"]');
    > 56 |     await page.waitForURL('/dashboard');
         |                ^
      57 |     
      58 |     // Wait for tenant info to load
      59 |     await page.waitForSelector('[data-testid="tenant-info"]');
        at /home/casio699/projects/kits-Aio/Kitsaiobusinessterminal/tests/e2e/visual.spec.ts:56:16

    attachment #1: screenshot (image/png) ──────────────────────────────────────────────────────────
    ../../test-results/visual-Visual-Regression-T-d1855-component-visual-appearance-Mobile-Chrome/test-failed-1.png
    ────────────────────────────────────────────────────────────────────────────────────────────────

    attachment #2: video (video/webm) ──────────────────────────────────────────────────────────────
    ../../test-results/visual-Visual-Regression-T-d1855-component-visual-appearance-Mobile-Chrome/video.webm
    ────────────────────────────────────────────────────────────────────────────────────────────────

    Error Context: ../../test-results/visual-Visual-Regression-T-d1855-component-visual-appearance-Mobile-Chrome/error-context.md
]]>
</failure>
<system-out>
<![CDATA[
[[ATTACHMENT|visual-Visual-Regression-T-d1855-component-visual-appearance-Mobile-Chrome/test-failed-1.png]]

[[ATTACHMENT|visual-Visual-Regression-T-d1855-component-visual-appearance-Mobile-Chrome/video.webm]]

[[ATTACHMENT|visual-Visual-Regression-T-d1855-component-visual-appearance-Mobile-Chrome/error-context.md]]
]]>
</system-out>
</testcase>
<testcase name="Visual Regression Tests › navigation sidebar visual appearance" classname="visual.spec.ts" time="35.478">
<failure message="visual.spec.ts:73:3 navigation sidebar visual appearance" type="FAILURE">
<![CDATA[  [Mobile Chrome] › visual.spec.ts:73:3 › Visual Regression Tests › navigation sidebar visual appearance 

    Test timeout of 30000ms exceeded.

    Error: page.waitForURL: Test timeout of 30000ms exceeded.
    =========================== logs ===========================
    waiting for navigation to "/dashboard" until "load"
    ============================================================

      71 |     await page.fill('input[type="password"]', 'password123');
      72 |     await page.click('button[type="submit"]');
    > 73 |     await page.waitForURL('/dashboard');
         |                ^
      74 |     await page.waitForLoadState('networkidle');
      75 |     
      76 |     // Take screenshot of navigation sidebar
        at /home/casio699/projects/kits-Aio/Kitsaiobusinessterminal/tests/e2e/visual.spec.ts:73:16

    attachment #1: screenshot (image/png) ──────────────────────────────────────────────────────────
    ../../test-results/visual-Visual-Regression-T-58a0c-n-sidebar-visual-appearance-Mobile-Chrome/test-failed-1.png
    ────────────────────────────────────────────────────────────────────────────────────────────────

    attachment #2: video (video/webm) ──────────────────────────────────────────────────────────────
    ../../test-results/visual-Visual-Regression-T-58a0c-n-sidebar-visual-appearance-Mobile-Chrome/video.webm
    ────────────────────────────────────────────────────────────────────────────────────────────────

    Error Context: ../../test-results/visual-Visual-Regression-T-58a0c-n-sidebar-visual-appearance-Mobile-Chrome/error-context.md
]]>
</failure>
<system-out>
<![CDATA[
[[ATTACHMENT|visual-Visual-Regression-T-58a0c-n-sidebar-visual-appearance-Mobile-Chrome/test-failed-1.png]]

[[ATTACHMENT|visual-Visual-Regression-T-58a0c-n-sidebar-visual-appearance-Mobile-Chrome/video.webm]]

[[ATTACHMENT|visual-Visual-Regression-T-58a0c-n-sidebar-visual-appearance-Mobile-Chrome/error-context.md]]
]]>
</system-out>
</testcase>
<testcase name="Visual Regression Tests › forms visual appearance" classname="visual.spec.ts" time="35.669">
<failure message="visual.spec.ts:88:3 forms visual appearance" type="FAILURE">
<![CDATA[  [Mobile Chrome] › visual.spec.ts:88:3 › Visual Regression Tests › forms visual appearance ────────

    Test timeout of 30000ms exceeded.

    Error: page.waitForURL: Test timeout of 30000ms exceeded.
    =========================== logs ===========================
    waiting for navigation to "/dashboard" until "load"
    ============================================================

      85 |     await page.fill('input[type="password"]', 'password123');
      86 |     await page.click('button[type="submit"]');
    > 87 |     await page.waitForURL('/dashboard');
         |                ^
      88 |     
      89 |     await page.click('[data-testid="nav-products"]');
      90 |     await page.waitForURL('/products');
        at /home/casio699/projects/kits-Aio/Kitsaiobusinessterminal/tests/e2e/visual.spec.ts:87:16

    attachment #1: screenshot (image/png) ──────────────────────────────────────────────────────────
    ../../test-results/visual-Visual-Regression-Tests-forms-visual-appearance-Mobile-Chrome/test-failed-1.png
    ────────────────────────────────────────────────────────────────────────────────────────────────

    attachment #2: video (video/webm) ──────────────────────────────────────────────────────────────
    ../../test-results/visual-Visual-Regression-Tests-forms-visual-appearance-Mobile-Chrome/video.webm
    ────────────────────────────────────────────────────────────────────────────────────────────────

    Error Context: ../../test-results/visual-Visual-Regression-Tests-forms-visual-appearance-Mobile-Chrome/error-context.md
]]>
</failure>
<system-out>
<![CDATA[
[[ATTACHMENT|visual-Visual-Regression-Tests-forms-visual-appearance-Mobile-Chrome/test-failed-1.png]]

[[ATTACHMENT|visual-Visual-Regression-Tests-forms-visual-appearance-Mobile-Chrome/video.webm]]

[[ATTACHMENT|visual-Visual-Regression-Tests-forms-visual-appearance-Mobile-Chrome/error-context.md]]
]]>
</system-out>
</testcase>
<testcase name="Visual Regression Tests › error states visual appearance" classname="visual.spec.ts" time="35.836">
<failure message="visual.spec.ts:108:3 error states visual appearance" type="FAILURE">
<![CDATA[  [Mobile Chrome] › visual.spec.ts:108:3 › Visual Regression Tests › error states visual appearance 

    Test timeout of 30000ms exceeded.

    Error: page.waitForSelector: Test timeout of 30000ms exceeded.
    Call log:
      - waiting for locator('[data-testid="error-message"]') to be visible


      108 |     
      109 |     // Wait for error message to appear
    > 110 |     await page.waitForSelector('[data-testid="error-message"]');
          |                ^
      111 |     await page.waitForLoadState('networkidle');
      112 |     
      113 |     // Take screenshot of error state
        at /home/casio699/projects/kits-Aio/Kitsaiobusinessterminal/tests/e2e/visual.spec.ts:110:16

    attachment #1: screenshot (image/png) ──────────────────────────────────────────────────────────
    ../../test-results/visual-Visual-Regression-T-2b356-or-states-visual-appearance-Mobile-Chrome/test-failed-1.png
    ────────────────────────────────────────────────────────────────────────────────────────────────

    attachment #2: video (video/webm) ──────────────────────────────────────────────────────────────
    ../../test-results/visual-Visual-Regression-T-2b356-or-states-visual-appearance-Mobile-Chrome/video.webm
    ────────────────────────────────────────────────────────────────────────────────────────────────

    Error Context: ../../test-results/visual-Visual-Regression-T-2b356-or-states-visual-appearance-Mobile-Chrome/error-context.md
]]>
</failure>
<system-out>
<![CDATA[
[[ATTACHMENT|visual-Visual-Regression-T-2b356-or-states-visual-appearance-Mobile-Chrome/test-failed-1.png]]

[[ATTACHMENT|visual-Visual-Regression-T-2b356-or-states-visual-appearance-Mobile-Chrome/video.webm]]

[[ATTACHMENT|visual-Visual-Regression-T-2b356-or-states-visual-appearance-Mobile-Chrome/error-context.md]]
]]>
</system-out>
</testcase>
<testcase name="Visual Regression Tests › loading states visual appearance" classname="visual.spec.ts" time="36.43">
<failure message="visual.spec.ts:125:3 loading states visual appearance" type="FAILURE">
<![CDATA[  [Mobile Chrome] › visual.spec.ts:125:3 › Visual Regression Tests › loading states visual appearance 

    Test timeout of 30000ms exceeded.

    Error: page.waitForSelector: Test timeout of 30000ms exceeded.
    Call log:
      - waiting for locator('[data-testid="loading-indicator"]') to be visible


      134 |     
      135 |     // Wait for loading indicator
    > 136 |     await page.waitForSelector('[data-testid="loading-indicator"]');
          |                ^
      137 |     
      138 |     // Take screenshot of loading state
      139 |     await expect(page).toHaveScreenshot('loading-state.png');
        at /home/casio699/projects/kits-Aio/Kitsaiobusinessterminal/tests/e2e/visual.spec.ts:136:16

    attachment #1: video (video/webm) ──────────────────────────────────────────────────────────────
    ../../test-results/visual-Visual-Regression-T-e011f-ng-states-visual-appearance-Mobile-Chrome/video.webm
    ────────────────────────────────────────────────────────────────────────────────────────────────

    Error Context: ../../test-results/visual-Visual-Regression-T-e011f-ng-states-visual-appearance-Mobile-Chrome/error-context.md
]]>
</failure>
<system-out>
<![CDATA[
[[ATTACHMENT|visual-Visual-Regression-T-e011f-ng-states-visual-appearance-Mobile-Chrome/video.webm]]

[[ATTACHMENT|visual-Visual-Regression-T-e011f-ng-states-visual-appearance-Mobile-Chrome/error-context.md]]
]]>
</system-out>
</testcase>
<testcase name="Visual Regression Tests › responsive design - mobile" classname="visual.spec.ts" time="4.47">
<failure message="visual.spec.ts:152:3 responsive design - mobile" type="FAILURE">
<![CDATA[  [Mobile Chrome] › visual.spec.ts:152:3 › Visual Regression Tests › responsive design - mobile ────

    Error: A snapshot doesn't exist at /home/casio699/projects/kits-Aio/Kitsaiobusinessterminal/tests/e2e/visual.spec.ts-snapshots/mobile-login-Mobile-Chrome-linux.png, writing actual.

      148 |     
      149 |     // Take screenshot of mobile login
    > 150 |     await expect(page).toHaveScreenshot('mobile-login.png');
          |     ^
      151 |   });
      152 |
      153 |   test('responsive design - tablet', async ({ page }) => {
        at /home/casio699/projects/kits-Aio/Kitsaiobusinessterminal/tests/e2e/visual.spec.ts:150:5

    attachment #1: mobile-login (image/png) ────────────────────────────────────────────────────────
    Expected: visual.spec.ts-snapshots/mobile-login-Mobile-Chrome-linux.png
    Received: ../../test-results/visual-Visual-Regression-Tests-responsive-design---mobile-Mobile-Chrome/mobile-login-actual.png
    ────────────────────────────────────────────────────────────────────────────────────────────────

    attachment #2: screenshot (image/png) ──────────────────────────────────────────────────────────
    ../../test-results/visual-Visual-Regression-Tests-responsive-design---mobile-Mobile-Chrome/test-failed-1.png
    ────────────────────────────────────────────────────────────────────────────────────────────────

    attachment #3: video (video/webm) ──────────────────────────────────────────────────────────────
    ../../test-results/visual-Visual-Regression-Tests-responsive-design---mobile-Mobile-Chrome/video.webm
    ────────────────────────────────────────────────────────────────────────────────────────────────

    Error Context: ../../test-results/visual-Visual-Regression-Tests-responsive-design---mobile-Mobile-Chrome/error-context.md
]]>
</failure>
<system-out>
<![CDATA[
[[ATTACHMENT|../tests/e2e/visual.spec.ts-snapshots/mobile-login-Mobile-Chrome-linux.png]]

[[ATTACHMENT|visual-Visual-Regression-Tests-responsive-design---mobile-Mobile-Chrome/mobile-login-actual.png]]

[[ATTACHMENT|visual-Visual-Regression-Tests-responsive-design---mobile-Mobile-Chrome/test-failed-1.png]]

[[ATTACHMENT|visual-Visual-Regression-Tests-responsive-design---mobile-Mobile-Chrome/video.webm]]

[[ATTACHMENT|visual-Visual-Regression-Tests-responsive-design---mobile-Mobile-Chrome/error-context.md]]
]]>
</system-out>
</testcase>
<testcase name="Visual Regression Tests › responsive design - tablet" classname="visual.spec.ts" time="32.968">
<failure message="visual.spec.ts:166:3 responsive design - tablet" type="FAILURE">
<![CDATA[  [Mobile Chrome] › visual.spec.ts:166:3 › Visual Regression Tests › responsive design - tablet ────

    Test timeout of 30000ms exceeded.

    Error: page.waitForURL: Test timeout of 30000ms exceeded.
    =========================== logs ===========================
    waiting for navigation to "/dashboard" until "load"
    ============================================================

      160 |     await page.fill('input[type="password"]', 'password123');
      161 |     await page.click('button[type="submit"]');
    > 162 |     await page.waitForURL('/dashboard');
          |                ^
      163 |     await page.waitForLoadState('networkidle');
      164 |     
      165 |     // Take screenshot of tablet dashboard
        at /home/casio699/projects/kits-Aio/Kitsaiobusinessterminal/tests/e2e/visual.spec.ts:162:16

    attachment #1: screenshot (image/png) ──────────────────────────────────────────────────────────
    ../../test-results/visual-Visual-Regression-Tests-responsive-design---tablet-Mobile-Chrome/test-failed-1.png
    ────────────────────────────────────────────────────────────────────────────────────────────────

    attachment #2: video (video/webm) ──────────────────────────────────────────────────────────────
    ../../test-results/visual-Visual-Regression-Tests-responsive-design---tablet-Mobile-Chrome/video.webm
    ────────────────────────────────────────────────────────────────────────────────────────────────

    Error Context: ../../test-results/visual-Visual-Regression-Tests-responsive-design---tablet-Mobile-Chrome/error-context.md
]]>
</failure>
<system-out>
<![CDATA[
[[ATTACHMENT|visual-Visual-Regression-Tests-responsive-design---tablet-Mobile-Chrome/test-failed-1.png]]

[[ATTACHMENT|visual-Visual-Regression-Tests-responsive-design---tablet-Mobile-Chrome/video.webm]]

[[ATTACHMENT|visual-Visual-Regression-Tests-responsive-design---tablet-Mobile-Chrome/error-context.md]]
]]>
</system-out>
</testcase>
</testsuite>
<testsuite name="accessibility.spec.ts" timestamp="2025-12-27T22:32:02.477Z" hostname="Mobile Safari" tests="10" failures="10" skipped="0" time="251.781" errors="0">
<testcase name="Accessibility Visual Tests › high contrast mode visual appearance" classname="accessibility.spec.ts" time="13.174">
<failure message="accessibility.spec.ts:12:3 high contrast mode visual appearance" type="FAILURE">
<![CDATA[  [Mobile Safari] › accessibility.spec.ts:12:3 › Accessibility Visual Tests › high contrast mode visual appearance 

    Error: A snapshot doesn't exist at /home/casio699/projects/kits-Aio/Kitsaiobusinessterminal/tests/e2e/accessibility.spec.ts-snapshots/high-contrast-login-Mobile-Safari-linux.png, writing actual.

      15 |     
      16 |     // Take screenshot in high contrast mode
    > 17 |     await expect(page).toHaveScreenshot('high-contrast-login.png');
         |     ^
      18 |   });
      19 |
      20 |   test('reduced motion visual appearance', async ({ page }) => {
        at /home/casio699/projects/kits-Aio/Kitsaiobusinessterminal/tests/e2e/accessibility.spec.ts:17:5

    attachment #1: high-contrast-login (image/png) ─────────────────────────────────────────────────
    Expected: accessibility.spec.ts-snapshots/high-contrast-login-Mobile-Safari-linux.png
    Received: ../../test-results/accessibility-Accessibilit-6e559-rast-mode-visual-appearance-Mobile-Safari/high-contrast-login-actual.png
    ────────────────────────────────────────────────────────────────────────────────────────────────

    attachment #2: screenshot (image/png) ──────────────────────────────────────────────────────────
    ../../test-results/accessibility-Accessibilit-6e559-rast-mode-visual-appearance-Mobile-Safari/test-failed-1.png
    ────────────────────────────────────────────────────────────────────────────────────────────────

    attachment #3: video (video/webm) ──────────────────────────────────────────────────────────────
    ../../test-results/accessibility-Accessibilit-6e559-rast-mode-visual-appearance-Mobile-Safari/video.webm
    ────────────────────────────────────────────────────────────────────────────────────────────────

    Error Context: ../../test-results/accessibility-Accessibilit-6e559-rast-mode-visual-appearance-Mobile-Safari/error-context.md
]]>
</failure>
<system-out>
<![CDATA[
[[ATTACHMENT|../tests/e2e/accessibility.spec.ts-snapshots/high-contrast-login-Mobile-Safari-linux.png]]

[[ATTACHMENT|accessibility-Accessibilit-6e559-rast-mode-visual-appearance-Mobile-Safari/high-contrast-login-actual.png]]

[[ATTACHMENT|accessibility-Accessibilit-6e559-rast-mode-visual-appearance-Mobile-Safari/test-failed-1.png]]

[[ATTACHMENT|accessibility-Accessibilit-6e559-rast-mode-visual-appearance-Mobile-Safari/video.webm]]

[[ATTACHMENT|accessibility-Accessibilit-6e559-rast-mode-visual-appearance-Mobile-Safari/error-context.md]]
]]>
</system-out>
</testcase>
<testcase name="Accessibility Visual Tests › reduced motion visual appearance" classname="accessibility.spec.ts" time="34.068">
<failure message="accessibility.spec.ts:26:3 reduced motion visual appearance" type="FAILURE">
<![CDATA[  [Mobile Safari] › accessibility.spec.ts:26:3 › Accessibility Visual Tests › reduced motion visual appearance 

    Test timeout of 30000ms exceeded.

    Error: page.waitForURL: Test timeout of 30000ms exceeded.
    =========================== logs ===========================
    waiting for navigation to "/dashboard" until "load"
    ============================================================

      27 |     await page.fill('input[type="password"]', 'password123');
      28 |     await page.click('button[type="submit"]');
    > 29 |     await page.waitForURL('/dashboard');
         |                ^
      30 |     await page.waitForLoadState('networkidle');
      31 |     
      32 |     // Take screenshot with reduced motion
        at /home/casio699/projects/kits-Aio/Kitsaiobusinessterminal/tests/e2e/accessibility.spec.ts:29:16

    attachment #1: screenshot (image/png) ──────────────────────────────────────────────────────────
    ../../test-results/accessibility-Accessibilit-b626d-ed-motion-visual-appearance-Mobile-Safari/test-failed-1.png
    ────────────────────────────────────────────────────────────────────────────────────────────────

    attachment #2: video (video/webm) ──────────────────────────────────────────────────────────────
    ../../test-results/accessibility-Accessibilit-b626d-ed-motion-visual-appearance-Mobile-Safari/video.webm
    ────────────────────────────────────────────────────────────────────────────────────────────────

    Error Context: ../../test-results/accessibility-Accessibilit-b626d-ed-motion-visual-appearance-Mobile-Safari/error-context.md
]]>
</failure>
<system-out>
<![CDATA[
[[ATTACHMENT|accessibility-Accessibilit-b626d-ed-motion-visual-appearance-Mobile-Safari/test-failed-1.png]]

[[ATTACHMENT|accessibility-Accessibilit-b626d-ed-motion-visual-appearance-Mobile-Safari/video.webm]]

[[ATTACHMENT|accessibility-Accessibilit-b626d-ed-motion-visual-appearance-Mobile-Safari/error-context.md]]
]]>
</system-out>
</testcase>
<testcase name="Accessibility Visual Tests › keyboard navigation focus states" classname="accessibility.spec.ts" time="10.505">
<failure message="accessibility.spec.ts:45:3 keyboard navigation focus states" type="FAILURE">
<![CDATA[  [Mobile Safari] › accessibility.spec.ts:45:3 › Accessibility Visual Tests › keyboard navigation focus states 

    Error: expect(page).toHaveScreenshot(expected) failed

    Timeout: 5000ms
      Timeout 5000ms exceeded.

      Snapshot: focus-email-input.png

    Call log:
      - Expect "toHaveScreenshot(focus-email-input.png)" with timeout 5000ms
        - generating new stable screenshot expectation
      - taking page screenshot
        - disabled all CSS animations
      - waiting for fonts to load...
      - fonts loaded
      - waiting 100ms before taking screenshot
      - Timeout 5000ms exceeded.


      40 |     await page.keyboard.press('Tab');
      41 |     await page.waitForTimeout(100);
    > 42 |     await expect(page).toHaveScreenshot('focus-email-input.png');
         |                        ^
      43 |     
      44 |     await page.keyboard.press('Tab');
      45 |     await page.waitForTimeout(100);
        at /home/casio699/projects/kits-Aio/Kitsaiobusinessterminal/tests/e2e/accessibility.spec.ts:42:24

    attachment #1: screenshot (image/png) ──────────────────────────────────────────────────────────
    ../../test-results/accessibility-Accessibilit-9a7b5-ard-navigation-focus-states-Mobile-Safari/test-failed-1.png
    ────────────────────────────────────────────────────────────────────────────────────────────────

    attachment #2: video (video/webm) ──────────────────────────────────────────────────────────────
    ../../test-results/accessibility-Accessibilit-9a7b5-ard-navigation-focus-states-Mobile-Safari/video.webm
    ────────────────────────────────────────────────────────────────────────────────────────────────

    Error Context: ../../test-results/accessibility-Accessibilit-9a7b5-ard-navigation-focus-states-Mobile-Safari/error-context.md
]]>
</failure>
<system-out>
<![CDATA[
[[ATTACHMENT|accessibility-Accessibilit-9a7b5-ard-navigation-focus-states-Mobile-Safari/test-failed-1.png]]

[[ATTACHMENT|accessibility-Accessibilit-9a7b5-ard-navigation-focus-states-Mobile-Safari/video.webm]]

[[ATTACHMENT|accessibility-Accessibilit-9a7b5-ard-navigation-focus-states-Mobile-Safari/error-context.md]]
]]>
</system-out>
</testcase>
<testcase name="Accessibility Visual Tests › screen reader friendly structure" classname="accessibility.spec.ts" time="34.004">
<failure message="accessibility.spec.ts:61:3 screen reader friendly structure" type="FAILURE">
<![CDATA[  [Mobile Safari] › accessibility.spec.ts:61:3 › Accessibility Visual Tests › screen reader friendly structure 

    Test timeout of 30000ms exceeded.

    Error: page.waitForURL: Test timeout of 30000ms exceeded.
    =========================== logs ===========================
    waiting for navigation to "/dashboard" until "load"
    ============================================================

      57 |     await page.fill('input[type="password"]', 'password123');
      58 |     await page.click('button[type="submit"]');
    > 59 |     await page.waitForURL('/dashboard');
         |                ^
      60 |     await page.waitForLoadState('networkidle');
      61 |     
      62 |     // Check semantic structure
        at /home/casio699/projects/kits-Aio/Kitsaiobusinessterminal/tests/e2e/accessibility.spec.ts:59:16

    attachment #1: screenshot (image/png) ──────────────────────────────────────────────────────────
    ../../test-results/accessibility-Accessibilit-2d679-n-reader-friendly-structure-Mobile-Safari/test-failed-1.png
    ────────────────────────────────────────────────────────────────────────────────────────────────

    attachment #2: video (video/webm) ──────────────────────────────────────────────────────────────
    ../../test-results/accessibility-Accessibilit-2d679-n-reader-friendly-structure-Mobile-Safari/video.webm
    ────────────────────────────────────────────────────────────────────────────────────────────────

    Error Context: ../../test-results/accessibility-Accessibilit-2d679-n-reader-friendly-structure-Mobile-Safari/error-context.md
]]>
</failure>
<system-out>
<![CDATA[
[[ATTACHMENT|accessibility-Accessibilit-2d679-n-reader-friendly-structure-Mobile-Safari/test-failed-1.png]]

[[ATTACHMENT|accessibility-Accessibilit-2d679-n-reader-friendly-structure-Mobile-Safari/video.webm]]

[[ATTACHMENT|accessibility-Accessibilit-2d679-n-reader-friendly-structure-Mobile-Safari/error-context.md]]
]]>
</system-out>
</testcase>
<testcase name="Accessibility Visual Tests › color contrast compliance" classname="accessibility.spec.ts" time="14.505">
<failure message="accessibility.spec.ts:79:3 color contrast compliance" type="FAILURE">
<![CDATA[  [Mobile Safari] › accessibility.spec.ts:79:3 › Accessibility Visual Tests › color contrast compliance 

    Error: A snapshot doesn't exist at /home/casio699/projects/kits-Aio/Kitsaiobusinessterminal/tests/e2e/accessibility.spec.ts-snapshots/color-contrast-login-Mobile-Safari-linux.png, writing actual.

      73 |     
      74 |     // Take screenshot for color contrast analysis
    > 75 |     await expect(page).toHaveScreenshot('color-contrast-login.png');
         |     ^
      76 |     
      77 |     // Check for proper contrast ratios (would need additional tools for automated testing)
      78 |     const textElements = page.locator('button, input, label, a, h1, h2, h3, p, span');
        at /home/casio699/projects/kits-Aio/Kitsaiobusinessterminal/tests/e2e/accessibility.spec.ts:75:5

    attachment #1: color-contrast-login (image/png) ────────────────────────────────────────────────
    Expected: accessibility.spec.ts-snapshots/color-contrast-login-Mobile-Safari-linux.png
    Received: ../../test-results/accessibility-Accessibilit-76076-s-color-contrast-compliance-Mobile-Safari/color-contrast-login-actual.png
    ────────────────────────────────────────────────────────────────────────────────────────────────

    attachment #2: screenshot (image/png) ──────────────────────────────────────────────────────────
    ../../test-results/accessibility-Accessibilit-76076-s-color-contrast-compliance-Mobile-Safari/test-failed-1.png
    ────────────────────────────────────────────────────────────────────────────────────────────────

    attachment #3: video (video/webm) ──────────────────────────────────────────────────────────────
    ../../test-results/accessibility-Accessibilit-76076-s-color-contrast-compliance-Mobile-Safari/video.webm
    ────────────────────────────────────────────────────────────────────────────────────────────────

    Error Context: ../../test-results/accessibility-Accessibilit-76076-s-color-contrast-compliance-Mobile-Safari/error-context.md
]]>
</failure>
<system-out>
<![CDATA[
[[ATTACHMENT|../tests/e2e/accessibility.spec.ts-snapshots/color-contrast-login-Mobile-Safari-linux.png]]

[[ATTACHMENT|accessibility-Accessibilit-76076-s-color-contrast-compliance-Mobile-Safari/color-contrast-login-actual.png]]

[[ATTACHMENT|accessibility-Accessibilit-76076-s-color-contrast-compliance-Mobile-Safari/test-failed-1.png]]

[[ATTACHMENT|accessibility-Accessibilit-76076-s-color-contrast-compliance-Mobile-Safari/video.webm]]

[[ATTACHMENT|accessibility-Accessibilit-76076-s-color-contrast-compliance-Mobile-Safari/error-context.md]]
]]>
</system-out>
</testcase>
<testcase name="Accessibility Visual Tests › accessible form labels" classname="accessibility.spec.ts" time="10.357">
<failure message="accessibility.spec.ts:93:3 accessible form labels" type="FAILURE">
<![CDATA[  [Mobile Safari] › accessibility.spec.ts:93:3 › Accessibility Visual Tests › accessible form labels 

    Error: expect(received).toBe(expected) // Object.is equality

    Expected: 1
    Received: 0

      93 |       const id = await input.getAttribute('id');
      94 |       const label = page.locator(`label[for="${id}"]`);
    > 95 |       expect(await label.count()).toBe(1);
         |                                   ^
      96 |     }
      97 |     
      98 |     // Take screenshot of accessible form
        at /home/casio699/projects/kits-Aio/Kitsaiobusinessterminal/tests/e2e/accessibility.spec.ts:95:35

    attachment #1: screenshot (image/png) ──────────────────────────────────────────────────────────
    ../../test-results/accessibility-Accessibilit-0ba92-ests-accessible-form-labels-Mobile-Safari/test-failed-1.png
    ────────────────────────────────────────────────────────────────────────────────────────────────

    attachment #2: video (video/webm) ──────────────────────────────────────────────────────────────
    ../../test-results/accessibility-Accessibilit-0ba92-ests-accessible-form-labels-Mobile-Safari/video.webm
    ────────────────────────────────────────────────────────────────────────────────────────────────

    Error Context: ../../test-results/accessibility-Accessibilit-0ba92-ests-accessible-form-labels-Mobile-Safari/error-context.md
]]>
</failure>
<system-out>
<![CDATA[
[[ATTACHMENT|accessibility-Accessibilit-0ba92-ests-accessible-form-labels-Mobile-Safari/test-failed-1.png]]

[[ATTACHMENT|accessibility-Accessibilit-0ba92-ests-accessible-form-labels-Mobile-Safari/video.webm]]

[[ATTACHMENT|accessibility-Accessibilit-0ba92-ests-accessible-form-labels-Mobile-Safari/error-context.md]]
]]>
</system-out>
</testcase>
<testcase name="Accessibility Visual Tests › ARIA landmarks and roles" classname="accessibility.spec.ts" time="33.833">
<failure message="accessibility.spec.ts:112:3 ARIA landmarks and roles" type="FAILURE">
<![CDATA[  [Mobile Safari] › accessibility.spec.ts:112:3 › Accessibility Visual Tests › ARIA landmarks and roles 

    Test timeout of 30000ms exceeded.

    Error: page.waitForURL: Test timeout of 30000ms exceeded.
    =========================== logs ===========================
    waiting for navigation to "/dashboard" until "load"
    ============================================================

      106 |     await page.fill('input[type="password"]', 'password123');
      107 |     await page.click('button[type="submit"]');
    > 108 |     await page.waitForURL('/dashboard');
          |                ^
      109 |     await page.waitForLoadState('networkidle');
      110 |     
      111 |     // Check for ARIA landmarks
        at /home/casio699/projects/kits-Aio/Kitsaiobusinessterminal/tests/e2e/accessibility.spec.ts:108:16

    attachment #1: screenshot (image/png) ──────────────────────────────────────────────────────────
    ../../test-results/accessibility-Accessibilit-00060-ts-ARIA-landmarks-and-roles-Mobile-Safari/test-failed-1.png
    ────────────────────────────────────────────────────────────────────────────────────────────────

    attachment #2: video (video/webm) ──────────────────────────────────────────────────────────────
    ../../test-results/accessibility-Accessibilit-00060-ts-ARIA-landmarks-and-roles-Mobile-Safari/video.webm
    ────────────────────────────────────────────────────────────────────────────────────────────────

    Error Context: ../../test-results/accessibility-Accessibilit-00060-ts-ARIA-landmarks-and-roles-Mobile-Safari/error-context.md
]]>
</failure>
<system-out>
<![CDATA[
[[ATTACHMENT|accessibility-Accessibilit-00060-ts-ARIA-landmarks-and-roles-Mobile-Safari/test-failed-1.png]]

[[ATTACHMENT|accessibility-Accessibilit-00060-ts-ARIA-landmarks-and-roles-Mobile-Safari/video.webm]]

[[ATTACHMENT|accessibility-Accessibilit-00060-ts-ARIA-landmarks-and-roles-Mobile-Safari/error-context.md]]
]]>
</system-out>
</testcase>
<testcase name="Accessibility Visual Tests › accessible navigation" classname="accessibility.spec.ts" time="33.792">
<failure message="accessibility.spec.ts:132:3 accessible navigation" type="FAILURE">
<![CDATA[  [Mobile Safari] › accessibility.spec.ts:132:3 › Accessibility Visual Tests › accessible navigation 

    Test timeout of 30000ms exceeded.

    Error: page.waitForURL: Test timeout of 30000ms exceeded.
    =========================== logs ===========================
    waiting for navigation to "/dashboard" until "load"
    ============================================================

      126 |     await page.fill('input[type="password"]', 'password123');
      127 |     await page.click('button[type="submit"]');
    > 128 |     await page.waitForURL('/dashboard');
          |                ^
      129 |     await page.waitForLoadState('networkidle');
      130 |     
      131 |     // Check for skip links
        at /home/casio699/projects/kits-Aio/Kitsaiobusinessterminal/tests/e2e/accessibility.spec.ts:128:16

    attachment #1: screenshot (image/png) ──────────────────────────────────────────────────────────
    ../../test-results/accessibility-Accessibilit-d782d-Tests-accessible-navigation-Mobile-Safari/test-failed-1.png
    ────────────────────────────────────────────────────────────────────────────────────────────────

    attachment #2: video (video/webm) ──────────────────────────────────────────────────────────────
    ../../test-results/accessibility-Accessibilit-d782d-Tests-accessible-navigation-Mobile-Safari/video.webm
    ────────────────────────────────────────────────────────────────────────────────────────────────

    Error Context: ../../test-results/accessibility-Accessibilit-d782d-Tests-accessible-navigation-Mobile-Safari/error-context.md
]]>
</failure>
<system-out>
<![CDATA[
[[ATTACHMENT|accessibility-Accessibilit-d782d-Tests-accessible-navigation-Mobile-Safari/test-failed-1.png]]

[[ATTACHMENT|accessibility-Accessibilit-d782d-Tests-accessible-navigation-Mobile-Safari/video.webm]]

[[ATTACHMENT|accessibility-Accessibilit-d782d-Tests-accessible-navigation-Mobile-Safari/error-context.md]]
]]>
</system-out>
</testcase>
<testcase name="Accessibility Visual Tests › accessible data tables" classname="accessibility.spec.ts" time="33.618">
<failure message="accessibility.spec.ts:150:3 accessible data tables" type="FAILURE">
<![CDATA[  [Mobile Safari] › accessibility.spec.ts:150:3 › Accessibility Visual Tests › accessible data tables 

    Test timeout of 30000ms exceeded.

    Error: page.waitForURL: Test timeout of 30000ms exceeded.
    =========================== logs ===========================
    waiting for navigation to "/dashboard" until "load"
    ============================================================

      143 |     await page.fill('input[type="password"]', 'password123');
      144 |     await page.click('button[type="submit"]');
    > 145 |     await page.waitForURL('/dashboard');
          |                ^
      146 |     
      147 |     await page.click('[data-testid="nav-products"]');
      148 |     await page.waitForURL('/products');
        at /home/casio699/projects/kits-Aio/Kitsaiobusinessterminal/tests/e2e/accessibility.spec.ts:145:16

    attachment #1: screenshot (image/png) ──────────────────────────────────────────────────────────
    ../../test-results/accessibility-Accessibilit-d6a05-ests-accessible-data-tables-Mobile-Safari/test-failed-1.png
    ────────────────────────────────────────────────────────────────────────────────────────────────

    attachment #2: video (video/webm) ──────────────────────────────────────────────────────────────
    ../../test-results/accessibility-Accessibilit-d6a05-ests-accessible-data-tables-Mobile-Safari/video.webm
    ────────────────────────────────────────────────────────────────────────────────────────────────

    Error Context: ../../test-results/accessibility-Accessibilit-d6a05-ests-accessible-data-tables-Mobile-Safari/error-context.md
]]>
</failure>
<system-out>
<![CDATA[
[[ATTACHMENT|accessibility-Accessibilit-d6a05-ests-accessible-data-tables-Mobile-Safari/test-failed-1.png]]

[[ATTACHMENT|accessibility-Accessibilit-d6a05-ests-accessible-data-tables-Mobile-Safari/video.webm]]

[[ATTACHMENT|accessibility-Accessibilit-d6a05-ests-accessible-data-tables-Mobile-Safari/error-context.md]]
]]>
</system-out>
</testcase>
<testcase name="Accessibility Visual Tests › accessible error messages" classname="accessibility.spec.ts" time="33.925">
<failure message="accessibility.spec.ts:178:3 accessible error messages" type="FAILURE">
<![CDATA[  [Mobile Safari] › accessibility.spec.ts:178:3 › Accessibility Visual Tests › accessible error messages 

    Test timeout of 30000ms exceeded.

    Error: page.waitForSelector: Test timeout of 30000ms exceeded.
    Call log:
      - waiting for locator('[data-testid="error-message"]') to be visible


      174 |     
      175 |     // Wait for error message
    > 176 |     await page.waitForSelector('[data-testid="error-message"]');
          |                ^
      177 |     
      178 |     // Check error message is accessible
      179 |     const errorMessage = page.locator('[data-testid="error-message"]');
        at /home/casio699/projects/kits-Aio/Kitsaiobusinessterminal/tests/e2e/accessibility.spec.ts:176:16

    attachment #1: screenshot (image/png) ──────────────────────────────────────────────────────────
    ../../test-results/accessibility-Accessibilit-e890a-s-accessible-error-messages-Mobile-Safari/test-failed-1.png
    ────────────────────────────────────────────────────────────────────────────────────────────────

    attachment #2: video (video/webm) ──────────────────────────────────────────────────────────────
    ../../test-results/accessibility-Accessibilit-e890a-s-accessible-error-messages-Mobile-Safari/video.webm
    ────────────────────────────────────────────────────────────────────────────────────────────────

    Error Context: ../../test-results/accessibility-Accessibilit-e890a-s-accessible-error-messages-Mobile-Safari/error-context.md
]]>
</failure>
<system-out>
<![CDATA[
[[ATTACHMENT|accessibility-Accessibilit-e890a-s-accessible-error-messages-Mobile-Safari/test-failed-1.png]]

[[ATTACHMENT|accessibility-Accessibilit-e890a-s-accessible-error-messages-Mobile-Safari/video.webm]]

[[ATTACHMENT|accessibility-Accessibilit-e890a-s-accessible-error-messages-Mobile-Safari/error-context.md]]
]]>
</system-out>
</testcase>
</testsuite>
<testsuite name="auth.spec.ts" timestamp="2025-12-27T22:32:02.477Z" hostname="Mobile Safari" tests="13" failures="12" skipped="0" time="208.202" errors="0">
<testcase name="Authentication Flow › should show login page when not authenticated" classname="auth.spec.ts" time="8.688">
<failure message="auth.spec.ts:3:3 should show login page when not authenticated" type="FAILURE">
<![CDATA[  [Mobile Safari] › auth.spec.ts:3:3 › Authentication Flow › should show login page when not authenticated 

    Error: expect(locator).toContainText(expected) failed

    Locator: locator('h1')
    Expected pattern: /login|sign in/i
    Timeout: 5000ms
    Error: element(s) not found

    Call log:
      - Expect "toContainText" with timeout 5000ms
      - waiting for locator('h1')


       6 |     
       7 |     // Should redirect to login or show login form
    >  8 |     await expect(page.locator('h1')).toContainText(/login|sign in/i);
         |                                      ^
       9 |   });
      10 |
      11 |   test('should handle login with valid credentials', async ({ page }) => {
        at /home/casio699/projects/kits-Aio/Kitsaiobusinessterminal/tests/e2e/auth.spec.ts:8:38

    attachment #1: screenshot (image/png) ──────────────────────────────────────────────────────────
    ../../test-results/auth-Authentication-Flow-s-92172-page-when-not-authenticated-Mobile-Safari/test-failed-1.png
    ────────────────────────────────────────────────────────────────────────────────────────────────

    attachment #2: video (video/webm) ──────────────────────────────────────────────────────────────
    ../../test-results/auth-Authentication-Flow-s-92172-page-when-not-authenticated-Mobile-Safari/video.webm
    ────────────────────────────────────────────────────────────────────────────────────────────────

    Error Context: ../../test-results/auth-Authentication-Flow-s-92172-page-when-not-authenticated-Mobile-Safari/error-context.md
]]>
</failure>
<system-out>
<![CDATA[
[[ATTACHMENT|auth-Authentication-Flow-s-92172-page-when-not-authenticated-Mobile-Safari/test-failed-1.png]]

[[ATTACHMENT|auth-Authentication-Flow-s-92172-page-when-not-authenticated-Mobile-Safari/video.webm]]

[[ATTACHMENT|auth-Authentication-Flow-s-92172-page-when-not-authenticated-Mobile-Safari/error-context.md]]
]]>
</system-out>
</testcase>
<testcase name="Authentication Flow › should handle login with valid credentials" classname="auth.spec.ts" time="12.469">
<failure message="auth.spec.ts:11:3 should handle login with valid credentials" type="FAILURE">
<![CDATA[  [Mobile Safari] › auth.spec.ts:11:3 › Authentication Flow › should handle login with valid credentials 

    Error: expect(page).toHaveURL(expected) failed

    Expected: "http://localhost:3000/dashboard"
    Received: "http://localhost:3000/login"
    Timeout:  5000ms

    Call log:
      - Expect "toHaveURL" with timeout 5000ms
        8 × unexpected value "http://localhost:3000/login"


      20 |     
      21 |     // Should redirect to dashboard
    > 22 |     await expect(page).toHaveURL('/dashboard');
         |                        ^
      23 |     await expect(page.locator('h1')).toContainText(/dashboard|overview/i);
      24 |   });
      25 |
        at /home/casio699/projects/kits-Aio/Kitsaiobusinessterminal/tests/e2e/auth.spec.ts:22:24

    attachment #1: screenshot (image/png) ──────────────────────────────────────────────────────────
    ../../test-results/auth-Authentication-Flow-s-5a13b-ogin-with-valid-credentials-Mobile-Safari/test-failed-1.png
    ────────────────────────────────────────────────────────────────────────────────────────────────

    attachment #2: video (video/webm) ──────────────────────────────────────────────────────────────
    ../../test-results/auth-Authentication-Flow-s-5a13b-ogin-with-valid-credentials-Mobile-Safari/video.webm
    ────────────────────────────────────────────────────────────────────────────────────────────────

    Error Context: ../../test-results/auth-Authentication-Flow-s-5a13b-ogin-with-valid-credentials-Mobile-Safari/error-context.md
]]>
</failure>
<system-out>
<![CDATA[
[[ATTACHMENT|auth-Authentication-Flow-s-5a13b-ogin-with-valid-credentials-Mobile-Safari/test-failed-1.png]]

[[ATTACHMENT|auth-Authentication-Flow-s-5a13b-ogin-with-valid-credentials-Mobile-Safari/video.webm]]

[[ATTACHMENT|auth-Authentication-Flow-s-5a13b-ogin-with-valid-credentials-Mobile-Safari/error-context.md]]
]]>
</system-out>
</testcase>
<testcase name="Authentication Flow › should show error message with invalid credentials" classname="auth.spec.ts" time="13.155">
<failure message="auth.spec.ts:27:3 should show error message with invalid credentials" type="FAILURE">
<![CDATA[  [Mobile Safari] › auth.spec.ts:27:3 › Authentication Flow › should show error message with invalid credentials 

    Error: expect(locator).toBeVisible() failed

    Locator: locator('[data-testid="error-message"]')
    Expected: visible
    Timeout: 5000ms
    Error: element(s) not found

    Call log:
      - Expect "toBeVisible" with timeout 5000ms
      - waiting for locator('[data-testid="error-message"]')


      35 |     
      36 |     // Should show error message
    > 37 |     await expect(page.locator('[data-testid="error-message"]')).toBeVisible();
         |                                                                 ^
      38 |     await expect(page.locator('[data-testid="error-message"]')).toContainText(/invalid|error/i);
      39 |   });
      40 |
        at /home/casio699/projects/kits-Aio/Kitsaiobusinessterminal/tests/e2e/auth.spec.ts:37:65

    attachment #1: screenshot (image/png) ──────────────────────────────────────────────────────────
    ../../test-results/auth-Authentication-Flow-s-2327b-ge-with-invalid-credentials-Mobile-Safari/test-failed-1.png
    ────────────────────────────────────────────────────────────────────────────────────────────────

    attachment #2: video (video/webm) ──────────────────────────────────────────────────────────────
    ../../test-results/auth-Authentication-Flow-s-2327b-ge-with-invalid-credentials-Mobile-Safari/video.webm
    ────────────────────────────────────────────────────────────────────────────────────────────────

    Error Context: ../../test-results/auth-Authentication-Flow-s-2327b-ge-with-invalid-credentials-Mobile-Safari/error-context.md
]]>
</failure>
<system-out>
<![CDATA[
[[ATTACHMENT|auth-Authentication-Flow-s-2327b-ge-with-invalid-credentials-Mobile-Safari/test-failed-1.png]]

[[ATTACHMENT|auth-Authentication-Flow-s-2327b-ge-with-invalid-credentials-Mobile-Safari/video.webm]]

[[ATTACHMENT|auth-Authentication-Flow-s-2327b-ge-with-invalid-credentials-Mobile-Safari/error-context.md]]
]]>
</system-out>
</testcase>
<testcase name="Authentication Flow › should handle logout correctly" classname="auth.spec.ts" time="13.719">
<failure message="auth.spec.ts:43:3 should handle logout correctly" type="FAILURE">
<![CDATA[  [Mobile Safari] › auth.spec.ts:43:3 › Authentication Flow › should handle logout correctly ───────

    Error: expect(page).toHaveURL(expected) failed

    Expected: "http://localhost:3000/dashboard"
    Received: "http://localhost:3000/login"
    Timeout:  5000ms

    Call log:
      - Expect "toHaveURL" with timeout 5000ms
        8 × unexpected value "http://localhost:3000/login"


      47 |     
      48 |     // Wait for dashboard
    > 49 |     await expect(page).toHaveURL('/dashboard');
         |                        ^
      50 |     
      51 |     // Find and click logout button
      52 |     await page.click('[data-testid="logout-button"]');
        at /home/casio699/projects/kits-Aio/Kitsaiobusinessterminal/tests/e2e/auth.spec.ts:49:24

    attachment #1: screenshot (image/png) ──────────────────────────────────────────────────────────
    ../../test-results/auth-Authentication-Flow-should-handle-logout-correctly-Mobile-Safari/test-failed-1.png
    ────────────────────────────────────────────────────────────────────────────────────────────────

    attachment #2: video (video/webm) ──────────────────────────────────────────────────────────────
    ../../test-results/auth-Authentication-Flow-should-handle-logout-correctly-Mobile-Safari/video.webm
    ────────────────────────────────────────────────────────────────────────────────────────────────

    Error Context: ../../test-results/auth-Authentication-Flow-should-handle-logout-correctly-Mobile-Safari/error-context.md
]]>
</failure>
<system-out>
<![CDATA[
[[ATTACHMENT|auth-Authentication-Flow-should-handle-logout-correctly-Mobile-Safari/test-failed-1.png]]

[[ATTACHMENT|auth-Authentication-Flow-should-handle-logout-correctly-Mobile-Safari/video.webm]]

[[ATTACHMENT|auth-Authentication-Flow-should-handle-logout-correctly-Mobile-Safari/error-context.md]]
]]>
</system-out>
</testcase>
<testcase name="Multi-tenant Features › should display tenant information when authenticated" classname="auth.spec.ts" time="12.973">
<failure message="auth.spec.ts:63:3 should display tenant information when authenticated" type="FAILURE">
<![CDATA[  [Mobile Safari] › auth.spec.ts:63:3 › Multi-tenant Features › should display tenant information when authenticated 

    Error: expect(locator).toBeVisible() failed

    Locator: locator('[data-testid="tenant-info"]')
    Expected: visible
    Timeout: 5000ms
    Error: element(s) not found

    Call log:
      - Expect "toBeVisible" with timeout 5000ms
      - waiting for locator('[data-testid="tenant-info"]')


      66 |     
      67 |     // Should show tenant info
    > 68 |     await expect(page.locator('[data-testid="tenant-info"]')).toBeVisible();
         |                                                               ^
      69 |     await expect(page.locator('[data-testid="tenant-name"]')).toContainText('Test Business');
      70 |     await expect(page.locator('[data-testid="tenant-role"]')).toContainText('owner');
      71 |   });
        at /home/casio699/projects/kits-Aio/Kitsaiobusinessterminal/tests/e2e/auth.spec.ts:68:63

    attachment #1: screenshot (image/png) ──────────────────────────────────────────────────────────
    ../../test-results/auth-Multi-tenant-Features-a1766-ormation-when-authenticated-Mobile-Safari/test-failed-1.png
    ────────────────────────────────────────────────────────────────────────────────────────────────

    attachment #2: video (video/webm) ──────────────────────────────────────────────────────────────
    ../../test-results/auth-Multi-tenant-Features-a1766-ormation-when-authenticated-Mobile-Safari/video.webm
    ────────────────────────────────────────────────────────────────────────────────────────────────

    Error Context: ../../test-results/auth-Multi-tenant-Features-a1766-ormation-when-authenticated-Mobile-Safari/error-context.md
]]>
</failure>
<system-out>
<![CDATA[
[[ATTACHMENT|auth-Multi-tenant-Features-a1766-ormation-when-authenticated-Mobile-Safari/test-failed-1.png]]

[[ATTACHMENT|auth-Multi-tenant-Features-a1766-ormation-when-authenticated-Mobile-Safari/video.webm]]

[[ATTACHMENT|auth-Multi-tenant-Features-a1766-ormation-when-authenticated-Mobile-Safari/error-context.md]]
]]>
</system-out>
</testcase>
<testcase name="Multi-tenant Features › should handle tenant switching" classname="auth.spec.ts" time="32.205">
<failure message="auth.spec.ts:77:3 should handle tenant switching" type="FAILURE">
<![CDATA[  [Mobile Safari] › auth.spec.ts:77:3 › Multi-tenant Features › should handle tenant switching ─────

    Test timeout of 30000ms exceeded.

    Error: page.click: Test timeout of 30000ms exceeded.
    Call log:
      - waiting for locator('[data-testid="tenant-switcher"]')


      79 |     
      80 |     // Click tenant switcher
    > 81 |     await page.click('[data-testid="tenant-switcher"]');
         |                ^
      82 |     
      83 |     // Select different tenant
      84 |     await page.click('[data-testid="tenant-option"]:has-text("Second Business")]');
        at /home/casio699/projects/kits-Aio/Kitsaiobusinessterminal/tests/e2e/auth.spec.ts:81:16

    attachment #1: screenshot (image/png) ──────────────────────────────────────────────────────────
    ../../test-results/auth-Multi-tenant-Features-should-handle-tenant-switching-Mobile-Safari/test-failed-1.png
    ────────────────────────────────────────────────────────────────────────────────────────────────

    attachment #2: video (video/webm) ──────────────────────────────────────────────────────────────
    ../../test-results/auth-Multi-tenant-Features-should-handle-tenant-switching-Mobile-Safari/video.webm
    ────────────────────────────────────────────────────────────────────────────────────────────────

    Error Context: ../../test-results/auth-Multi-tenant-Features-should-handle-tenant-switching-Mobile-Safari/error-context.md
]]>
</failure>
<system-out>
<![CDATA[
[[ATTACHMENT|auth-Multi-tenant-Features-should-handle-tenant-switching-Mobile-Safari/test-failed-1.png]]

[[ATTACHMENT|auth-Multi-tenant-Features-should-handle-tenant-switching-Mobile-Safari/video.webm]]

[[ATTACHMENT|auth-Multi-tenant-Features-should-handle-tenant-switching-Mobile-Safari/error-context.md]]
]]>
</system-out>
</testcase>
<testcase name="Navigation and Routing › should navigate between main sections" classname="auth.spec.ts" time="31.967">
<failure message="auth.spec.ts:97:3 should navigate between main sections" type="FAILURE">
<![CDATA[  [Mobile Safari] › auth.spec.ts:97:3 › Navigation and Routing › should navigate between main sections 

    Test timeout of 30000ms exceeded.

    Error: page.click: Test timeout of 30000ms exceeded.
    Call log:
      - waiting for locator('[data-testid="nav-products"]')


       98 |     
       99 |     // Navigate to different sections
    > 100 |     await page.click('[data-testid="nav-products"]');
          |                ^
      101 |     await expect(page).toHaveURL('/products');
      102 |     await expect(page.locator('h1')).toContainText(/products/i);
      103 |     
        at /home/casio699/projects/kits-Aio/Kitsaiobusinessterminal/tests/e2e/auth.spec.ts:100:16

    attachment #1: screenshot (image/png) ──────────────────────────────────────────────────────────
    ../../test-results/auth-Navigation-and-Routin-8b1f6-igate-between-main-sections-Mobile-Safari/test-failed-1.png
    ────────────────────────────────────────────────────────────────────────────────────────────────

    attachment #2: video (video/webm) ──────────────────────────────────────────────────────────────
    ../../test-results/auth-Navigation-and-Routin-8b1f6-igate-between-main-sections-Mobile-Safari/video.webm
    ────────────────────────────────────────────────────────────────────────────────────────────────

    Error Context: ../../test-results/auth-Navigation-and-Routin-8b1f6-igate-between-main-sections-Mobile-Safari/error-context.md
]]>
</failure>
<system-out>
<![CDATA[
[[ATTACHMENT|auth-Navigation-and-Routin-8b1f6-igate-between-main-sections-Mobile-Safari/test-failed-1.png]]

[[ATTACHMENT|auth-Navigation-and-Routin-8b1f6-igate-between-main-sections-Mobile-Safari/video.webm]]

[[ATTACHMENT|auth-Navigation-and-Routin-8b1f6-igate-between-main-sections-Mobile-Safari/error-context.md]]
]]>
</system-out>
</testcase>
<testcase name="Navigation and Routing › should handle browser back/forward navigation" classname="auth.spec.ts" time="31.98">
<failure message="auth.spec.ts:120:3 should handle browser back/forward navigation" type="FAILURE">
<![CDATA[  [Mobile Safari] › auth.spec.ts:120:3 › Navigation and Routing › should handle browser back/forward navigation 

    Test timeout of 30000ms exceeded.

    Error: page.click: Test timeout of 30000ms exceeded.
    Call log:
      - waiting for locator('[data-testid="nav-products"]')


      122 |     await page.click('button[type="submit"]');
      123 |     
    > 124 |     await page.click('[data-testid="nav-products"]');
          |                ^
      125 |     await page.click('[data-testid="nav-sales"]');
      126 |     
      127 |     // Go back
        at /home/casio699/projects/kits-Aio/Kitsaiobusinessterminal/tests/e2e/auth.spec.ts:124:16

    attachment #1: screenshot (image/png) ──────────────────────────────────────────────────────────
    ../../test-results/auth-Navigation-and-Routin-70bdb-ser-back-forward-navigation-Mobile-Safari/test-failed-1.png
    ────────────────────────────────────────────────────────────────────────────────────────────────

    attachment #2: video (video/webm) ──────────────────────────────────────────────────────────────
    ../../test-results/auth-Navigation-and-Routin-70bdb-ser-back-forward-navigation-Mobile-Safari/video.webm
    ────────────────────────────────────────────────────────────────────────────────────────────────

    Error Context: ../../test-results/auth-Navigation-and-Routin-70bdb-ser-back-forward-navigation-Mobile-Safari/error-context.md
]]>
</failure>
<system-out>
<![CDATA[
[[ATTACHMENT|auth-Navigation-and-Routin-70bdb-ser-back-forward-navigation-Mobile-Safari/test-failed-1.png]]

[[ATTACHMENT|auth-Navigation-and-Routin-70bdb-ser-back-forward-navigation-Mobile-Safari/video.webm]]

[[ATTACHMENT|auth-Navigation-and-Routin-70bdb-ser-back-forward-navigation-Mobile-Safari/error-context.md]]
]]>
</system-out>
</testcase>
<testcase name="Responsive Design › should work on mobile devices" classname="auth.spec.ts" time="12.734">
<failure message="auth.spec.ts:141:3 should work on mobile devices" type="FAILURE">
<![CDATA[  [Mobile Safari] › auth.spec.ts:141:3 › Responsive Design › should work on mobile devices ─────────

    Error: expect(locator).toBeVisible() failed

    Locator: locator('[data-testid="mobile-menu-button"]')
    Expected: visible
    Timeout: 5000ms
    Error: element(s) not found

    Call log:
      - Expect "toBeVisible" with timeout 5000ms
      - waiting for locator('[data-testid="mobile-menu-button"]')


      153 |     
      154 |     // Should show mobile menu button
    > 155 |     await expect(page.locator('[data-testid="mobile-menu-button"]')).toBeVisible();
          |                                                                      ^
      156 |     
      157 |     // Open mobile menu
      158 |     await page.click('[data-testid="mobile-menu-button"]');
        at /home/casio699/projects/kits-Aio/Kitsaiobusinessterminal/tests/e2e/auth.spec.ts:155:70

    attachment #1: screenshot (image/png) ──────────────────────────────────────────────────────────
    ../../test-results/auth-Responsive-Design-should-work-on-mobile-devices-Mobile-Safari/test-failed-1.png
    ────────────────────────────────────────────────────────────────────────────────────────────────

    attachment #2: video (video/webm) ──────────────────────────────────────────────────────────────
    ../../test-results/auth-Responsive-Design-should-work-on-mobile-devices-Mobile-Safari/video.webm
    ────────────────────────────────────────────────────────────────────────────────────────────────

    Error Context: ../../test-results/auth-Responsive-Design-should-work-on-mobile-devices-Mobile-Safari/error-context.md
]]>
</failure>
<system-out>
<![CDATA[
[[ATTACHMENT|auth-Responsive-Design-should-work-on-mobile-devices-Mobile-Safari/test-failed-1.png]]

[[ATTACHMENT|auth-Responsive-Design-should-work-on-mobile-devices-Mobile-Safari/video.webm]]

[[ATTACHMENT|auth-Responsive-Design-should-work-on-mobile-devices-Mobile-Safari/error-context.md]]
]]>
</system-out>
</testcase>
<testcase name="Responsive Design › should work on tablet devices" classname="auth.spec.ts" time="14.383">
<failure message="auth.spec.ts:168:3 should work on tablet devices" type="FAILURE">
<![CDATA[  [Mobile Safari] › auth.spec.ts:168:3 › Responsive Design › should work on tablet devices ─────────

    Error: expect(locator).toBeVisible() failed

    Locator: locator('[data-testid="sidebar"]')
    Expected: visible
    Timeout: 5000ms
    Error: element(s) not found

    Call log:
      - Expect "toBeVisible" with timeout 5000ms
      - waiting for locator('[data-testid="sidebar"]')


      170 |     
      171 |     // Should show tablet-optimized layout
    > 172 |     await expect(page.locator('[data-testid="sidebar"]')).toBeVisible();
          |                                                           ^
      173 |     await expect(page.locator('[data-testid="main-content"]')).toBeVisible();
      174 |   });
      175 | });
        at /home/casio699/projects/kits-Aio/Kitsaiobusinessterminal/tests/e2e/auth.spec.ts:172:59

    attachment #1: screenshot (image/png) ──────────────────────────────────────────────────────────
    ../../test-results/auth-Responsive-Design-should-work-on-tablet-devices-Mobile-Safari/test-failed-1.png
    ────────────────────────────────────────────────────────────────────────────────────────────────

    attachment #2: video (video/webm) ──────────────────────────────────────────────────────────────
    ../../test-results/auth-Responsive-Design-should-work-on-tablet-devices-Mobile-Safari/video.webm
    ────────────────────────────────────────────────────────────────────────────────────────────────

    Error Context: ../../test-results/auth-Responsive-Design-should-work-on-tablet-devices-Mobile-Safari/error-context.md
]]>
</failure>
<system-out>
<![CDATA[
[[ATTACHMENT|auth-Responsive-Design-should-work-on-tablet-devices-Mobile-Safari/test-failed-1.png]]

[[ATTACHMENT|auth-Responsive-Design-should-work-on-tablet-devices-Mobile-Safari/video.webm]]

[[ATTACHMENT|auth-Responsive-Design-should-work-on-tablet-devices-Mobile-Safari/error-context.md]]
]]>
</system-out>
</testcase>
<testcase name="Accessibility › should have proper heading hierarchy" classname="auth.spec.ts" time="5.221">
</testcase>
<testcase name="Accessibility › should support keyboard navigation" classname="auth.spec.ts" time="9.664">
<failure message="auth.spec.ts:201:3 should support keyboard navigation" type="FAILURE">
<![CDATA[  [Mobile Safari] › auth.spec.ts:201:3 › Accessibility › should support keyboard navigation ────────

    Error: expect(locator).toBeVisible() failed

    Locator: locator('input[type="email"]:focus')
    Expected: visible
    Timeout: 5000ms
    Error: element(s) not found

    Call log:
      - Expect "toBeVisible" with timeout 5000ms
      - waiting for locator('input[type="email"]:focus')


      194 |     // Tab through form elements
      195 |     await page.keyboard.press('Tab');
    > 196 |     await expect(page.locator('input[type="email"]:focus')).toBeVisible();
          |                                                             ^
      197 |     
      198 |     await page.keyboard.press('Tab');
      199 |     await expect(page.locator('input[type="password"]:focus')).toBeVisible();
        at /home/casio699/projects/kits-Aio/Kitsaiobusinessterminal/tests/e2e/auth.spec.ts:196:61

    attachment #1: screenshot (image/png) ──────────────────────────────────────────────────────────
    ../../test-results/auth-Accessibility-should-support-keyboard-navigation-Mobile-Safari/test-failed-1.png
    ────────────────────────────────────────────────────────────────────────────────────────────────

    attachment #2: video (video/webm) ──────────────────────────────────────────────────────────────
    ../../test-results/auth-Accessibility-should-support-keyboard-navigation-Mobile-Safari/video.webm
    ────────────────────────────────────────────────────────────────────────────────────────────────

    Error Context: ../../test-results/auth-Accessibility-should-support-keyboard-navigation-Mobile-Safari/error-context.md
]]>
</failure>
<system-out>
<![CDATA[
[[ATTACHMENT|auth-Accessibility-should-support-keyboard-navigation-Mobile-Safari/test-failed-1.png]]

[[ATTACHMENT|auth-Accessibility-should-support-keyboard-navigation-Mobile-Safari/video.webm]]

[[ATTACHMENT|auth-Accessibility-should-support-keyboard-navigation-Mobile-Safari/error-context.md]]
]]>
</system-out>
</testcase>
<testcase name="Accessibility › should have proper ARIA labels" classname="auth.spec.ts" time="9.044">
<failure message="auth.spec.ts:220:3 should have proper ARIA labels" type="FAILURE">
<![CDATA[  [Mobile Safari] › auth.spec.ts:220:3 › Accessibility › should have proper ARIA labels ────────────

    Error: expect(locator).toBeVisible() failed

    Locator: locator('label[for="email"]')
    Expected: visible
    Timeout: 5000ms
    Error: element(s) not found

    Call log:
      - Expect "toBeVisible" with timeout 5000ms
      - waiting for locator('label[for="email"]')


      213 |     
      214 |     // Check form labels
    > 215 |     await expect(page.locator('label[for="email"]')).toBeVisible();
          |                                                      ^
      216 |     await expect(page.locator('label[for="password"]')).toBeVisible();
      217 |     
      218 |     // Check button aria labels
        at /home/casio699/projects/kits-Aio/Kitsaiobusinessterminal/tests/e2e/auth.spec.ts:215:54

    attachment #1: screenshot (image/png) ──────────────────────────────────────────────────────────
    ../../test-results/auth-Accessibility-should-have-proper-ARIA-labels-Mobile-Safari/test-failed-1.png
    ────────────────────────────────────────────────────────────────────────────────────────────────

    attachment #2: video (video/webm) ──────────────────────────────────────────────────────────────
    ../../test-results/auth-Accessibility-should-have-proper-ARIA-labels-Mobile-Safari/video.webm
    ────────────────────────────────────────────────────────────────────────────────────────────────

    Error Context: ../../test-results/auth-Accessibility-should-have-proper-ARIA-labels-Mobile-Safari/error-context.md
]]>
</failure>
<system-out>
<![CDATA[
[[ATTACHMENT|auth-Accessibility-should-have-proper-ARIA-labels-Mobile-Safari/test-failed-1.png]]

[[ATTACHMENT|auth-Accessibility-should-have-proper-ARIA-labels-Mobile-Safari/video.webm]]

[[ATTACHMENT|auth-Accessibility-should-have-proper-ARIA-labels-Mobile-Safari/error-context.md]]
]]>
</system-out>
</testcase>
</testsuite>
<testsuite name="dashboard.spec.ts" timestamp="2025-12-27T22:32:02.477Z" hostname="Mobile Safari" tests="14" failures="14" skipped="0" time="367.664" errors="0">
<testcase name="Dashboard Functionality › should display dashboard overview" classname="dashboard.spec.ts" time="12.606">
<failure message="dashboard.spec.ts:13:3 should display dashboard overview" type="FAILURE">
<![CDATA[  [Mobile Safari] › dashboard.spec.ts:13:3 › Dashboard Functionality › should display dashboard overview 

    Error: expect(page).toHaveURL(expected) failed

    Expected: "http://localhost:3000/dashboard"
    Received: "http://localhost:3000/login"
    Timeout:  5000ms

    Call log:
      - Expect "toHaveURL" with timeout 5000ms
        8 × unexpected value "http://localhost:3000/login"


       8 |     await page.fill('input[type="password"]', 'password123');
       9 |     await page.click('button[type="submit"]');
    > 10 |     await expect(page).toHaveURL('/dashboard');
         |                        ^
      11 |   });
      12 |
      13 |   test('should display dashboard overview', async ({ page }) => {
        at /home/casio699/projects/kits-Aio/Kitsaiobusinessterminal/tests/e2e/dashboard.spec.ts:10:24

    attachment #1: screenshot (image/png) ──────────────────────────────────────────────────────────
    ../../test-results/dashboard-Dashboard-Functi-be60c--display-dashboard-overview-Mobile-Safari/test-failed-1.png
    ────────────────────────────────────────────────────────────────────────────────────────────────

    attachment #2: video (video/webm) ──────────────────────────────────────────────────────────────
    ../../test-results/dashboard-Dashboard-Functi-be60c--display-dashboard-overview-Mobile-Safari/video.webm
    ────────────────────────────────────────────────────────────────────────────────────────────────

    Error Context: ../../test-results/dashboard-Dashboard-Functi-be60c--display-dashboard-overview-Mobile-Safari/error-context.md
]]>
</failure>
<system-out>
<![CDATA[
[[ATTACHMENT|dashboard-Dashboard-Functi-be60c--display-dashboard-overview-Mobile-Safari/test-failed-1.png]]

[[ATTACHMENT|dashboard-Dashboard-Functi-be60c--display-dashboard-overview-Mobile-Safari/video.webm]]

[[ATTACHMENT|dashboard-Dashboard-Functi-be60c--display-dashboard-overview-Mobile-Safari/error-context.md]]
]]>
</system-out>
</testcase>
<testcase name="Dashboard Functionality › should show recent activity" classname="dashboard.spec.ts" time="11.804">
<failure message="dashboard.spec.ts:29:3 should show recent activity" type="FAILURE">
<![CDATA[  [Mobile Safari] › dashboard.spec.ts:29:3 › Dashboard Functionality › should show recent activity ─

    Error: expect(page).toHaveURL(expected) failed

    Expected: "http://localhost:3000/dashboard"
    Received: "http://localhost:3000/login"
    Timeout:  5000ms

    Call log:
      - Expect "toHaveURL" with timeout 5000ms
        8 × unexpected value "http://localhost:3000/login"


       8 |     await page.fill('input[type="password"]', 'password123');
       9 |     await page.click('button[type="submit"]');
    > 10 |     await expect(page).toHaveURL('/dashboard');
         |                        ^
      11 |   });
      12 |
      13 |   test('should display dashboard overview', async ({ page }) => {
        at /home/casio699/projects/kits-Aio/Kitsaiobusinessterminal/tests/e2e/dashboard.spec.ts:10:24

    attachment #1: screenshot (image/png) ──────────────────────────────────────────────────────────
    ../../test-results/dashboard-Dashboard-Functi-1fb42-should-show-recent-activity-Mobile-Safari/test-failed-1.png
    ────────────────────────────────────────────────────────────────────────────────────────────────

    attachment #2: video (video/webm) ──────────────────────────────────────────────────────────────
    ../../test-results/dashboard-Dashboard-Functi-1fb42-should-show-recent-activity-Mobile-Safari/video.webm
    ────────────────────────────────────────────────────────────────────────────────────────────────

    Error Context: ../../test-results/dashboard-Dashboard-Functi-1fb42-should-show-recent-activity-Mobile-Safari/error-context.md
]]>
</failure>
<system-out>
<![CDATA[
[[ATTACHMENT|dashboard-Dashboard-Functi-1fb42-should-show-recent-activity-Mobile-Safari/test-failed-1.png]]

[[ATTACHMENT|dashboard-Dashboard-Functi-1fb42-should-show-recent-activity-Mobile-Safari/video.webm]]

[[ATTACHMENT|dashboard-Dashboard-Functi-1fb42-should-show-recent-activity-Mobile-Safari/error-context.md]]
]]>
</system-out>
</testcase>
<testcase name="Dashboard Functionality › should handle date range filtering" classname="dashboard.spec.ts" time="13.489">
<failure message="dashboard.spec.ts:43:3 should handle date range filtering" type="FAILURE">
<![CDATA[  [Mobile Safari] › dashboard.spec.ts:43:3 › Dashboard Functionality › should handle date range filtering 

    Error: expect(page).toHaveURL(expected) failed

    Expected: "http://localhost:3000/dashboard"
    Received: "http://localhost:3000/login"
    Timeout:  5000ms

    Call log:
      - Expect "toHaveURL" with timeout 5000ms
        8 × unexpected value "http://localhost:3000/login"


       8 |     await page.fill('input[type="password"]', 'password123');
       9 |     await page.click('button[type="submit"]');
    > 10 |     await expect(page).toHaveURL('/dashboard');
         |                        ^
      11 |   });
      12 |
      13 |   test('should display dashboard overview', async ({ page }) => {
        at /home/casio699/projects/kits-Aio/Kitsaiobusinessterminal/tests/e2e/dashboard.spec.ts:10:24

    attachment #1: screenshot (image/png) ──────────────────────────────────────────────────────────
    ../../test-results/dashboard-Dashboard-Functi-c6a46-handle-date-range-filtering-Mobile-Safari/test-failed-1.png
    ────────────────────────────────────────────────────────────────────────────────────────────────

    attachment #2: video (video/webm) ──────────────────────────────────────────────────────────────
    ../../test-results/dashboard-Dashboard-Functi-c6a46-handle-date-range-filtering-Mobile-Safari/video.webm
    ────────────────────────────────────────────────────────────────────────────────────────────────

    Error Context: ../../test-results/dashboard-Dashboard-Functi-c6a46-handle-date-range-filtering-Mobile-Safari/error-context.md
]]>
</failure>
<system-out>
<![CDATA[
[[ATTACHMENT|dashboard-Dashboard-Functi-c6a46-handle-date-range-filtering-Mobile-Safari/test-failed-1.png]]

[[ATTACHMENT|dashboard-Dashboard-Functi-c6a46-handle-date-range-filtering-Mobile-Safari/video.webm]]

[[ATTACHMENT|dashboard-Dashboard-Functi-c6a46-handle-date-range-filtering-Mobile-Safari/error-context.md]]
]]>
</system-out>
</testcase>
<testcase name="Dashboard Functionality › should handle real-time updates" classname="dashboard.spec.ts" time="12.606">
<failure message="dashboard.spec.ts:62:3 should handle real-time updates" type="FAILURE">
<![CDATA[  [Mobile Safari] › dashboard.spec.ts:62:3 › Dashboard Functionality › should handle real-time updates 

    Error: expect(page).toHaveURL(expected) failed

    Expected: "http://localhost:3000/dashboard"
    Received: "http://localhost:3000/login"
    Timeout:  5000ms

    Call log:
      - Expect "toHaveURL" with timeout 5000ms
        8 × unexpected value "http://localhost:3000/login"


       8 |     await page.fill('input[type="password"]', 'password123');
       9 |     await page.click('button[type="submit"]');
    > 10 |     await expect(page).toHaveURL('/dashboard');
         |                        ^
      11 |   });
      12 |
      13 |   test('should display dashboard overview', async ({ page }) => {
        at /home/casio699/projects/kits-Aio/Kitsaiobusinessterminal/tests/e2e/dashboard.spec.ts:10:24

    attachment #1: screenshot (image/png) ──────────────────────────────────────────────────────────
    ../../test-results/dashboard-Dashboard-Functi-fd3c8-ld-handle-real-time-updates-Mobile-Safari/test-failed-1.png
    ────────────────────────────────────────────────────────────────────────────────────────────────

    attachment #2: video (video/webm) ──────────────────────────────────────────────────────────────
    ../../test-results/dashboard-Dashboard-Functi-fd3c8-ld-handle-real-time-updates-Mobile-Safari/video.webm
    ────────────────────────────────────────────────────────────────────────────────────────────────

    Error Context: ../../test-results/dashboard-Dashboard-Functi-fd3c8-ld-handle-real-time-updates-Mobile-Safari/error-context.md
]]>
</failure>
<system-out>
<![CDATA[
[[ATTACHMENT|dashboard-Dashboard-Functi-fd3c8-ld-handle-real-time-updates-Mobile-Safari/test-failed-1.png]]

[[ATTACHMENT|dashboard-Dashboard-Functi-fd3c8-ld-handle-real-time-updates-Mobile-Safari/video.webm]]

[[ATTACHMENT|dashboard-Dashboard-Functi-fd3c8-ld-handle-real-time-updates-Mobile-Safari/error-context.md]]
]]>
</system-out>
</testcase>
<testcase name="Products Management › should display products list" classname="dashboard.spec.ts" time="32.006">
<failure message="dashboard.spec.ts:100:3 should display products list" type="FAILURE">
<![CDATA[  [Mobile Safari] › dashboard.spec.ts:100:3 › Products Management › should display products list ───

    Test timeout of 30000ms exceeded while running "beforeEach" hook.

      73 |
      74 | test.describe('Products Management', () => {
    > 75 |   test.beforeEach(async ({ page }) => {
         |        ^
      76 |     // Login and navigate to products
      77 |     await page.goto('/login');
      78 |     await page.fill('input[type="email"]', 'test@example.com');
        at /home/casio699/projects/kits-Aio/Kitsaiobusinessterminal/tests/e2e/dashboard.spec.ts:75:8

    Error: page.click: Test timeout of 30000ms exceeded.
    Call log:
      - waiting for locator('[data-testid="nav-products"]')


      79 |     await page.fill('input[type="password"]', 'password123');
      80 |     await page.click('button[type="submit"]');
    > 81 |     await page.click('[data-testid="nav-products"]');
         |                ^
      82 |     await expect(page).toHaveURL('/products');
      83 |   });
      84 |
        at /home/casio699/projects/kits-Aio/Kitsaiobusinessterminal/tests/e2e/dashboard.spec.ts:81:16

    attachment #1: screenshot (image/png) ──────────────────────────────────────────────────────────
    ../../test-results/dashboard-Products-Management-should-display-products-list-Mobile-Safari/test-failed-1.png
    ────────────────────────────────────────────────────────────────────────────────────────────────

    attachment #2: video (video/webm) ──────────────────────────────────────────────────────────────
    ../../test-results/dashboard-Products-Management-should-display-products-list-Mobile-Safari/video.webm
    ────────────────────────────────────────────────────────────────────────────────────────────────

    Error Context: ../../test-results/dashboard-Products-Management-should-display-products-list-Mobile-Safari/error-context.md
]]>
</failure>
<system-out>
<![CDATA[
[[ATTACHMENT|dashboard-Products-Management-should-display-products-list-Mobile-Safari/test-failed-1.png]]

[[ATTACHMENT|dashboard-Products-Management-should-display-products-list-Mobile-Safari/video.webm]]

[[ATTACHMENT|dashboard-Products-Management-should-display-products-list-Mobile-Safari/error-context.md]]
]]>
</system-out>
</testcase>
<testcase name="Products Management › should handle product search" classname="dashboard.spec.ts" time="31.828">
<failure message="dashboard.spec.ts:118:3 should handle product search" type="FAILURE">
<![CDATA[  [Mobile Safari] › dashboard.spec.ts:118:3 › Products Management › should handle product search ───

    Test timeout of 30000ms exceeded while running "beforeEach" hook.

      73 |
      74 | test.describe('Products Management', () => {
    > 75 |   test.beforeEach(async ({ page }) => {
         |        ^
      76 |     // Login and navigate to products
      77 |     await page.goto('/login');
      78 |     await page.fill('input[type="email"]', 'test@example.com');
        at /home/casio699/projects/kits-Aio/Kitsaiobusinessterminal/tests/e2e/dashboard.spec.ts:75:8

    Error: page.click: Test timeout of 30000ms exceeded.
    Call log:
      - waiting for locator('[data-testid="nav-products"]')


      79 |     await page.fill('input[type="password"]', 'password123');
      80 |     await page.click('button[type="submit"]');
    > 81 |     await page.click('[data-testid="nav-products"]');
         |                ^
      82 |     await expect(page).toHaveURL('/products');
      83 |   });
      84 |
        at /home/casio699/projects/kits-Aio/Kitsaiobusinessterminal/tests/e2e/dashboard.spec.ts:81:16

    attachment #1: screenshot (image/png) ──────────────────────────────────────────────────────────
    ../../test-results/dashboard-Products-Management-should-handle-product-search-Mobile-Safari/test-failed-1.png
    ────────────────────────────────────────────────────────────────────────────────────────────────

    attachment #2: video (video/webm) ──────────────────────────────────────────────────────────────
    ../../test-results/dashboard-Products-Management-should-handle-product-search-Mobile-Safari/video.webm
    ────────────────────────────────────────────────────────────────────────────────────────────────

    Error Context: ../../test-results/dashboard-Products-Management-should-handle-product-search-Mobile-Safari/error-context.md
]]>
</failure>
<system-out>
<![CDATA[
[[ATTACHMENT|dashboard-Products-Management-should-handle-product-search-Mobile-Safari/test-failed-1.png]]

[[ATTACHMENT|dashboard-Products-Management-should-handle-product-search-Mobile-Safari/video.webm]]

[[ATTACHMENT|dashboard-Products-Management-should-handle-product-search-Mobile-Safari/error-context.md]]
]]>
</system-out>
</testcase>
<testcase name="Products Management › should handle product creation" classname="dashboard.spec.ts" time="32.088">
<failure message="dashboard.spec.ts:140:3 should handle product creation" type="FAILURE">
<![CDATA[  [Mobile Safari] › dashboard.spec.ts:140:3 › Products Management › should handle product creation ─

    Test timeout of 30000ms exceeded while running "beforeEach" hook.

      73 |
      74 | test.describe('Products Management', () => {
    > 75 |   test.beforeEach(async ({ page }) => {
         |        ^
      76 |     // Login and navigate to products
      77 |     await page.goto('/login');
      78 |     await page.fill('input[type="email"]', 'test@example.com');
        at /home/casio699/projects/kits-Aio/Kitsaiobusinessterminal/tests/e2e/dashboard.spec.ts:75:8

    Error: page.click: Test timeout of 30000ms exceeded.
    Call log:
      - waiting for locator('[data-testid="nav-products"]')


      79 |     await page.fill('input[type="password"]', 'password123');
      80 |     await page.click('button[type="submit"]');
    > 81 |     await page.click('[data-testid="nav-products"]');
         |                ^
      82 |     await expect(page).toHaveURL('/products');
      83 |   });
      84 |
        at /home/casio699/projects/kits-Aio/Kitsaiobusinessterminal/tests/e2e/dashboard.spec.ts:81:16

    attachment #1: screenshot (image/png) ──────────────────────────────────────────────────────────
    ../../test-results/dashboard-Products-Management-should-handle-product-creation-Mobile-Safari/test-failed-1.png
    ────────────────────────────────────────────────────────────────────────────────────────────────

    attachment #2: video (video/webm) ──────────────────────────────────────────────────────────────
    ../../test-results/dashboard-Products-Management-should-handle-product-creation-Mobile-Safari/video.webm
    ────────────────────────────────────────────────────────────────────────────────────────────────

    Error Context: ../../test-results/dashboard-Products-Management-should-handle-product-creation-Mobile-Safari/error-context.md
]]>
</failure>
<system-out>
<![CDATA[
[[ATTACHMENT|dashboard-Products-Management-should-handle-product-creation-Mobile-Safari/test-failed-1.png]]

[[ATTACHMENT|dashboard-Products-Management-should-handle-product-creation-Mobile-Safari/video.webm]]

[[ATTACHMENT|dashboard-Products-Management-should-handle-product-creation-Mobile-Safari/error-context.md]]
]]>
</system-out>
</testcase>
<testcase name="Products Management › should handle product editing" classname="dashboard.spec.ts" time="32.294">
<failure message="dashboard.spec.ts:165:3 should handle product editing" type="FAILURE">
<![CDATA[  [Mobile Safari] › dashboard.spec.ts:165:3 › Products Management › should handle product editing ──

    Test timeout of 30000ms exceeded while running "beforeEach" hook.

      73 |
      74 | test.describe('Products Management', () => {
    > 75 |   test.beforeEach(async ({ page }) => {
         |        ^
      76 |     // Login and navigate to products
      77 |     await page.goto('/login');
      78 |     await page.fill('input[type="email"]', 'test@example.com');
        at /home/casio699/projects/kits-Aio/Kitsaiobusinessterminal/tests/e2e/dashboard.spec.ts:75:8

    Error: page.click: Test timeout of 30000ms exceeded.
    Call log:
      - waiting for locator('[data-testid="nav-products"]')


      79 |     await page.fill('input[type="password"]', 'password123');
      80 |     await page.click('button[type="submit"]');
    > 81 |     await page.click('[data-testid="nav-products"]');
         |                ^
      82 |     await expect(page).toHaveURL('/products');
      83 |   });
      84 |
        at /home/casio699/projects/kits-Aio/Kitsaiobusinessterminal/tests/e2e/dashboard.spec.ts:81:16

    attachment #1: screenshot (image/png) ──────────────────────────────────────────────────────────
    ../../test-results/dashboard-Products-Management-should-handle-product-editing-Mobile-Safari/test-failed-1.png
    ────────────────────────────────────────────────────────────────────────────────────────────────

    attachment #2: video (video/webm) ──────────────────────────────────────────────────────────────
    ../../test-results/dashboard-Products-Management-should-handle-product-editing-Mobile-Safari/video.webm
    ────────────────────────────────────────────────────────────────────────────────────────────────

    Error Context: ../../test-results/dashboard-Products-Management-should-handle-product-editing-Mobile-Safari/error-context.md
]]>
</failure>
<system-out>
<![CDATA[
[[ATTACHMENT|dashboard-Products-Management-should-handle-product-editing-Mobile-Safari/test-failed-1.png]]

[[ATTACHMENT|dashboard-Products-Management-should-handle-product-editing-Mobile-Safari/video.webm]]

[[ATTACHMENT|dashboard-Products-Management-should-handle-product-editing-Mobile-Safari/error-context.md]]
]]>
</system-out>
</testcase>
<testcase name="Products Management › should handle product deletion" classname="dashboard.spec.ts" time="32.06">
<failure message="dashboard.spec.ts:184:3 should handle product deletion" type="FAILURE">
<![CDATA[  [Mobile Safari] › dashboard.spec.ts:184:3 › Products Management › should handle product deletion ─

    Test timeout of 30000ms exceeded while running "beforeEach" hook.

      73 |
      74 | test.describe('Products Management', () => {
    > 75 |   test.beforeEach(async ({ page }) => {
         |        ^
      76 |     // Login and navigate to products
      77 |     await page.goto('/login');
      78 |     await page.fill('input[type="email"]', 'test@example.com');
        at /home/casio699/projects/kits-Aio/Kitsaiobusinessterminal/tests/e2e/dashboard.spec.ts:75:8

    Error: page.click: Test timeout of 30000ms exceeded.
    Call log:
      - waiting for locator('[data-testid="nav-products"]')


      79 |     await page.fill('input[type="password"]', 'password123');
      80 |     await page.click('button[type="submit"]');
    > 81 |     await page.click('[data-testid="nav-products"]');
         |                ^
      82 |     await expect(page).toHaveURL('/products');
      83 |   });
      84 |
        at /home/casio699/projects/kits-Aio/Kitsaiobusinessterminal/tests/e2e/dashboard.spec.ts:81:16

    attachment #1: screenshot (image/png) ──────────────────────────────────────────────────────────
    ../../test-results/dashboard-Products-Management-should-handle-product-deletion-Mobile-Safari/test-failed-1.png
    ────────────────────────────────────────────────────────────────────────────────────────────────

    attachment #2: video (video/webm) ──────────────────────────────────────────────────────────────
    ../../test-results/dashboard-Products-Management-should-handle-product-deletion-Mobile-Safari/video.webm
    ────────────────────────────────────────────────────────────────────────────────────────────────

    Error Context: ../../test-results/dashboard-Products-Management-should-handle-product-deletion-Mobile-Safari/error-context.md
]]>
</failure>
<system-out>
<![CDATA[
[[ATTACHMENT|dashboard-Products-Management-should-handle-product-deletion-Mobile-Safari/test-failed-1.png]]

[[ATTACHMENT|dashboard-Products-Management-should-handle-product-deletion-Mobile-Safari/video.webm]]

[[ATTACHMENT|dashboard-Products-Management-should-handle-product-deletion-Mobile-Safari/error-context.md]]
]]>
</system-out>
</testcase>
<testcase name="Sales Management › should display sales list" classname="dashboard.spec.ts" time="32.043">
<failure message="dashboard.spec.ts:220:3 should display sales list" type="FAILURE">
<![CDATA[  [Mobile Safari] › dashboard.spec.ts:220:3 › Sales Management › should display sales list ─────────

    Test timeout of 30000ms exceeded while running "beforeEach" hook.

      185 |
      186 | test.describe('Sales Management', () => {
    > 187 |   test.beforeEach(async ({ page }) => {
          |        ^
      188 |     // Login and navigate to sales
      189 |     await page.goto('/login');
      190 |     await page.fill('input[type="email"]', 'test@example.com');
        at /home/casio699/projects/kits-Aio/Kitsaiobusinessterminal/tests/e2e/dashboard.spec.ts:187:8

    Error: page.click: Test timeout of 30000ms exceeded.
    Call log:
      - waiting for locator('[data-testid="nav-sales"]')


      191 |     await page.fill('input[type="password"]', 'password123');
      192 |     await page.click('button[type="submit"]');
    > 193 |     await page.click('[data-testid="nav-sales"]');
          |                ^
      194 |     await expect(page).toHaveURL('/sales');
      195 |   });
      196 |
        at /home/casio699/projects/kits-Aio/Kitsaiobusinessterminal/tests/e2e/dashboard.spec.ts:193:16

    attachment #1: screenshot (image/png) ──────────────────────────────────────────────────────────
    ../../test-results/dashboard-Sales-Management-should-display-sales-list-Mobile-Safari/test-failed-1.png
    ────────────────────────────────────────────────────────────────────────────────────────────────

    attachment #2: video (video/webm) ──────────────────────────────────────────────────────────────
    ../../test-results/dashboard-Sales-Management-should-display-sales-list-Mobile-Safari/video.webm
    ────────────────────────────────────────────────────────────────────────────────────────────────

    Error Context: ../../test-results/dashboard-Sales-Management-should-display-sales-list-Mobile-Safari/error-context.md
]]>
</failure>
<system-out>
<![CDATA[
[[ATTACHMENT|dashboard-Sales-Management-should-display-sales-list-Mobile-Safari/test-failed-1.png]]

[[ATTACHMENT|dashboard-Sales-Management-should-display-sales-list-Mobile-Safari/video.webm]]

[[ATTACHMENT|dashboard-Sales-Management-should-display-sales-list-Mobile-Safari/error-context.md]]
]]>
</system-out>
</testcase>
<testcase name="Sales Management › should handle sale creation" classname="dashboard.spec.ts" time="31.979">
<failure message="dashboard.spec.ts:239:3 should handle sale creation" type="FAILURE">
<![CDATA[  [Mobile Safari] › dashboard.spec.ts:239:3 › Sales Management › should handle sale creation ───────

    Test timeout of 30000ms exceeded while running "beforeEach" hook.

      185 |
      186 | test.describe('Sales Management', () => {
    > 187 |   test.beforeEach(async ({ page }) => {
          |        ^
      188 |     // Login and navigate to sales
      189 |     await page.goto('/login');
      190 |     await page.fill('input[type="email"]', 'test@example.com');
        at /home/casio699/projects/kits-Aio/Kitsaiobusinessterminal/tests/e2e/dashboard.spec.ts:187:8

    Error: page.click: Test timeout of 30000ms exceeded.
    Call log:
      - waiting for locator('[data-testid="nav-sales"]')


      191 |     await page.fill('input[type="password"]', 'password123');
      192 |     await page.click('button[type="submit"]');
    > 193 |     await page.click('[data-testid="nav-sales"]');
          |                ^
      194 |     await expect(page).toHaveURL('/sales');
      195 |   });
      196 |
        at /home/casio699/projects/kits-Aio/Kitsaiobusinessterminal/tests/e2e/dashboard.spec.ts:193:16

    attachment #1: screenshot (image/png) ──────────────────────────────────────────────────────────
    ../../test-results/dashboard-Sales-Management-should-handle-sale-creation-Mobile-Safari/test-failed-1.png
    ────────────────────────────────────────────────────────────────────────────────────────────────

    attachment #2: video (video/webm) ──────────────────────────────────────────────────────────────
    ../../test-results/dashboard-Sales-Management-should-handle-sale-creation-Mobile-Safari/video.webm
    ────────────────────────────────────────────────────────────────────────────────────────────────

    Error Context: ../../test-results/dashboard-Sales-Management-should-handle-sale-creation-Mobile-Safari/error-context.md
]]>
</failure>
<system-out>
<![CDATA[
[[ATTACHMENT|dashboard-Sales-Management-should-handle-sale-creation-Mobile-Safari/test-failed-1.png]]

[[ATTACHMENT|dashboard-Sales-Management-should-handle-sale-creation-Mobile-Safari/video.webm]]

[[ATTACHMENT|dashboard-Sales-Management-should-handle-sale-creation-Mobile-Safari/error-context.md]]
]]>
</system-out>
</testcase>
<testcase name="Sales Management › should handle sale filtering" classname="dashboard.spec.ts" time="32.079">
<failure message="dashboard.spec.ts:263:3 should handle sale filtering" type="FAILURE">
<![CDATA[  [Mobile Safari] › dashboard.spec.ts:263:3 › Sales Management › should handle sale filtering ──────

    Test timeout of 30000ms exceeded while running "beforeEach" hook.

      185 |
      186 | test.describe('Sales Management', () => {
    > 187 |   test.beforeEach(async ({ page }) => {
          |        ^
      188 |     // Login and navigate to sales
      189 |     await page.goto('/login');
      190 |     await page.fill('input[type="email"]', 'test@example.com');
        at /home/casio699/projects/kits-Aio/Kitsaiobusinessterminal/tests/e2e/dashboard.spec.ts:187:8

    Error: page.click: Test timeout of 30000ms exceeded.
    Call log:
      - waiting for locator('[data-testid="nav-sales"]')


      191 |     await page.fill('input[type="password"]', 'password123');
      192 |     await page.click('button[type="submit"]');
    > 193 |     await page.click('[data-testid="nav-sales"]');
          |                ^
      194 |     await expect(page).toHaveURL('/sales');
      195 |   });
      196 |
        at /home/casio699/projects/kits-Aio/Kitsaiobusinessterminal/tests/e2e/dashboard.spec.ts:193:16

    attachment #1: screenshot (image/png) ──────────────────────────────────────────────────────────
    ../../test-results/dashboard-Sales-Management-should-handle-sale-filtering-Mobile-Safari/test-failed-1.png
    ────────────────────────────────────────────────────────────────────────────────────────────────

    attachment #2: video (video/webm) ──────────────────────────────────────────────────────────────
    ../../test-results/dashboard-Sales-Management-should-handle-sale-filtering-Mobile-Safari/video.webm
    ────────────────────────────────────────────────────────────────────────────────────────────────

    Error Context: ../../test-results/dashboard-Sales-Management-should-handle-sale-filtering-Mobile-Safari/error-context.md
]]>
</failure>
<system-out>
<![CDATA[
[[ATTACHMENT|dashboard-Sales-Management-should-handle-sale-filtering-Mobile-Safari/test-failed-1.png]]

[[ATTACHMENT|dashboard-Sales-Management-should-handle-sale-filtering-Mobile-Safari/video.webm]]

[[ATTACHMENT|dashboard-Sales-Management-should-handle-sale-filtering-Mobile-Safari/error-context.md]]
]]>
</system-out>
</testcase>
<testcase name="Performance Tests › should load dashboard within performance budget" classname="dashboard.spec.ts" time="30.297">
<failure message="dashboard.spec.ts:288:3 should load dashboard within performance budget" type="FAILURE">
<![CDATA[  [Mobile Safari] › dashboard.spec.ts:288:3 › Performance Tests › should load dashboard within performance budget 

    Test timeout of 30000ms exceeded.

    Error: page.waitForURL: Test timeout of 30000ms exceeded.
    =========================== logs ===========================
    waiting for navigation to "/dashboard" until "load"
    ============================================================

      268 |     
      269 |     // Wait for dashboard to load
    > 270 |     await page.waitForURL('/dashboard');
          |                ^
      271 |     await page.waitForSelector('[data-testid="total-revenue"]');
      272 |     
      273 |     const loadTime = Date.now() - startTime;
        at /home/casio699/projects/kits-Aio/Kitsaiobusinessterminal/tests/e2e/dashboard.spec.ts:270:16

    attachment #1: screenshot (image/png) ──────────────────────────────────────────────────────────
    ../../test-results/dashboard-Performance-Test-73039-d-within-performance-budget-Mobile-Safari/test-failed-1.png
    ────────────────────────────────────────────────────────────────────────────────────────────────

    attachment #2: video (video/webm) ──────────────────────────────────────────────────────────────
    ../../test-results/dashboard-Performance-Test-73039-d-within-performance-budget-Mobile-Safari/video.webm
    ────────────────────────────────────────────────────────────────────────────────────────────────

    Error Context: ../../test-results/dashboard-Performance-Test-73039-d-within-performance-budget-Mobile-Safari/error-context.md
]]>
</failure>
<system-out>
<![CDATA[
[[ATTACHMENT|dashboard-Performance-Test-73039-d-within-performance-budget-Mobile-Safari/test-failed-1.png]]

[[ATTACHMENT|dashboard-Performance-Test-73039-d-within-performance-budget-Mobile-Safari/video.webm]]

[[ATTACHMENT|dashboard-Performance-Test-73039-d-within-performance-budget-Mobile-Safari/error-context.md]]
]]>
</system-out>
</testcase>
<testcase name="Performance Tests › should handle large data sets efficiently" classname="dashboard.spec.ts" time="30.485">
<failure message="dashboard.spec.ts:306:3 should handle large data sets efficiently" type="FAILURE">
<![CDATA[  [Mobile Safari] › dashboard.spec.ts:306:3 › Performance Tests › should handle large data sets efficiently 

    Test timeout of 30000ms exceeded.

    Error: page.click: Test timeout of 30000ms exceeded.
    Call log:
      - waiting for locator('[data-testid="nav-products"]')


      283 |     await page.fill('input[type="password"]', 'password123');
      284 |     await page.click('button[type="submit"]');
    > 285 |     await page.click('[data-testid="nav-products"]');
          |                ^
      286 |     
      287 |     // Monitor performance during data loading
      288 |     const startTime = Date.now();
        at /home/casio699/projects/kits-Aio/Kitsaiobusinessterminal/tests/e2e/dashboard.spec.ts:285:16

    attachment #1: screenshot (image/png) ──────────────────────────────────────────────────────────
    ../../test-results/dashboard-Performance-Test-ff1ba-large-data-sets-efficiently-Mobile-Safari/test-failed-1.png
    ────────────────────────────────────────────────────────────────────────────────────────────────

    attachment #2: video (video/webm) ──────────────────────────────────────────────────────────────
    ../../test-results/dashboard-Performance-Test-ff1ba-large-data-sets-efficiently-Mobile-Safari/video.webm
    ────────────────────────────────────────────────────────────────────────────────────────────────

    Error Context: ../../test-results/dashboard-Performance-Test-ff1ba-large-data-sets-efficiently-Mobile-Safari/error-context.md
]]>
</failure>
<system-out>
<![CDATA[
[[ATTACHMENT|dashboard-Performance-Test-ff1ba-large-data-sets-efficiently-Mobile-Safari/test-failed-1.png]]

[[ATTACHMENT|dashboard-Performance-Test-ff1ba-large-data-sets-efficiently-Mobile-Safari/video.webm]]

[[ATTACHMENT|dashboard-Performance-Test-ff1ba-large-data-sets-efficiently-Mobile-Safari/error-context.md]]
]]>
</system-out>
</testcase>
</testsuite>
<testsuite name="visual.spec.ts" timestamp="2025-12-27T22:32:02.477Z" hostname="Mobile Safari" tests="10" failures="10" skipped="0" time="268.109" errors="0">
<testcase name="Visual Regression Tests › login page visual appearance" classname="visual.spec.ts" time="11.967">
<failure message="visual.spec.ts:12:3 login page visual appearance" type="FAILURE">
<![CDATA[  [Mobile Safari] › visual.spec.ts:12:3 › Visual Regression Tests › login page visual appearance ───

    Error: expect(page).toHaveScreenshot(expected) failed

    Timeout: 5000ms
      Timeout 5000ms exceeded.

      Snapshot: login-page.png

    Call log:
      - Expect "toHaveScreenshot(login-page.png)" with timeout 5000ms
        - generating new stable screenshot expectation
      - taking page screenshot
        - disabled all CSS animations
      - waiting for fonts to load...
      - fonts loaded
      - waiting 100ms before taking screenshot
      - Timeout 5000ms exceeded.


      14 |     
      15 |     // Take screenshot of login page
    > 16 |     await expect(page).toHaveScreenshot('login-page.png');
         |                        ^
      17 |   });
      18 |
      19 |   test('dashboard layout visual appearance', async ({ page }) => {
        at /home/casio699/projects/kits-Aio/Kitsaiobusinessterminal/tests/e2e/visual.spec.ts:16:24

    attachment #1: screenshot (image/png) ──────────────────────────────────────────────────────────
    ../../test-results/visual-Visual-Regression-Tests-login-page-visual-appearance-Mobile-Safari/test-failed-1.png
    ────────────────────────────────────────────────────────────────────────────────────────────────

    attachment #2: video (video/webm) ──────────────────────────────────────────────────────────────
    ../../test-results/visual-Visual-Regression-Tests-login-page-visual-appearance-Mobile-Safari/video.webm
    ────────────────────────────────────────────────────────────────────────────────────────────────

    Error Context: ../../test-results/visual-Visual-Regression-Tests-login-page-visual-appearance-Mobile-Safari/error-context.md
]]>
</failure>
<system-out>
<![CDATA[
[[ATTACHMENT|visual-Visual-Regression-Tests-login-page-visual-appearance-Mobile-Safari/test-failed-1.png]]

[[ATTACHMENT|visual-Visual-Regression-Tests-login-page-visual-appearance-Mobile-Safari/video.webm]]

[[ATTACHMENT|visual-Visual-Regression-Tests-login-page-visual-appearance-Mobile-Safari/error-context.md]]
]]>
</system-out>
</testcase>
<testcase name="Visual Regression Tests › dashboard layout visual appearance" classname="visual.spec.ts" time="31.217">
<failure message="visual.spec.ts:23:3 dashboard layout visual appearance" type="FAILURE">
<![CDATA[  [Mobile Safari] › visual.spec.ts:23:3 › Visual Regression Tests › dashboard layout visual appearance 

    Test timeout of 30000ms exceeded.

    Error: page.waitForURL: Test timeout of 30000ms exceeded.
    =========================== logs ===========================
    waiting for navigation to "/dashboard" until "load"
    ============================================================

      25 |     
      26 |     // Wait for dashboard to load
    > 27 |     await page.waitForURL('/dashboard');
         |                ^
      28 |     await page.waitForLoadState('networkidle');
      29 |     
      30 |     // Take screenshot of dashboard
        at /home/casio699/projects/kits-Aio/Kitsaiobusinessterminal/tests/e2e/visual.spec.ts:27:16

    attachment #1: screenshot (image/png) ──────────────────────────────────────────────────────────
    ../../test-results/visual-Visual-Regression-T-4b2bb-rd-layout-visual-appearance-Mobile-Safari/test-failed-1.png
    ────────────────────────────────────────────────────────────────────────────────────────────────

    attachment #2: video (video/webm) ──────────────────────────────────────────────────────────────
    ../../test-results/visual-Visual-Regression-T-4b2bb-rd-layout-visual-appearance-Mobile-Safari/video.webm
    ────────────────────────────────────────────────────────────────────────────────────────────────

    Error Context: ../../test-results/visual-Visual-Regression-T-4b2bb-rd-layout-visual-appearance-Mobile-Safari/error-context.md
]]>
</failure>
<system-out>
<![CDATA[
[[ATTACHMENT|visual-Visual-Regression-T-4b2bb-rd-layout-visual-appearance-Mobile-Safari/test-failed-1.png]]

[[ATTACHMENT|visual-Visual-Regression-T-4b2bb-rd-layout-visual-appearance-Mobile-Safari/video.webm]]

[[ATTACHMENT|visual-Visual-Regression-T-4b2bb-rd-layout-visual-appearance-Mobile-Safari/error-context.md]]
]]>
</system-out>
</testcase>
<testcase name="Visual Regression Tests › products page visual appearance" classname="visual.spec.ts" time="31.569">
<failure message="visual.spec.ts:39:3 products page visual appearance" type="FAILURE">
<![CDATA[  [Mobile Safari] › visual.spec.ts:39:3 › Visual Regression Tests › products page visual appearance 

    Test timeout of 30000ms exceeded.

    Error: page.waitForURL: Test timeout of 30000ms exceeded.
    =========================== logs ===========================
    waiting for navigation to "/dashboard" until "load"
    ============================================================

      38 |     await page.fill('input[type="password"]', 'password123');
      39 |     await page.click('button[type="submit"]');
    > 40 |     await page.waitForURL('/dashboard');
         |                ^
      41 |     
      42 |     await page.click('[data-testid="nav-products"]');
      43 |     await page.waitForURL('/products');
        at /home/casio699/projects/kits-Aio/Kitsaiobusinessterminal/tests/e2e/visual.spec.ts:40:16

    attachment #1: screenshot (image/png) ──────────────────────────────────────────────────────────
    ../../test-results/visual-Visual-Regression-T-fda59-ucts-page-visual-appearance-Mobile-Safari/test-failed-1.png
    ────────────────────────────────────────────────────────────────────────────────────────────────

    attachment #2: video (video/webm) ──────────────────────────────────────────────────────────────
    ../../test-results/visual-Visual-Regression-T-fda59-ucts-page-visual-appearance-Mobile-Safari/video.webm
    ────────────────────────────────────────────────────────────────────────────────────────────────

    Error Context: ../../test-results/visual-Visual-Regression-T-fda59-ucts-page-visual-appearance-Mobile-Safari/error-context.md
]]>
</failure>
<system-out>
<![CDATA[
[[ATTACHMENT|visual-Visual-Regression-T-fda59-ucts-page-visual-appearance-Mobile-Safari/test-failed-1.png]]

[[ATTACHMENT|visual-Visual-Regression-T-fda59-ucts-page-visual-appearance-Mobile-Safari/video.webm]]

[[ATTACHMENT|visual-Visual-Regression-T-fda59-ucts-page-visual-appearance-Mobile-Safari/error-context.md]]
]]>
</system-out>
</testcase>
<testcase name="Visual Regression Tests › tenant info component visual appearance" classname="visual.spec.ts" time="31.571">
<failure message="visual.spec.ts:55:3 tenant info component visual appearance" type="FAILURE">
<![CDATA[  [Mobile Safari] › visual.spec.ts:55:3 › Visual Regression Tests › tenant info component visual appearance 

    Test timeout of 30000ms exceeded.

    Error: page.waitForURL: Test timeout of 30000ms exceeded.
    =========================== logs ===========================
    waiting for navigation to "/dashboard" until "load"
    ============================================================

      54 |     await page.fill('input[type="password"]', 'password123');
      55 |     await page.click('button[type="submit"]');
    > 56 |     await page.waitForURL('/dashboard');
         |                ^
      57 |     
      58 |     // Wait for tenant info to load
      59 |     await page.waitForSelector('[data-testid="tenant-info"]');
        at /home/casio699/projects/kits-Aio/Kitsaiobusinessterminal/tests/e2e/visual.spec.ts:56:16

    attachment #1: screenshot (image/png) ──────────────────────────────────────────────────────────
    ../../test-results/visual-Visual-Regression-T-d1855-component-visual-appearance-Mobile-Safari/test-failed-1.png
    ────────────────────────────────────────────────────────────────────────────────────────────────

    attachment #2: video (video/webm) ──────────────────────────────────────────────────────────────
    ../../test-results/visual-Visual-Regression-T-d1855-component-visual-appearance-Mobile-Safari/video.webm
    ────────────────────────────────────────────────────────────────────────────────────────────────

    Error Context: ../../test-results/visual-Visual-Regression-T-d1855-component-visual-appearance-Mobile-Safari/error-context.md
]]>
</failure>
<system-out>
<![CDATA[
[[ATTACHMENT|visual-Visual-Regression-T-d1855-component-visual-appearance-Mobile-Safari/test-failed-1.png]]

[[ATTACHMENT|visual-Visual-Regression-T-d1855-component-visual-appearance-Mobile-Safari/video.webm]]

[[ATTACHMENT|visual-Visual-Regression-T-d1855-component-visual-appearance-Mobile-Safari/error-context.md]]
]]>
</system-out>
</testcase>
<testcase name="Visual Regression Tests › navigation sidebar visual appearance" classname="visual.spec.ts" time="31.738">
<failure message="visual.spec.ts:73:3 navigation sidebar visual appearance" type="FAILURE">
<![CDATA[  [Mobile Safari] › visual.spec.ts:73:3 › Visual Regression Tests › navigation sidebar visual appearance 

    Test timeout of 30000ms exceeded.

    Error: page.waitForURL: Test timeout of 30000ms exceeded.
    =========================== logs ===========================
    waiting for navigation to "/dashboard" until "load"
    ============================================================

      71 |     await page.fill('input[type="password"]', 'password123');
      72 |     await page.click('button[type="submit"]');
    > 73 |     await page.waitForURL('/dashboard');
         |                ^
      74 |     await page.waitForLoadState('networkidle');
      75 |     
      76 |     // Take screenshot of navigation sidebar
        at /home/casio699/projects/kits-Aio/Kitsaiobusinessterminal/tests/e2e/visual.spec.ts:73:16

    attachment #1: screenshot (image/png) ──────────────────────────────────────────────────────────
    ../../test-results/visual-Visual-Regression-T-58a0c-n-sidebar-visual-appearance-Mobile-Safari/test-failed-1.png
    ────────────────────────────────────────────────────────────────────────────────────────────────

    attachment #2: video (video/webm) ──────────────────────────────────────────────────────────────
    ../../test-results/visual-Visual-Regression-T-58a0c-n-sidebar-visual-appearance-Mobile-Safari/video.webm
    ────────────────────────────────────────────────────────────────────────────────────────────────

    Error Context: ../../test-results/visual-Visual-Regression-T-58a0c-n-sidebar-visual-appearance-Mobile-Safari/error-context.md
]]>
</failure>
<system-out>
<![CDATA[
[[ATTACHMENT|visual-Visual-Regression-T-58a0c-n-sidebar-visual-appearance-Mobile-Safari/test-failed-1.png]]

[[ATTACHMENT|visual-Visual-Regression-T-58a0c-n-sidebar-visual-appearance-Mobile-Safari/video.webm]]

[[ATTACHMENT|visual-Visual-Regression-T-58a0c-n-sidebar-visual-appearance-Mobile-Safari/error-context.md]]
]]>
</system-out>
</testcase>
<testcase name="Visual Regression Tests › forms visual appearance" classname="visual.spec.ts" time="32.02">
<failure message="visual.spec.ts:88:3 forms visual appearance" type="FAILURE">
<![CDATA[  [Mobile Safari] › visual.spec.ts:88:3 › Visual Regression Tests › forms visual appearance ────────

    Test timeout of 30000ms exceeded.

    Error: page.waitForURL: Test timeout of 30000ms exceeded.
    =========================== logs ===========================
    waiting for navigation to "/dashboard" until "load"
    ============================================================

      85 |     await page.fill('input[type="password"]', 'password123');
      86 |     await page.click('button[type="submit"]');
    > 87 |     await page.waitForURL('/dashboard');
         |                ^
      88 |     
      89 |     await page.click('[data-testid="nav-products"]');
      90 |     await page.waitForURL('/products');
        at /home/casio699/projects/kits-Aio/Kitsaiobusinessterminal/tests/e2e/visual.spec.ts:87:16

    attachment #1: screenshot (image/png) ──────────────────────────────────────────────────────────
    ../../test-results/visual-Visual-Regression-Tests-forms-visual-appearance-Mobile-Safari/test-failed-1.png
    ────────────────────────────────────────────────────────────────────────────────────────────────

    attachment #2: video (video/webm) ──────────────────────────────────────────────────────────────
    ../../test-results/visual-Visual-Regression-Tests-forms-visual-appearance-Mobile-Safari/video.webm
    ────────────────────────────────────────────────────────────────────────────────────────────────

    Error Context: ../../test-results/visual-Visual-Regression-Tests-forms-visual-appearance-Mobile-Safari/error-context.md
]]>
</failure>
<system-out>
<![CDATA[
[[ATTACHMENT|visual-Visual-Regression-Tests-forms-visual-appearance-Mobile-Safari/test-failed-1.png]]

[[ATTACHMENT|visual-Visual-Regression-Tests-forms-visual-appearance-Mobile-Safari/video.webm]]

[[ATTACHMENT|visual-Visual-Regression-Tests-forms-visual-appearance-Mobile-Safari/error-context.md]]
]]>
</system-out>
</testcase>
<testcase name="Visual Regression Tests › error states visual appearance" classname="visual.spec.ts" time="31.922">
<failure message="visual.spec.ts:108:3 error states visual appearance" type="FAILURE">
<![CDATA[  [Mobile Safari] › visual.spec.ts:108:3 › Visual Regression Tests › error states visual appearance 

    Test timeout of 30000ms exceeded.

    Error: page.click: Test timeout of 30000ms exceeded.
    Call log:
      - waiting for locator('button[type="submit"]')


      105 |     await page.fill('input[type="email"]', 'invalid@example.com');
      106 |     await page.fill('input[type="password"]', 'wrongpassword');
    > 107 |     await page.click('button[type="submit"]');
          |                ^
      108 |     
      109 |     // Wait for error message to appear
      110 |     await page.waitForSelector('[data-testid="error-message"]');
        at /home/casio699/projects/kits-Aio/Kitsaiobusinessterminal/tests/e2e/visual.spec.ts:107:16

    attachment #1: screenshot (image/png) ──────────────────────────────────────────────────────────
    ../../test-results/visual-Visual-Regression-T-2b356-or-states-visual-appearance-Mobile-Safari/test-failed-1.png
    ────────────────────────────────────────────────────────────────────────────────────────────────

    attachment #2: video (video/webm) ──────────────────────────────────────────────────────────────
    ../../test-results/visual-Visual-Regression-T-2b356-or-states-visual-appearance-Mobile-Safari/video.webm
    ────────────────────────────────────────────────────────────────────────────────────────────────

    Error Context: ../../test-results/visual-Visual-Regression-T-2b356-or-states-visual-appearance-Mobile-Safari/error-context.md
]]>
</failure>
<system-out>
<![CDATA[
[[ATTACHMENT|visual-Visual-Regression-T-2b356-or-states-visual-appearance-Mobile-Safari/test-failed-1.png]]

[[ATTACHMENT|visual-Visual-Regression-T-2b356-or-states-visual-appearance-Mobile-Safari/video.webm]]

[[ATTACHMENT|visual-Visual-Regression-T-2b356-or-states-visual-appearance-Mobile-Safari/error-context.md]]
]]>
</system-out>
</testcase>
<testcase name="Visual Regression Tests › loading states visual appearance" classname="visual.spec.ts" time="32.101">
<failure message="visual.spec.ts:125:3 loading states visual appearance" type="FAILURE">
<![CDATA[  [Mobile Safari] › visual.spec.ts:125:3 › Visual Regression Tests › loading states visual appearance 

    Test timeout of 30000ms exceeded.

    Error: page.fill: Test timeout of 30000ms exceeded.
    Call log:
      - waiting for locator('input[type="email"]')


      129 |
      130 |     await page.goto('/login');
    > 131 |     await page.fill('input[type="email"]', 'test@example.com');
          |                ^
      132 |     await page.fill('input[type="password"]', 'password123');
      133 |     await page.click('button[type="submit"]');
      134 |     
        at /home/casio699/projects/kits-Aio/Kitsaiobusinessterminal/tests/e2e/visual.spec.ts:131:16

    attachment #1: screenshot (image/png) ──────────────────────────────────────────────────────────
    ../../test-results/visual-Visual-Regression-T-e011f-ng-states-visual-appearance-Mobile-Safari/test-failed-1.png
    ────────────────────────────────────────────────────────────────────────────────────────────────

    attachment #2: video (video/webm) ──────────────────────────────────────────────────────────────
    ../../test-results/visual-Visual-Regression-T-e011f-ng-states-visual-appearance-Mobile-Safari/video.webm
    ────────────────────────────────────────────────────────────────────────────────────────────────

    Error Context: ../../test-results/visual-Visual-Regression-T-e011f-ng-states-visual-appearance-Mobile-Safari/error-context.md
]]>
</failure>
<system-out>
<![CDATA[
[[ATTACHMENT|visual-Visual-Regression-T-e011f-ng-states-visual-appearance-Mobile-Safari/test-failed-1.png]]

[[ATTACHMENT|visual-Visual-Regression-T-e011f-ng-states-visual-appearance-Mobile-Safari/video.webm]]

[[ATTACHMENT|visual-Visual-Regression-T-e011f-ng-states-visual-appearance-Mobile-Safari/error-context.md]]
]]>
</system-out>
</testcase>
<testcase name="Visual Regression Tests › responsive design - mobile" classname="visual.spec.ts" time="1.721">
<failure message="visual.spec.ts:152:3 responsive design - mobile" type="FAILURE">
<![CDATA[  [Mobile Safari] › visual.spec.ts:152:3 › Visual Regression Tests › responsive design - mobile ────

    Error: A snapshot doesn't exist at /home/casio699/projects/kits-Aio/Kitsaiobusinessterminal/tests/e2e/visual.spec.ts-snapshots/mobile-login-Mobile-Safari-linux.png, writing actual.

      148 |     
      149 |     // Take screenshot of mobile login
    > 150 |     await expect(page).toHaveScreenshot('mobile-login.png');
          |     ^
      151 |   });
      152 |
      153 |   test('responsive design - tablet', async ({ page }) => {
        at /home/casio699/projects/kits-Aio/Kitsaiobusinessterminal/tests/e2e/visual.spec.ts:150:5

    attachment #1: mobile-login (image/png) ────────────────────────────────────────────────────────
    Expected: visual.spec.ts-snapshots/mobile-login-Mobile-Safari-linux.png
    Received: ../../test-results/visual-Visual-Regression-Tests-responsive-design---mobile-Mobile-Safari/mobile-login-actual.png
    ────────────────────────────────────────────────────────────────────────────────────────────────

    attachment #2: screenshot (image/png) ──────────────────────────────────────────────────────────
    ../../test-results/visual-Visual-Regression-Tests-responsive-design---mobile-Mobile-Safari/test-failed-1.png
    ────────────────────────────────────────────────────────────────────────────────────────────────

    attachment #3: video (video/webm) ──────────────────────────────────────────────────────────────
    ../../test-results/visual-Visual-Regression-Tests-responsive-design---mobile-Mobile-Safari/video.webm
    ────────────────────────────────────────────────────────────────────────────────────────────────

    Error Context: ../../test-results/visual-Visual-Regression-Tests-responsive-design---mobile-Mobile-Safari/error-context.md
]]>
</failure>
<system-out>
<![CDATA[
[[ATTACHMENT|../tests/e2e/visual.spec.ts-snapshots/mobile-login-Mobile-Safari-linux.png]]

[[ATTACHMENT|visual-Visual-Regression-Tests-responsive-design---mobile-Mobile-Safari/mobile-login-actual.png]]

[[ATTACHMENT|visual-Visual-Regression-Tests-responsive-design---mobile-Mobile-Safari/test-failed-1.png]]

[[ATTACHMENT|visual-Visual-Regression-Tests-responsive-design---mobile-Mobile-Safari/video.webm]]

[[ATTACHMENT|visual-Visual-Regression-Tests-responsive-design---mobile-Mobile-Safari/error-context.md]]
]]>
</system-out>
</testcase>
<testcase name="Visual Regression Tests › responsive design - tablet" classname="visual.spec.ts" time="32.283">
<failure message="visual.spec.ts:166:3 responsive design - tablet" type="FAILURE">
<![CDATA[  [Mobile Safari] › visual.spec.ts:166:3 › Visual Regression Tests › responsive design - tablet ────

    Test timeout of 30000ms exceeded.

    Error: page.fill: Test timeout of 30000ms exceeded.
    Call log:
      - waiting for locator('input[type="email"]')


      157 |     // Login
      158 |     await page.goto('/login');
    > 159 |     await page.fill('input[type="email"]', 'test@example.com');
          |                ^
      160 |     await page.fill('input[type="password"]', 'password123');
      161 |     await page.click('button[type="submit"]');
      162 |     await page.waitForURL('/dashboard');
        at /home/casio699/projects/kits-Aio/Kitsaiobusinessterminal/tests/e2e/visual.spec.ts:159:16

    attachment #1: screenshot (image/png) ──────────────────────────────────────────────────────────
    ../../test-results/visual-Visual-Regression-Tests-responsive-design---tablet-Mobile-Safari/test-failed-1.png
    ────────────────────────────────────────────────────────────────────────────────────────────────

    attachment #2: video (video/webm) ──────────────────────────────────────────────────────────────
    ../../test-results/visual-Visual-Regression-Tests-responsive-design---tablet-Mobile-Safari/video.webm
    ────────────────────────────────────────────────────────────────────────────────────────────────

    Error Context: ../../test-results/visual-Visual-Regression-Tests-responsive-design---tablet-Mobile-Safari/error-context.md
]]>
</failure>
<system-out>
<![CDATA[
[[ATTACHMENT|visual-Visual-Regression-Tests-responsive-design---tablet-Mobile-Safari/test-failed-1.png]]

[[ATTACHMENT|visual-Visual-Regression-Tests-responsive-design---tablet-Mobile-Safari/video.webm]]

[[ATTACHMENT|visual-Visual-Regression-Tests-responsive-design---tablet-Mobile-Safari/error-context.md]]
]]>
</system-out>
</testcase>
</testsuite>
<testsuite name="accessibility.spec.ts" timestamp="2025-12-27T22:32:02.477Z" hostname="chromium-dark" tests="10" failures="10" skipped="0" time="205.416" errors="0">
<testcase name="Accessibility Visual Tests › high contrast mode visual appearance" classname="accessibility.spec.ts" time="1.407">
<failure message="accessibility.spec.ts:12:3 high contrast mode visual appearance" type="FAILURE">
<![CDATA[  [chromium-dark] › accessibility.spec.ts:12:3 › Accessibility Visual Tests › high contrast mode visual appearance 

    Error: A snapshot doesn't exist at /home/casio699/projects/kits-Aio/Kitsaiobusinessterminal/tests/e2e/accessibility.spec.ts-snapshots/high-contrast-login-chromium-dark-linux.png, writing actual.

      15 |     
      16 |     // Take screenshot in high contrast mode
    > 17 |     await expect(page).toHaveScreenshot('high-contrast-login.png');
         |     ^
      18 |   });
      19 |
      20 |   test('reduced motion visual appearance', async ({ page }) => {
        at /home/casio699/projects/kits-Aio/Kitsaiobusinessterminal/tests/e2e/accessibility.spec.ts:17:5

    attachment #1: high-contrast-login (image/png) ─────────────────────────────────────────────────
    Expected: accessibility.spec.ts-snapshots/high-contrast-login-chromium-dark-linux.png
    Received: ../../test-results/accessibility-Accessibilit-6e559-rast-mode-visual-appearance-chromium-dark/high-contrast-login-actual.png
    ────────────────────────────────────────────────────────────────────────────────────────────────

    attachment #2: screenshot (image/png) ──────────────────────────────────────────────────────────
    ../../test-results/accessibility-Accessibilit-6e559-rast-mode-visual-appearance-chromium-dark/test-failed-1.png
    ────────────────────────────────────────────────────────────────────────────────────────────────

    attachment #3: video (video/webm) ──────────────────────────────────────────────────────────────
    ../../test-results/accessibility-Accessibilit-6e559-rast-mode-visual-appearance-chromium-dark/video.webm
    ────────────────────────────────────────────────────────────────────────────────────────────────

    Error Context: ../../test-results/accessibility-Accessibilit-6e559-rast-mode-visual-appearance-chromium-dark/error-context.md
]]>
</failure>
<system-out>
<![CDATA[
[[ATTACHMENT|../tests/e2e/accessibility.spec.ts-snapshots/high-contrast-login-chromium-dark-linux.png]]

[[ATTACHMENT|accessibility-Accessibilit-6e559-rast-mode-visual-appearance-chromium-dark/high-contrast-login-actual.png]]

[[ATTACHMENT|accessibility-Accessibilit-6e559-rast-mode-visual-appearance-chromium-dark/test-failed-1.png]]

[[ATTACHMENT|accessibility-Accessibilit-6e559-rast-mode-visual-appearance-chromium-dark/video.webm]]

[[ATTACHMENT|accessibility-Accessibilit-6e559-rast-mode-visual-appearance-chromium-dark/error-context.md]]
]]>
</system-out>
</testcase>
<testcase name="Accessibility Visual Tests › reduced motion visual appearance" classname="accessibility.spec.ts" time="33.019">
<failure message="accessibility.spec.ts:26:3 reduced motion visual appearance" type="FAILURE">
<![CDATA[  [chromium-dark] › accessibility.spec.ts:26:3 › Accessibility Visual Tests › reduced motion visual appearance 

    Test timeout of 30000ms exceeded.

    Error: page.fill: Test timeout of 30000ms exceeded.
    Call log:
      - waiting for locator('input[type="email"]')


      24 |     // Login
      25 |     await page.goto('/login');
    > 26 |     await page.fill('input[type="email"]', 'test@example.com');
         |                ^
      27 |     await page.fill('input[type="password"]', 'password123');
      28 |     await page.click('button[type="submit"]');
      29 |     await page.waitForURL('/dashboard');
        at /home/casio699/projects/kits-Aio/Kitsaiobusinessterminal/tests/e2e/accessibility.spec.ts:26:16

    attachment #1: screenshot (image/png) ──────────────────────────────────────────────────────────
    ../../test-results/accessibility-Accessibilit-b626d-ed-motion-visual-appearance-chromium-dark/test-failed-1.png
    ────────────────────────────────────────────────────────────────────────────────────────────────

    attachment #2: video (video/webm) ──────────────────────────────────────────────────────────────
    ../../test-results/accessibility-Accessibilit-b626d-ed-motion-visual-appearance-chromium-dark/video.webm
    ────────────────────────────────────────────────────────────────────────────────────────────────

    Error Context: ../../test-results/accessibility-Accessibilit-b626d-ed-motion-visual-appearance-chromium-dark/error-context.md
]]>
</failure>
<system-out>
<![CDATA[
[[ATTACHMENT|accessibility-Accessibilit-b626d-ed-motion-visual-appearance-chromium-dark/test-failed-1.png]]

[[ATTACHMENT|accessibility-Accessibilit-b626d-ed-motion-visual-appearance-chromium-dark/video.webm]]

[[ATTACHMENT|accessibility-Accessibilit-b626d-ed-motion-visual-appearance-chromium-dark/error-context.md]]
]]>
</system-out>
</testcase>
<testcase name="Accessibility Visual Tests › keyboard navigation focus states" classname="accessibility.spec.ts" time="2.236">
<failure message="accessibility.spec.ts:45:3 keyboard navigation focus states" type="FAILURE">
<![CDATA[  [chromium-dark] › accessibility.spec.ts:45:3 › Accessibility Visual Tests › keyboard navigation focus states 

    Error: A snapshot doesn't exist at /home/casio699/projects/kits-Aio/Kitsaiobusinessterminal/tests/e2e/accessibility.spec.ts-snapshots/focus-email-input-chromium-dark-linux.png, writing actual.

      40 |     await page.keyboard.press('Tab');
      41 |     await page.waitForTimeout(100);
    > 42 |     await expect(page).toHaveScreenshot('focus-email-input.png');
         |     ^
      43 |     
      44 |     await page.keyboard.press('Tab');
      45 |     await page.waitForTimeout(100);
        at /home/casio699/projects/kits-Aio/Kitsaiobusinessterminal/tests/e2e/accessibility.spec.ts:42:5

    Error: A snapshot doesn't exist at /home/casio699/projects/kits-Aio/Kitsaiobusinessterminal/tests/e2e/accessibility.spec.ts-snapshots/focus-password-input-chromium-dark-linux.png, writing actual.

      44 |     await page.keyboard.press('Tab');
      45 |     await page.waitForTimeout(100);
    > 46 |     await expect(page).toHaveScreenshot('focus-password-input.png');
         |     ^
      47 |     
      48 |     await page.keyboard.press('Tab');
      49 |     await page.waitForTimeout(100);
        at /home/casio699/projects/kits-Aio/Kitsaiobusinessterminal/tests/e2e/accessibility.spec.ts:46:5

    Error: A snapshot doesn't exist at /home/casio699/projects/kits-Aio/Kitsaiobusinessterminal/tests/e2e/accessibility.spec.ts-snapshots/focus-submit-button-chromium-dark-linux.png, writing actual.

      48 |     await page.keyboard.press('Tab');
      49 |     await page.waitForTimeout(100);
    > 50 |     await expect(page).toHaveScreenshot('focus-submit-button.png');
         |     ^
      51 |   });
      52 |
      53 |   test('screen reader friendly structure', async ({ page }) => {
        at /home/casio699/projects/kits-Aio/Kitsaiobusinessterminal/tests/e2e/accessibility.spec.ts:50:5

    attachment #1: focus-email-input (image/png) ───────────────────────────────────────────────────
    Expected: accessibility.spec.ts-snapshots/focus-email-input-chromium-dark-linux.png
    Received: ../../test-results/accessibility-Accessibilit-9a7b5-ard-navigation-focus-states-chromium-dark/focus-email-input-actual.png
    ────────────────────────────────────────────────────────────────────────────────────────────────

    attachment #2: focus-password-input (image/png) ────────────────────────────────────────────────
    Expected: accessibility.spec.ts-snapshots/focus-password-input-chromium-dark-linux.png
    Received: ../../test-results/accessibility-Accessibilit-9a7b5-ard-navigation-focus-states-chromium-dark/focus-password-input-actual.png
    ────────────────────────────────────────────────────────────────────────────────────────────────

    attachment #3: focus-submit-button (image/png) ─────────────────────────────────────────────────
    Expected: accessibility.spec.ts-snapshots/focus-submit-button-chromium-dark-linux.png
    Received: ../../test-results/accessibility-Accessibilit-9a7b5-ard-navigation-focus-states-chromium-dark/focus-submit-button-actual.png
    ────────────────────────────────────────────────────────────────────────────────────────────────

    attachment #4: screenshot (image/png) ──────────────────────────────────────────────────────────
    ../../test-results/accessibility-Accessibilit-9a7b5-ard-navigation-focus-states-chromium-dark/test-failed-1.png
    ────────────────────────────────────────────────────────────────────────────────────────────────

    attachment #5: video (video/webm) ──────────────────────────────────────────────────────────────
    ../../test-results/accessibility-Accessibilit-9a7b5-ard-navigation-focus-states-chromium-dark/video.webm
    ────────────────────────────────────────────────────────────────────────────────────────────────

    Error Context: ../../test-results/accessibility-Accessibilit-9a7b5-ard-navigation-focus-states-chromium-dark/error-context.md
]]>
</failure>
<system-out>
<![CDATA[
[[ATTACHMENT|../tests/e2e/accessibility.spec.ts-snapshots/focus-email-input-chromium-dark-linux.png]]

[[ATTACHMENT|accessibility-Accessibilit-9a7b5-ard-navigation-focus-states-chromium-dark/focus-email-input-actual.png]]

[[ATTACHMENT|../tests/e2e/accessibility.spec.ts-snapshots/focus-password-input-chromium-dark-linux.png]]

[[ATTACHMENT|accessibility-Accessibilit-9a7b5-ard-navigation-focus-states-chromium-dark/focus-password-input-actual.png]]

[[ATTACHMENT|../tests/e2e/accessibility.spec.ts-snapshots/focus-submit-button-chromium-dark-linux.png]]

[[ATTACHMENT|accessibility-Accessibilit-9a7b5-ard-navigation-focus-states-chromium-dark/focus-submit-button-actual.png]]

[[ATTACHMENT|accessibility-Accessibilit-9a7b5-ard-navigation-focus-states-chromium-dark/test-failed-1.png]]

[[ATTACHMENT|accessibility-Accessibilit-9a7b5-ard-navigation-focus-states-chromium-dark/video.webm]]

[[ATTACHMENT|accessibility-Accessibilit-9a7b5-ard-navigation-focus-states-chromium-dark/error-context.md]]
]]>
</system-out>
</testcase>
<testcase name="Accessibility Visual Tests › screen reader friendly structure" classname="accessibility.spec.ts" time="32.993">
<failure message="accessibility.spec.ts:61:3 screen reader friendly structure" type="FAILURE">
<![CDATA[  [chromium-dark] › accessibility.spec.ts:61:3 › Accessibility Visual Tests › screen reader friendly structure 

    Test timeout of 30000ms exceeded.

    Error: page.fill: Test timeout of 30000ms exceeded.
    Call log:
      - waiting for locator('input[type="email"]')


      54 |     // Login
      55 |     await page.goto('/login');
    > 56 |     await page.fill('input[type="email"]', 'test@example.com');
         |                ^
      57 |     await page.fill('input[type="password"]', 'password123');
      58 |     await page.click('button[type="submit"]');
      59 |     await page.waitForURL('/dashboard');
        at /home/casio699/projects/kits-Aio/Kitsaiobusinessterminal/tests/e2e/accessibility.spec.ts:56:16

    attachment #1: screenshot (image/png) ──────────────────────────────────────────────────────────
    ../../test-results/accessibility-Accessibilit-2d679-n-reader-friendly-structure-chromium-dark/test-failed-1.png
    ────────────────────────────────────────────────────────────────────────────────────────────────

    attachment #2: video (video/webm) ──────────────────────────────────────────────────────────────
    ../../test-results/accessibility-Accessibilit-2d679-n-reader-friendly-structure-chromium-dark/video.webm
    ────────────────────────────────────────────────────────────────────────────────────────────────

    Error Context: ../../test-results/accessibility-Accessibilit-2d679-n-reader-friendly-structure-chromium-dark/error-context.md
]]>
</failure>
<system-out>
<![CDATA[
[[ATTACHMENT|accessibility-Accessibilit-2d679-n-reader-friendly-structure-chromium-dark/test-failed-1.png]]

[[ATTACHMENT|accessibility-Accessibilit-2d679-n-reader-friendly-structure-chromium-dark/video.webm]]

[[ATTACHMENT|accessibility-Accessibilit-2d679-n-reader-friendly-structure-chromium-dark/error-context.md]]
]]>
</system-out>
</testcase>
<testcase name="Accessibility Visual Tests › color contrast compliance" classname="accessibility.spec.ts" time="1.411">
<failure message="accessibility.spec.ts:79:3 color contrast compliance" type="FAILURE">
<![CDATA[  [chromium-dark] › accessibility.spec.ts:79:3 › Accessibility Visual Tests › color contrast compliance 

    Error: A snapshot doesn't exist at /home/casio699/projects/kits-Aio/Kitsaiobusinessterminal/tests/e2e/accessibility.spec.ts-snapshots/color-contrast-login-chromium-dark-linux.png, writing actual.

      73 |     
      74 |     // Take screenshot for color contrast analysis
    > 75 |     await expect(page).toHaveScreenshot('color-contrast-login.png');
         |     ^
      76 |     
      77 |     // Check for proper contrast ratios (would need additional tools for automated testing)
      78 |     const textElements = page.locator('button, input, label, a, h1, h2, h3, p, span');
        at /home/casio699/projects/kits-Aio/Kitsaiobusinessterminal/tests/e2e/accessibility.spec.ts:75:5

    attachment #1: color-contrast-login (image/png) ────────────────────────────────────────────────
    Expected: accessibility.spec.ts-snapshots/color-contrast-login-chromium-dark-linux.png
    Received: ../../test-results/accessibility-Accessibilit-76076-s-color-contrast-compliance-chromium-dark/color-contrast-login-actual.png
    ────────────────────────────────────────────────────────────────────────────────────────────────

    attachment #2: screenshot (image/png) ──────────────────────────────────────────────────────────
    ../../test-results/accessibility-Accessibilit-76076-s-color-contrast-compliance-chromium-dark/test-failed-1.png
    ────────────────────────────────────────────────────────────────────────────────────────────────

    attachment #3: video (video/webm) ──────────────────────────────────────────────────────────────
    ../../test-results/accessibility-Accessibilit-76076-s-color-contrast-compliance-chromium-dark/video.webm
    ────────────────────────────────────────────────────────────────────────────────────────────────

    Error Context: ../../test-results/accessibility-Accessibilit-76076-s-color-contrast-compliance-chromium-dark/error-context.md
]]>
</failure>
<system-out>
<![CDATA[
[[ATTACHMENT|../tests/e2e/accessibility.spec.ts-snapshots/color-contrast-login-chromium-dark-linux.png]]

[[ATTACHMENT|accessibility-Accessibilit-76076-s-color-contrast-compliance-chromium-dark/color-contrast-login-actual.png]]

[[ATTACHMENT|accessibility-Accessibilit-76076-s-color-contrast-compliance-chromium-dark/test-failed-1.png]]

[[ATTACHMENT|accessibility-Accessibilit-76076-s-color-contrast-compliance-chromium-dark/video.webm]]

[[ATTACHMENT|accessibility-Accessibilit-76076-s-color-contrast-compliance-chromium-dark/error-context.md]]
]]>
</system-out>
</testcase>
<testcase name="Accessibility Visual Tests › accessible form labels" classname="accessibility.spec.ts" time="1.324">
<failure message="accessibility.spec.ts:93:3 accessible form labels" type="FAILURE">
<![CDATA[  [chromium-dark] › accessibility.spec.ts:93:3 › Accessibility Visual Tests › accessible form labels 

    Error: A snapshot doesn't exist at /home/casio699/projects/kits-Aio/Kitsaiobusinessterminal/tests/e2e/accessibility.spec.ts-snapshots/accessible-form-chromium-dark-linux.png, writing actual.

       97 |     
       98 |     // Take screenshot of accessible form
    >  99 |     await expect(page).toHaveScreenshot('accessible-form.png');
          |     ^
      100 |   });
      101 |
      102 |   test('ARIA landmarks and roles', async ({ page }) => {
        at /home/casio699/projects/kits-Aio/Kitsaiobusinessterminal/tests/e2e/accessibility.spec.ts:99:5

    attachment #1: accessible-form (image/png) ─────────────────────────────────────────────────────
    Expected: accessibility.spec.ts-snapshots/accessible-form-chromium-dark-linux.png
    Received: ../../test-results/accessibility-Accessibilit-0ba92-ests-accessible-form-labels-chromium-dark/accessible-form-actual.png
    ────────────────────────────────────────────────────────────────────────────────────────────────

    attachment #2: screenshot (image/png) ──────────────────────────────────────────────────────────
    ../../test-results/accessibility-Accessibilit-0ba92-ests-accessible-form-labels-chromium-dark/test-failed-1.png
    ────────────────────────────────────────────────────────────────────────────────────────────────

    attachment #3: video (video/webm) ──────────────────────────────────────────────────────────────
    ../../test-results/accessibility-Accessibilit-0ba92-ests-accessible-form-labels-chromium-dark/video.webm
    ────────────────────────────────────────────────────────────────────────────────────────────────

    Error Context: ../../test-results/accessibility-Accessibilit-0ba92-ests-accessible-form-labels-chromium-dark/error-context.md
]]>
</failure>
<system-out>
<![CDATA[
[[ATTACHMENT|../tests/e2e/accessibility.spec.ts-snapshots/accessible-form-chromium-dark-linux.png]]

[[ATTACHMENT|accessibility-Accessibilit-0ba92-ests-accessible-form-labels-chromium-dark/accessible-form-actual.png]]

[[ATTACHMENT|accessibility-Accessibilit-0ba92-ests-accessible-form-labels-chromium-dark/test-failed-1.png]]

[[ATTACHMENT|accessibility-Accessibilit-0ba92-ests-accessible-form-labels-chromium-dark/video.webm]]

[[ATTACHMENT|accessibility-Accessibilit-0ba92-ests-accessible-form-labels-chromium-dark/error-context.md]]
]]>
</system-out>
</testcase>
<testcase name="Accessibility Visual Tests › ARIA landmarks and roles" classname="accessibility.spec.ts" time="33.448">
<failure message="accessibility.spec.ts:112:3 ARIA landmarks and roles" type="FAILURE">
<![CDATA[  [chromium-dark] › accessibility.spec.ts:112:3 › Accessibility Visual Tests › ARIA landmarks and roles 

    Test timeout of 30000ms exceeded.

    Error: page.fill: Test timeout of 30000ms exceeded.
    Call log:
      - waiting for locator('input[type="email"]')


      103 |     // Login
      104 |     await page.goto('/login');
    > 105 |     await page.fill('input[type="email"]', 'test@example.com');
          |                ^
      106 |     await page.fill('input[type="password"]', 'password123');
      107 |     await page.click('button[type="submit"]');
      108 |     await page.waitForURL('/dashboard');
        at /home/casio699/projects/kits-Aio/Kitsaiobusinessterminal/tests/e2e/accessibility.spec.ts:105:16

    attachment #1: screenshot (image/png) ──────────────────────────────────────────────────────────
    ../../test-results/accessibility-Accessibilit-00060-ts-ARIA-landmarks-and-roles-chromium-dark/test-failed-1.png
    ────────────────────────────────────────────────────────────────────────────────────────────────

    attachment #2: video (video/webm) ──────────────────────────────────────────────────────────────
    ../../test-results/accessibility-Accessibilit-00060-ts-ARIA-landmarks-and-roles-chromium-dark/video.webm
    ────────────────────────────────────────────────────────────────────────────────────────────────

    Error Context: ../../test-results/accessibility-Accessibilit-00060-ts-ARIA-landmarks-and-roles-chromium-dark/error-context.md
]]>
</failure>
<system-out>
<![CDATA[
[[ATTACHMENT|accessibility-Accessibilit-00060-ts-ARIA-landmarks-and-roles-chromium-dark/test-failed-1.png]]

[[ATTACHMENT|accessibility-Accessibilit-00060-ts-ARIA-landmarks-and-roles-chromium-dark/video.webm]]

[[ATTACHMENT|accessibility-Accessibilit-00060-ts-ARIA-landmarks-and-roles-chromium-dark/error-context.md]]
]]>
</system-out>
</testcase>
<testcase name="Accessibility Visual Tests › accessible navigation" classname="accessibility.spec.ts" time="33.615">
<failure message="accessibility.spec.ts:132:3 accessible navigation" type="FAILURE">
<![CDATA[  [chromium-dark] › accessibility.spec.ts:132:3 › Accessibility Visual Tests › accessible navigation 

    Test timeout of 30000ms exceeded.

    Error: page.fill: Test timeout of 30000ms exceeded.
    Call log:
      - waiting for locator('input[type="email"]')


      123 |     // Login
      124 |     await page.goto('/login');
    > 125 |     await page.fill('input[type="email"]', 'test@example.com');
          |                ^
      126 |     await page.fill('input[type="password"]', 'password123');
      127 |     await page.click('button[type="submit"]');
      128 |     await page.waitForURL('/dashboard');
        at /home/casio699/projects/kits-Aio/Kitsaiobusinessterminal/tests/e2e/accessibility.spec.ts:125:16

    attachment #1: screenshot (image/png) ──────────────────────────────────────────────────────────
    ../../test-results/accessibility-Accessibilit-d782d-Tests-accessible-navigation-chromium-dark/test-failed-1.png
    ────────────────────────────────────────────────────────────────────────────────────────────────

    attachment #2: video (video/webm) ──────────────────────────────────────────────────────────────
    ../../test-results/accessibility-Accessibilit-d782d-Tests-accessible-navigation-chromium-dark/video.webm
    ────────────────────────────────────────────────────────────────────────────────────────────────

    Error Context: ../../test-results/accessibility-Accessibilit-d782d-Tests-accessible-navigation-chromium-dark/error-context.md
]]>
</failure>
<system-out>
<![CDATA[
[[ATTACHMENT|accessibility-Accessibilit-d782d-Tests-accessible-navigation-chromium-dark/test-failed-1.png]]

[[ATTACHMENT|accessibility-Accessibilit-d782d-Tests-accessible-navigation-chromium-dark/video.webm]]

[[ATTACHMENT|accessibility-Accessibilit-d782d-Tests-accessible-navigation-chromium-dark/error-context.md]]
]]>
</system-out>
</testcase>
<testcase name="Accessibility Visual Tests › accessible data tables" classname="accessibility.spec.ts" time="33.311">
<failure message="accessibility.spec.ts:150:3 accessible data tables" type="FAILURE">
<![CDATA[  [chromium-dark] › accessibility.spec.ts:150:3 › Accessibility Visual Tests › accessible data tables 

    Test timeout of 30000ms exceeded.

    Error: page.fill: Test timeout of 30000ms exceeded.
    Call log:
      - waiting for locator('input[type="email"]')


      140 |     // Login and navigate to products
      141 |     await page.goto('/login');
    > 142 |     await page.fill('input[type="email"]', 'test@example.com');
          |                ^
      143 |     await page.fill('input[type="password"]', 'password123');
      144 |     await page.click('button[type="submit"]');
      145 |     await page.waitForURL('/dashboard');
        at /home/casio699/projects/kits-Aio/Kitsaiobusinessterminal/tests/e2e/accessibility.spec.ts:142:16

    attachment #1: screenshot (image/png) ──────────────────────────────────────────────────────────
    ../../test-results/accessibility-Accessibilit-d6a05-ests-accessible-data-tables-chromium-dark/test-failed-1.png
    ────────────────────────────────────────────────────────────────────────────────────────────────

    attachment #2: video (video/webm) ──────────────────────────────────────────────────────────────
    ../../test-results/accessibility-Accessibilit-d6a05-ests-accessible-data-tables-chromium-dark/video.webm
    ────────────────────────────────────────────────────────────────────────────────────────────────

    Error Context: ../../test-results/accessibility-Accessibilit-d6a05-ests-accessible-data-tables-chromium-dark/error-context.md
]]>
</failure>
<system-out>
<![CDATA[
[[ATTACHMENT|accessibility-Accessibilit-d6a05-ests-accessible-data-tables-chromium-dark/test-failed-1.png]]

[[ATTACHMENT|accessibility-Accessibilit-d6a05-ests-accessible-data-tables-chromium-dark/video.webm]]

[[ATTACHMENT|accessibility-Accessibilit-d6a05-ests-accessible-data-tables-chromium-dark/error-context.md]]
]]>
</system-out>
</testcase>
<testcase name="Accessibility Visual Tests › accessible error messages" classname="accessibility.spec.ts" time="32.652">
<failure message="accessibility.spec.ts:178:3 accessible error messages" type="FAILURE">
<![CDATA[  [chromium-dark] › accessibility.spec.ts:178:3 › Accessibility Visual Tests › accessible error messages 

    Test timeout of 30000ms exceeded.

    Error: page.fill: Test timeout of 30000ms exceeded.
    Call log:
      - waiting for locator('input[type="email"]')


      169 |     
      170 |     // Trigger error
    > 171 |     await page.fill('input[type="email"]', 'invalid@example.com');
          |                ^
      172 |     await page.fill('input[type="password"]', 'wrongpassword');
      173 |     await page.click('button[type="submit"]');
      174 |     
        at /home/casio699/projects/kits-Aio/Kitsaiobusinessterminal/tests/e2e/accessibility.spec.ts:171:16

    attachment #1: screenshot (image/png) ──────────────────────────────────────────────────────────
    ../../test-results/accessibility-Accessibilit-e890a-s-accessible-error-messages-chromium-dark/test-failed-1.png
    ────────────────────────────────────────────────────────────────────────────────────────────────

    attachment #2: video (video/webm) ──────────────────────────────────────────────────────────────
    ../../test-results/accessibility-Accessibilit-e890a-s-accessible-error-messages-chromium-dark/video.webm
    ────────────────────────────────────────────────────────────────────────────────────────────────

    Error Context: ../../test-results/accessibility-Accessibilit-e890a-s-accessible-error-messages-chromium-dark/error-context.md
]]>
</failure>
<system-out>
<![CDATA[
[[ATTACHMENT|accessibility-Accessibilit-e890a-s-accessible-error-messages-chromium-dark/test-failed-1.png]]

[[ATTACHMENT|accessibility-Accessibilit-e890a-s-accessible-error-messages-chromium-dark/video.webm]]

[[ATTACHMENT|accessibility-Accessibilit-e890a-s-accessible-error-messages-chromium-dark/error-context.md]]
]]>
</system-out>
</testcase>
</testsuite>
</testsuites>